Component: Arm Compiler for Embedded 6.19 Tool: armlink [5e73cb00]

==============================================================================

Section Cross References

    main.o(.text.__cxx_global_var_init) refers to main.o(.bss._ZL9dtask_obj) for dtask_obj
    main.o(.text.__cxx_global_var_init) refers to main.o(.rodata.str1.1) for .L.str
    main.o(.text.__cxx_global_var_init) refers to main.o(.text._ZN5dtaskCI2N2os4taskIS_Lj80ELNS0_8priorityE3EEEEPKc) for dtask::dtask__sub_object(char const*)
    main.o(.text.__cxx_global_var_init) refers to main.o(.text.__cxx_global_array_dtor) for __cxx_global_array_dtor
    main.o(.text.__cxx_global_var_init) refers to cxa_atexit.o(.text) for __cxa_atexit
    main.o(.ARM.exidx.text.__cxx_global_var_init) refers to main.o(.text.__cxx_global_var_init) for [Anonymous Symbol]
    main.o(.text.__cxx_global_array_dtor) refers to main.o(.bss._ZL9dtask_obj) for dtask_obj
    main.o(.text.__cxx_global_array_dtor) refers to main.o(.text._ZN5dtaskD2Ev) for dtask::~dtask__sub_object()
    main.o(.ARM.exidx.text.__cxx_global_array_dtor) refers to main.o(.text.__cxx_global_array_dtor) for [Anonymous Symbol]
    main.o(.text.__cxx_global_var_init.2) refers to main.o(.bss._ZL8task_obj) for task_obj
    main.o(.text.__cxx_global_var_init.2) refers to main.o(.rodata.str1.1) for .L.str.3
    main.o(.text.__cxx_global_var_init.2) refers to main.o(.text._ZN4taskCI2N2os4taskIS_Lj168ELNS0_8priorityE2EEEEPKc) for task::task__sub_object(char const*)
    main.o(.text.__cxx_global_var_init.2) refers to main.o(.text._ZN4taskD2Ev) for task::~task__sub_object()
    main.o(.text.__cxx_global_var_init.2) refers to cxa_atexit.o(.text) for __cxa_atexit
    main.o(.ARM.exidx.text.__cxx_global_var_init.2) refers to main.o(.text.__cxx_global_var_init.2) for [Anonymous Symbol]
    main.o(.text.main) refers to main.o(.rodata.str1.1) for .L.str.4
    main.o(.text.main) refers to printf.o(.text) for printf
    main.o(.text.main) refers to main.o(.bss._ZGVZ4mainE4krnl) for guard variable for main::krnl
    main.o(.text.main) refers to cxa_guard.cpp.o(.text.unlikely.__cxa_guard_acquire) for __cxa_guard_acquire
    main.o(.text.main) refers to bsp.o(.rodata._ZN3csp9stack_ptrE) for csp::stack_ptr
    main.o(.text.main) refers to bsp.o(.bss._ZN3csp10stack_sizeE) for csp::stack_size
    main.o(.text.main) refers to main.o(.bss._ZZ4mainE4krnl) for main::krnl
    main.o(.text.main) refers to main.o(.text._ZN6kernelCI2N2os6kernelIS_Lj80EEEEPjj) for kernel::kernel__sub_object(unsigned int*, unsigned int)
    main.o(.text.main) refers to main.o(.text._ZN6kernelD2Ev) for kernel::~kernel__sub_object()
    main.o(.text.main) refers to cxa_atexit.o(.text) for __cxa_atexit
    main.o(.text.main) refers to cxa_guard.cpp.o(.text.unlikely.__cxa_guard_release) for __cxa_guard_release
    main.o(.ARM.exidx.text.main) refers to main.o(.text.main) for [Anonymous Symbol]
    main.o(.text._GLOBAL__sub_I_main.cpp) refers to main.o(.text.__cxx_global_var_init) for __cxx_global_var_init
    main.o(.text._GLOBAL__sub_I_main.cpp) refers to main.o(.text.__cxx_global_var_init.2) for __cxx_global_var_init.2
    main.o(.ARM.exidx.text._GLOBAL__sub_I_main.cpp) refers to main.o(.text._GLOBAL__sub_I_main.cpp) for [Anonymous Symbol]
    main.o(.init_array) refers to main.o(.text._GLOBAL__sub_I_main.cpp) for _GLOBAL__sub_I_main.cpp
    bsp.o(.text.__cxx_global_var_init) refers to bsp.o(.bss._ZN3csp10stack_sizeE) for csp::stack_size
    bsp.o(.ARM.exidx.text.__cxx_global_var_init) refers to bsp.o(.text.__cxx_global_var_init) for [Anonymous Symbol]
    bsp.o(.text._ZN3csp4tickC2EjPFvvE) refers to bsp.o(.data._ZN3csp4tick6handleE) for csp::tick::handle
    bsp.o(.text._ZN3csp4tickC2EjPFvvE) refers to bsp.o(.text._ZL14SysTick_Configj) for SysTick_Config(unsigned int)
    bsp.o(.ARM.exidx.text._ZN3csp4tickC2EjPFvvE) refers to bsp.o(.text._ZN3csp4tickC2EjPFvvE) for [Anonymous Symbol]
    bsp.o(.text._ZL14SysTick_Configj) refers to bsp.o(.text._ZL18__NVIC_SetPriority9IRQn_Typej) for __NVIC_SetPriority(IRQn_Type, unsigned int)
    bsp.o(.ARM.exidx.text._ZL14SysTick_Configj) refers to bsp.o(.text._ZL14SysTick_Configj) for [Anonymous Symbol]
    bsp.o(.ARM.exidx.text._ZN3csp4tickC2Ev) refers to bsp.o(.text._ZN3csp4tickC2Ev) for [Anonymous Symbol]
    bsp.o(.text._ZN3csp4tick4initEjPFvvE) refers to bsp.o(.bss._ZGVZN3csp4tick4initEjPFvvEE8instance) for guard variable for csp::tick::init(unsigned int, void (*)())::instance
    bsp.o(.text._ZN3csp4tick4initEjPFvvE) refers to cxa_guard.cpp.o(.text.unlikely.__cxa_guard_acquire) for __cxa_guard_acquire
    bsp.o(.text._ZN3csp4tick4initEjPFvvE) refers to bsp.o(.bss._ZZN3csp4tick4initEjPFvvEE8instance) for csp::tick::init(unsigned int, void (*)())::instance
    bsp.o(.text._ZN3csp4tick4initEjPFvvE) refers to bsp.o(.text._ZN3csp4tickC2EjPFvvE) for csp::tick::tick(unsigned int, void (*)())
[...]
    __rt_lib_init_stdio_2                    0x080002c3   Thumb Code     0  libinit2.o(.ARM.Collect$$libinit$$00000026)
    __rt_lib_init_alloca_1                   0x080002c7   Thumb Code     0  libinit2.o(.ARM.Collect$$libinit$$00000030)
    __rt_lib_init_argv_1                     0x080002c7   Thumb Code     0  libinit2.o(.ARM.Collect$$libinit$$0000002E)
    __rt_lib_init_cpp_2                      0x080002c7   Thumb Code     0  libinit2.o(.ARM.Collect$$libinit$$00000033)
    __rt_lib_init_exceptions_1               0x080002c7   Thumb Code     0  libinit2.o(.ARM.Collect$$libinit$$00000032)
    __rt_lib_init_stdio_1                    0x080002c7   Thumb Code     0  libinit2.o(.ARM.Collect$$libinit$$00000027)
    __rt_lib_init_cpp_1                      0x080002cb   Thumb Code     0  libinit2.o(.ARM.Collect$$libinit$$00000034)
    __rt_lib_init_return                     0x080002cb   Thumb Code     0  libinit2.o(.ARM.Collect$$libinit$$00000035)
    __rt_lib_shutdown                        0x080002cd   Thumb Code     0  libshutdown.o(.ARM.Collect$$libshutdown$$00000000)
    __rt_lib_shutdown_cpp_2                  0x080002cf   Thumb Code     0  libshutdown2.o(.ARM.Collect$$libshutdown$$00000001)
    __rt_lib_shutdown_cpp_1                  0x080002d5   Thumb Code     0  libshutdown2.o(.ARM.Collect$$libshutdown$$00000002)
    __rt_lib_shutdown_stdio_2                0x080002d5   Thumb Code     0  libshutdown2.o(.ARM.Collect$$libshutdown$$00000003)
    __rt_lib_shutdown_fp_trap_1              0x080002d9   Thumb Code     0  libshutdown2.o(.ARM.Collect$$libshutdown$$00000007)
    __rt_lib_shutdown_heap_1                 0x080002d9   Thumb Code     0  libshutdown2.o(.ARM.Collect$$libshutdown$$0000000F)
    __rt_lib_shutdown_return                 0x080002d9   Thumb Code     0  libshutdown2.o(.ARM.Collect$$libshutdown$$00000010)
    __rt_lib_shutdown_signal_1               0x080002d9   Thumb Code     0  libshutdown2.o(.ARM.Collect$$libshutdown$$0000000A)
    __rt_lib_shutdown_stdio_1                0x080002d9   Thumb Code     0  libshutdown2.o(.ARM.Collect$$libshutdown$$00000004)
    __rt_lib_shutdown_user_alloc_1           0x080002d9   Thumb Code     0  libshutdown2.o(.ARM.Collect$$libshutdown$$0000000C)
    __rt_entry                               0x080002db   Thumb Code     0  __rtentry.o(.ARM.Collect$$rtentry$$00000000)
    __rt_entry_presh_1                       0x080002db   Thumb Code     0  __rtentry2.o(.ARM.Collect$$rtentry$$00000002)
    __rt_entry_sh                            0x080002db   Thumb Code     0  __rtentry4.o(.ARM.Collect$$rtentry$$00000004)
    __rt_entry_li                            0x080002e1   Thumb Code     0  __rtentry2.o(.ARM.Collect$$rtentry$$0000000A)
    __rt_entry_postsh_1                      0x080002e1   Thumb Code     0  __rtentry2.o(.ARM.Collect$$rtentry$$00000009)
    __rt_entry_main                          0x080002e5   Thumb Code     0  __rtentry2.o(.ARM.Collect$$rtentry$$0000000D)
    __rt_entry_postli_1                      0x080002e5   Thumb Code     0  __rtentry2.o(.ARM.Collect$$rtentry$$0000000C)
    __rt_exit                                0x080002ed   Thumb Code     0  rtexit.o(.ARM.Collect$$rtexit$$00000000)
    __rt_exit_ls                             0x080002ef   Thumb Code     0  rtexit2.o(.ARM.Collect$$rtexit$$00000003)
    __rt_exit_prels_1                        0x080002ef   Thumb Code     0  rtexit2.o(.ARM.Collect$$rtexit$$00000002)
    __rt_exit_exit                           0x080002f3   Thumb Code     0  rtexit2.o(.ARM.Collect$$rtexit$$00000004)
    ffs_asm                                  0x080002f9   Thumb Code     0  tn_arch_cortex_m.o(.text)
    PendSV_Handler                           0x08000309   Thumb Code     0  tn_arch_cortex_m.o(.text)
    _tn_arch_sys_start                       0x08000333   Thumb Code     0  tn_arch_cortex_m.o(.text)
    _tn_arch_context_switch_now_nosave       0x0800036d   Thumb Code     0  tn_arch_cortex_m.o(.text)
    SVC_Handler                              0x08000371   Thumb Code     0  tn_arch_cortex_m.o(.text)
    tn_arch_int_dis                          0x08000385   Thumb Code     0  tn_arch_cortex_m.o(.text)
    tn_arch_int_en                           0x08000389   Thumb Code     0  tn_arch_cortex_m.o(.text)
    tn_arch_sr_save_int_dis                  0x0800038d   Thumb Code     0  tn_arch_cortex_m.o(.text)
    tn_arch_sr_restore                       0x08000395   Thumb Code     0  tn_arch_cortex_m.o(.text)
    _tn_arch_is_int_disabled                 0x0800039b   Thumb Code     0  tn_arch_cortex_m.o(.text)
    _tn_arch_inside_isr                      0x080003a1   Thumb Code     0  tn_arch_cortex_m.o(.text)
    _tn_arch_context_switch_pend             0x080003b1   Thumb Code     0  tn_arch_cortex_m.o(.text)
    tn_arch_sched_dis_save                   0x080003bb   Thumb Code     0  tn_arch_cortex_m.o(.text)
    tn_arch_sched_restore                    0x080003cd   Thumb Code     0  tn_arch_cortex_m.o(.text)
    Reset_Handler                            0x080003e9   Thumb Code     8  startup_stm32f411xe.o(.text)
    NMI_Handler                              0x080003f1   Thumb Code     2  startup_stm32f411xe.o(.text)
    HardFault_Handler                        0x080003f3   Thumb Code     2  startup_stm32f411xe.o(.text)
    MemManage_Handler                        0x080003f5   Thumb Code     2  startup_stm32f411xe.o(.text)
    BusFault_Handler                         0x080003f7   Thumb Code     2  startup_stm32f411xe.o(.text)
    UsageFault_Handler                       0x080003f9   Thumb Code     2  startup_stm32f411xe.o(.text)
    DebugMon_Handler                         0x080003fd   Thumb Code     2  startup_stm32f411xe.o(.text)
    ADC_IRQHandler                           0x08000403   Thumb Code     0  startup_stm32f411xe.o(.text)
    DMA1_Stream0_IRQHandler                  0x08000403   Thumb Code     0  startup_stm32f411xe.o(.text)
    DMA1_Stream1_IRQHandler                  0x08000403   Thumb Code     0  startup_stm32f411xe.o(.text)
    DMA1_Stream2_IRQHandler                  0x08000403   Thumb Code     0  startup_stm32f411xe.o(.text)
    DMA1_Stream3_IRQHandler                  0x08000403   Thumb Code     0  startup_stm32f411xe.o(.text)
    DMA1_Stream4_IRQHandler                  0x08000403   Thumb Code     0  startup_stm32f411xe.o(.text)
    DMA1_Stream5_IRQHandler                  0x08000403   Thumb Code     0  startup_stm32f411xe.o(.text)
    DMA1_Stream6_IRQHandler                  0x08000403   Thumb Code     0  startup_stm32f411xe.o(.text)
    DMA1_Stream7_IRQHandler                  0x08000403   Thumb Code     0  startup_stm32f411xe.o(.text)
    DMA2_Stream0_IRQHandler                  0x08000403   Thumb Code     0  startup_stm32f411xe.o(.text)
    DMA2_Stream1_IRQHandler                  0x08000403   Thumb Code     0  startup_stm32f411xe.o(.text)
    DMA2_Stream2_IRQHandler                  0x08000403   Thumb Code     0  startup_stm32f411xe.o(.text)
    DMA2_Stream3_IRQHandler                  0x08000403   Thumb Code     0  startup_stm32f411xe.o(.text)
    DMA2_Stream4_IRQHandler                  0x08000403   Thumb Code     0  startup_stm32f411xe.o(.text)
    DMA2_Stream5_IRQHandler                  0x08000403   Thumb Code     0  startup_stm32f411xe.o(.text)
    DMA2_Stream6_IRQHandler                  0x08000403   Thumb Code     0  startup_stm32f411xe.o(.text)
    DMA2_Stream7_IRQHandler                  0x08000403   Thumb Code     0  startup_stm32f411xe.o(.text)
    EXTI0_IRQHandler                         0x08000403   Thumb Code     0  startup_stm32f411xe.o(.text)
    EXTI15_10_IRQHandler                     0x08000403   Thumb Code     0  startup_stm32f411xe.o(.text)
    EXTI1_IRQHandler                         0x08000403   Thumb Code     0  startup_stm32f411xe.o(.text)
    EXTI2_IRQHandler                         0x08000403   Thumb Code     0  startup_stm32f411xe.o(.text)
    EXTI3_IRQHandler                         0x08000403   Thumb Code     0  startup_stm32f411xe.o(.text)
    EXTI4_IRQHandler                         0x08000403   Thumb Code     0  startup_stm32f411xe.o(.text)
    EXTI9_5_IRQHandler                       0x08000403   Thumb Code     0  startup_stm32f411xe.o(.text)
    FLASH_IRQHandler                         0x08000403   Thumb Code     0  startup_stm32f411xe.o(.text)
    FPU_IRQHandler                           0x08000403   Thumb Code     0  startup_stm32f411xe.o(.text)
    I2C1_ER_IRQHandler                       0x08000403   Thumb Code     0  startup_stm32f411xe.o(.text)
    I2C1_EV_IRQHandler                       0x08000403   Thumb Code     0  startup_stm32f411xe.o(.text)
    I2C2_ER_IRQHandler                       0x08000403   Thumb Code     0  startup_stm32f411xe.o(.text)
    I2C2_EV_IRQHandler                       0x08000403   Thumb Code     0  startup_stm32f411xe.o(.text)
    I2C3_ER_IRQHandler                       0x08000403   Thumb Code     0  startup_stm32f411xe.o(.text)
    I2C3_EV_IRQHandler                       0x08000403   Thumb Code     0  startup_stm32f411xe.o(.text)
    OTG_FS_IRQHandler                        0x08000403   Thumb Code     0  startup_stm32f411xe.o(.text)
    OTG_FS_WKUP_IRQHandler                   0x08000403   Thumb Code     0  startup_stm32f411xe.o(.text)
    PVD_IRQHandler                           0x08000403   Thumb Code     0  startup_stm32f411xe.o(.text)
    RCC_IRQHandler                           0x08000403   Thumb Code     0  startup_stm32f411xe.o(.text)
    RTC_Alarm_IRQHandler                     0x08000403   Thumb Code     0  startup_stm32f411xe.o(.text)
    RTC_WKUP_IRQHandler                      0x08000403   Thumb Code     0  startup_stm32f411xe.o(.text)
    SDIO_IRQHandler                          0x08000403   Thumb Code     0  startup_stm32f411xe.o(.text)
    SPI1_IRQHandler                          0x08000403   Thumb Code     0  startup_stm32f411xe.o(.text)
    SPI2_IRQHandler                          0x08000403   Thumb Code     0  startup_stm32f411xe.o(.text)
    SPI3_IRQHandler                          0x08000403   Thumb Code     0  startup_stm32f411xe.o(.text)
    SPI4_IRQHandler                          0x08000403   Thumb Code     0  startup_stm32f411xe.o(.text)
    SPI5_IRQHandler                          0x08000403   Thumb Code     0  startup_stm32f411xe.o(.text)
    TAMP_STAMP_IRQHandler                    0x08000403   Thumb Code     0  startup_stm32f411xe.o(.text)
    TIM1_BRK_TIM9_IRQHandler                 0x08000403   Thumb Code     0  startup_stm32f411xe.o(.text)
    TIM1_CC_IRQHandler                       0x08000403   Thumb Code     0  startup_stm32f411xe.o(.text)
    TIM1_TRG_COM_TIM11_IRQHandler            0x08000403   Thumb Code     0  startup_stm32f411xe.o(.text)
    TIM1_UP_TIM10_IRQHandler                 0x08000403   Thumb Code     0  startup_stm32f411xe.o(.text)
    TIM2_IRQHandler                          0x08000403   Thumb Code     0  startup_stm32f411xe.o(.text)
    TIM3_IRQHandler                          0x08000403   Thumb Code     0  startup_stm32f411xe.o(.text)
    TIM4_IRQHandler                          0x08000403   Thumb Code     0  startup_stm32f411xe.o(.text)
    TIM5_IRQHandler                          0x08000403   Thumb Code     0  startup_stm32f411xe.o(.text)
    USART1_IRQHandler                        0x08000403   Thumb Code     0  startup_stm32f411xe.o(.text)
    USART2_IRQHandler                        0x08000403   Thumb Code     0  startup_stm32f411xe.o(.text)
    USART6_IRQHandler                        0x08000403   Thumb Code     0  startup_stm32f411xe.o(.text)
    WWDG_IRQHandler                          0x08000403   Thumb Code     0  startup_stm32f411xe.o(.text)
    __user_initial_stackheap                 0x08000405   Thumb Code     0  startup_stm32f411xe.o(.text)
    printf                                   0x0800043d   Thumb Code    20  printf.o(.text)
    __cxa_atexit                             0x08000455   Thumb Code    10  cxa_atexit.o(.text)
    strcmp                                   0x08000461   Thumb Code   124  strcmpv7em.o(.text)
    __use_two_region_memory                  0x080004dd   Thumb Code     2  heapauxi.o(.text)
    __rt_heap_escrow                         0x080004df   Thumb Code     2  heapauxi.o(.text)
    __rt_heap_expand                         0x080004e1   Thumb Code     2  heapauxi.o(.text)
    __cpp_initialize__aeabi_                 0x080004e5   Thumb Code    28  init_aeabi.o(.text)
    _printf_pre_padding                      0x08000509   Thumb Code    44  _printf_pad.o(.text)
    _printf_post_padding                     0x08000535   Thumb Code    34  _printf_pad.o(.text)
    _printf_truncate_signed                  0x08000557   Thumb Code    18  _printf_truncate.o(.text)
    _printf_truncate_unsigned                0x08000569   Thumb Code    18  _printf_truncate.o(.text)
    _printf_str                              0x0800057b   Thumb Code    82  _printf_str.o(.text)
    _printf_int_dec                          0x080005cd   Thumb Code   104  _printf_dec.o(.text)
    _printf_charcount                        0x08000645   Thumb Code    40  _printf_charcount.o(.text)
    _printf_char_file                        0x0800066d   Thumb Code    32  _printf_char_file.o(.text)
    _printf_wctomb                           0x08000691   Thumb Code   182  _printf_wctomb.o(.text)
    _printf_longlong_dec                     0x0800074d   Thumb Code   108  _printf_longlong_dec.o(.text)
    _printf_longlong_oct                     0x080007c9   Thumb Code    68  _printf_oct_int_ll.o(.text)
    _printf_int_oct                          0x0800080d   Thumb Code    24  _printf_oct_int_ll.o(.text)
    _printf_ll_oct                           0x08000825   Thumb Code    12  _printf_oct_int_ll.o(.text)
    _printf_longlong_hex                     0x08000839   Thumb Code    86  _printf_hex_int_ll_ptr.o(.text)
    _printf_int_hex                          0x0800088f   Thumb Code    28  _printf_hex_int_ll_ptr.o(.text)
    _printf_ll_hex                           0x080008ab   Thumb Code    12  _printf_hex_int_ll_ptr.o(.text)
    _printf_hex_ptr                          0x080008b7   Thumb Code    18  _printf_hex_int_ll_ptr.o(.text)
    __printf                                 0x080008cd   Thumb Code   388  __printf_flags_ss_wp.o(.text)
    __aeabi_atexit                           0x08000a55   Thumb Code    46  aeabi_atexit.o(.text)
    __rt_ddtor_pointer_addr                  0x08000a85   Thumb Code     8  rt_ddtor_pointer_addr_intlibspace.o(.text)
    malloc                                   0x08000a8d   Thumb Code    94  h1_alloc.o(.text)
    _ll_udiv10                               0x08000aeb   Thumb Code   138  lludiv10.o(.text)
    _printf_int_common                       0x08000b75   Thumb Code   178  _printf_intcommon.o(.text)
    _printf_fp_dec_real                      0x08000dd7   Thumb Code   620  _printf_fp_dec.o(.text)
    _printf_fp_hex_real                      0x08001045   Thumb Code   756  _printf_fp_hex.o(.text)
    _printf_char_common                      0x0800134b   Thumb Code    32  _printf_char_common.o(.text)
    _printf_cs_common                        0x08001371   Thumb Code    20  _printf_char.o(.text)
    _printf_char                             0x08001385   Thumb Code    16  _printf_char.o(.text)
    _printf_string                           0x08001395   Thumb Code     8  _printf_char.o(.text)
    _printf_lcs_common                       0x0800139d   Thumb Code    20  _printf_wchar.o(.text)
    _printf_wchar                            0x080013b1   Thumb Code    16  _printf_wchar.o(.text)
    _printf_wstring                          0x080013c1   Thumb Code     8  _printf_wchar.o(.text)
    ferror                                   0x080013c9   Thumb Code     8  ferror.o(.text)
    _initio                                  0x080013d1   Thumb Code   210  initio.o(.text)
    _terminateio                             0x080014a3   Thumb Code    56  initio.o(.text)
    _c16rtomb                                0x08001509   Thumb Code    72  _c16rtomb.o(.text)
    _wcrtomb                                 0x08001509   Thumb Code     0  _c16rtomb.o(.text)
    abort                                    0x08001551   Thumb Code    22  abort.o(.text)
    __cxa_finalize                           0x08001567   Thumb Code    66  cxa_finalize.o(.text)
    _sys_exit                                0x080015a9   Thumb Code     8  sys_exit.o(.text)
    __user_libspace                          0x080015b5   Thumb Code     8  libspace.o(.text)
    __user_perproc_libspace                  0x080015b5   Thumb Code     0  libspace.o(.text)
    __user_perthread_libspace                0x080015b5   Thumb Code     0  libspace.o(.text)
    __user_setup_stackheap                   0x080015bd   Thumb Code    74  sys_stackheap_outer.o(.text)
    __rt_ctype_table                         0x08001609   Thumb Code    16  rt_ctype_table.o(.text)
    __rt_heap_descriptor                     0x08001619   Thumb Code     8  rt_heap_descriptor_intlibspace.o(.text)
    __rt_locale                              0x08001621   Thumb Code     8  rt_locale_intlibspace.o(.text)
    __use_no_heap                            0x08001629   Thumb Code     2  hguard.o(.text)
    __heap$guard                             0x0800162b   Thumb Code     2  hguard.o(.text)
    _terminate_user_alloc                    0x0800162d   Thumb Code     2  init_alloc.o(.text)
    _init_user_alloc                         0x0800162f   Thumb Code     2  init_alloc.o(.text)
    __Heap_Full                              0x08001631   Thumb Code    34  init_alloc.o(.text)
    __Heap_Broken                            0x08001653   Thumb Code     6  init_alloc.o(.text)
    _init_alloc                              0x08001659   Thumb Code    94  init_alloc.o(.text)
    __Heap_Initialize                        0x080016b7   Thumb Code    10  h1_init.o(.text)
    __Heap_DescSize                          0x080016c1   Thumb Code     4  h1_init.o(.text)
    free                                     0x080016c5   Thumb Code    78  h1_free.o(.text)
    _printf_fp_infnan                        0x08001715   Thumb Code   112  _printf_fp_infnan.o(.text)
    _btod_etento                             0x08001795   Thumb Code   224  bigflt0.o(.text)
    __flsbuf                                 0x08001879   Thumb Code   482  flsbuf.o(.text)
    __flsbuf_byte                            0x08001879   Thumb Code     0  flsbuf.o(.text)
    __flsbuf_wide                            0x08001879   Thumb Code     0  flsbuf.o(.text)
    setvbuf                                  0x08001a5b   Thumb Code    70  setvbuf.o(.text)
    freopen                                  0x08001aa1   Thumb Code   160  fopen.o(.text)
    fopen                                    0x08001b41   Thumb Code    74  fopen.o(.text)
    _fclose_internal                         0x08001b91   Thumb Code    76  fclose.o(.text)
    fclose                                   0x08001b91   Thumb Code     0  fclose.o(.text)
    exit                                     0x08001bdd   Thumb Code    18  exit.o(.text)
    __rt_SIGABRT                             0x08001bef   Thumb Code    14  defsig_abrt_outer.o(.text)
    __rt_SIGRTRED                            0x08001bfd   Thumb Code    14  defsig_rtred_outer.o(.text)
    __aeabi_memclr4                          0x08001c0b   Thumb Code     0  rt_memclr_w.o(.text)
    __aeabi_memclr8                          0x08001c0b   Thumb Code     0  rt_memclr_w.o(.text)
    __rt_memclr_w                            0x08001c0b   Thumb Code     0  rt_memclr_w.o(.text)
    _memset_w                                0x08001c0f   Thumb Code    74  rt_memclr_w.o(.text)
    __I$use$semihosting                      0x08001c59   Thumb Code     0  use_no_semi.o(.text)
    __use_no_semihosting_swi                 0x08001c59   Thumb Code     2  use_no_semi.o(.text)
    __Heap_ProvideMemory                     0x08001c5b   Thumb Code    52  h1_extend.o(.text)
    __semihosting_library_function           0x08001c5b   Thumb Code     0  indicate_semi.o(.text)
    _maybe_terminate_alloc                   0x08001c5b   Thumb Code     0  maybetermalloc1.o(.text)
    _fseek                                   0x08001c91   Thumb Code   242  fseek.o(.text)
    fseek                                    0x08001c91   Thumb Code     0  fseek.o(.text)
    _seterr                                  0x08001d89   Thumb Code    20  stdio.o(.text)
    _writebuf                                0x08001d9d   Thumb Code   108  stdio.o(.text)
    _fflush                                  0x08001e09   Thumb Code    70  stdio.o(.text)
    _deferredlazyseek                        0x08001e4f   Thumb Code    60  stdio.o(.text)
    __sig_exit                               0x08001e91   Thumb Code    10  defsig_exit.o(.text)
    __rt_SIGABRT_inner                       0x08001e9d   Thumb Code    14  defsig_abrt_inner.o(.text)
    __rt_SIGRTRED_inner                      0x08001ecd   Thumb Code    14  defsig_rtred_inner.o(.text)
    __rt_SIGRTMEM                            0x08001f01   Thumb Code    14  defsig_rtmem_outer.o(.text)
    _ftell_internal                          0x08001f0f   Thumb Code    66  ftell.o(.text)
    ftell                                    0x08001f0f   Thumb Code     0  ftell.o(.text)
    __default_signal_display                 0x08001f51   Thumb Code    50  defsig_general.o(.text)
    __rt_SIGRTMEM_inner                      0x08001f85   Thumb Code    22  defsig_rtmem_inner.o(.text)
    __aeabi_errno_addr                       0x08001fd5   Thumb Code     8  rt_errno_addr_intlibspace.o(.text)
    __errno$intlibspace                      0x08001fd5   Thumb Code     0  rt_errno_addr_intlibspace.o(.text)
    __rt_errno_addr$intlibspace              0x08001fd5   Thumb Code     0  rt_errno_addr_intlibspace.o(.text)
    HAL_GPIO_Init                            0x08001fdd   Thumb Code   866  stm32f4xx_hal_gpio.o(.text.HAL_GPIO_Init)
    HAL_GPIO_TogglePin                       0x08002341   Thumb Code    38  stm32f4xx_hal_gpio.o(.text.HAL_GPIO_TogglePin)
    SEGGER_RTT_PutChar                       0x0800238d   Thumb Code   168  segger_rtt.o(.text.SEGGER_RTT_PutChar)
    SysTick_Handler                          0x08002435   Thumb Code    16  bsp.o(.text.SysTick_Handler)
    SystemInit                               0x08002445   Thumb Code     2  system_stm32f4xx.o(.text.SystemInit)
    os::kernel_base::tslice_set(os::priority, int) 0x080025b9   Thumb Code    24  main.o(.text._ZN2os11kernel_base10tslice_setENS_8priorityEi)
    os::kernel_base::tick()                  0x080025d1   Thumb Code     8  main.o(.text._ZN2os11kernel_base4tickEv)
    void (*os::member_to_func<task>(void (task::*)()))(void*) 0x080025d9   Thumb Code    34  main.o(.text._ZN2os14member_to_funcI4taskEEPFvPvEMT_FvvE)
    void (*os::member_to_func<dtask>(void (dtask::*)()))(void*) 0x080025fd   Thumb Code    34  main.o(.text._ZN2os14member_to_funcI5dtaskEEPFvPvEMT_FvvE)
    void (*os::member_to_func<kernel>(void (kernel::*)()))(void*) 0x08002621   Thumb Code    34  main.o(.text._ZN2os14member_to_funcI6kernelEEPFvPvEMT_FvvE)
    os::task<task, 168u, (os::priority)2>::task__sub_object(char const*) 0x08002645   Thumb Code    74  main.o(.text._ZN2os4taskI4taskLj168ELNS_8priorityE2EEC2EPKc)
    os::task<task, 168u, (os::priority)2>::~task__sub_object() 0x08002691   Thumb Code    20  main.o(.text._ZN2os4taskI4taskLj168ELNS_8priorityE2EED2Ev)
    os::task<dtask, 80u, (os::priority)3>::task__sub_object(char const*) 0x080026a5   Thumb Code    74  main.o(.text._ZN2os4taskI5dtaskLj80ELNS_8priorityE3EEC2EPKc)
    os::task<dtask, 80u, (os::priority)3>::~task__sub_object() 0x080026f1   Thumb Code    20  main.o(.text._ZN2os4taskI5dtaskLj80ELNS_8priorityE3EED2Ev)
    os::task<kernel, 80u, (os::priority)4>::task__sub_object(char const*) 0x08002705   Thumb Code    74  main.o(.text._ZN2os4taskI6kernelLj80ELNS_8priorityE4EEC2EPKc)
    os::task<kernel, 80u, (os::priority)4>::~task__sub_object() 0x08002751   Thumb Code    20  main.o(.text._ZN2os4taskI6kernelLj80ELNS_8priorityE4EED2Ev)
    os::kernel<kernel, 80u>::kernel__sub_object(unsigned int*, unsigned int) 0x08002765   Thumb Code    60  main.o(.text._ZN2os6kernelI6kernelLj80EEC2EPjj)
    os::kernel<kernel, 80u>::~kernel__sub_object() 0x080027a1   Thumb Code    20  main.o(.text._ZN2os6kernelI6kernelLj80EED2Ev)
    os::task_base::sleep(unsigned int)       0x080027b5   Thumb Code    18  os.o(.text._ZN2os9task_base5sleepEj)
    os::task_base::~task_base()              0x080027c9   Thumb Code    20  os.o(.text._ZN2os9task_baseD2Ev)
    os::task_base::~task_base__sub_object()  0x080027c9   Thumb Code    20  os.o(.text._ZN2os9task_baseD2Ev)
    bsp::led::toggle()                       0x080027dd   Thumb Code    26  bsp.o(.text._ZN3bsp3led6toggleEv)
    bsp::led::led()                          0x080027f9   Thumb Code   104  bsp.o(.text._ZN3bsp3ledC2Ev)
    bsp::led::led__sub_object()              0x080027f9   Thumb Code   104  bsp.o(.text._ZN3bsp3ledC2Ev)
    csp::halt()                              0x08002861   Thumb Code     4  bsp.o(.text._ZN3csp4haltEv)
    csp::tick::init(unsigned int, void (*)()) 0x08002865   Thumb Code    86  bsp.o(.text._ZN3csp4tick4initEjPFvvE)
    csp::tick::tick(unsigned int, void (*)()) 0x080028bd   Thumb Code    56  bsp.o(.text._ZN3csp4tickC2EjPFvvE)
    csp::tick::tick__sub_object(unsigned int, void (*)()) 0x080028bd   Thumb Code    56  bsp.o(.text._ZN3csp4tickC2EjPFvvE)
    task::task_func()                        0x080028f5   Thumb Code    34  main.o(.text._ZN4task9task_funcEv)
    task::task__sub_object(char const*)      0x08002919   Thumb Code    24  main.o(.text._ZN4taskCI2N2os4taskIS_Lj168ELNS0_8priorityE2EEEEPKc)
    task::~task__sub_object()                0x08002931   Thumb Code    20  main.o(.text._ZN4taskD2Ev)
    dtask::task_func()                       0x08002945   Thumb Code     8  main.o(.text._ZN5dtask9task_funcEv)
    dtask::dtask__sub_object(char const*)    0x0800294d   Thumb Code    24  main.o(.text._ZN5dtaskCI2N2os4taskIS_Lj80ELNS0_8priorityE3EEEEPKc)
    dtask::~dtask__sub_object()              0x08002965   Thumb Code    20  main.o(.text._ZN5dtaskD2Ev)
    kernel::hw_init()                        0x08002979   Thumb Code    24  main.o(.text._ZN6kernel7hw_initEv)
    kernel::sw_init()                        0x08002991   Thumb Code    12  main.o(.text._ZN6kernel7sw_initEv)
    kernel::task_func()                      0x0800299d   Thumb Code    12  main.o(.text._ZN6kernel9task_funcEv)
    kernel::kernel__sub_object(unsigned int*, unsigned int) 0x080029a9   Thumb Code    28  main.o(.text._ZN6kernelCI2N2os6kernelIS_Lj80EEEEPjj)
    kernel::~kernel__sub_object()            0x080029c5   Thumb Code    20  main.o(.text._ZN6kernelD2Ev)
    _sys_close                               0x08002cdd   Thumb Code    74  retarget_io.o(.text._sys_close)
    _sys_flen                                0x08002d29   Thumb Code    72  retarget_io.o(.text._sys_flen)
    _sys_istty                               0x08002d71   Thumb Code    72  retarget_io.o(.text._sys_istty)
    _sys_open                                0x08002db9   Thumb Code   132  retarget_io.o(.text._sys_open)
    _sys_seek                                0x08002e3d   Thumb Code    82  retarget_io.o(.text._sys_seek)
    _sys_write                               0x08002e91   Thumb Code   152  retarget_io.o(.text._sys_write)
    _tn_arch_stack_init                      0x08002fb5   Thumb Code   260  tn_arch_cortex_m_c.o(.text._tn_arch_stack_init)
    _tn_change_running_task_priority         0x080030b9   Thumb Code   164  tn_tasks.o(.text._tn_change_running_task_priority)
    _tn_change_task_priority                 0x0800315d   Thumb Code    46  tn_tasks.o(.text._tn_change_task_priority)
    _tn_cry_deadlock                         0x0800318d   Thumb Code   122  tn_sys.o(.text._tn_cry_deadlock)
    _tn_list_add_tail                        0x08003209   Thumb Code    36  tn_list.o(.text._tn_list_add_tail)
    _tn_list_is_empty                        0x0800322d   Thumb Code    44  tn_list.o(.text._tn_list_is_empty)
    _tn_list_is_initialized                  0x08003259   Thumb Code    40  tn_list.o(.text._tn_list_is_initialized)
    _tn_list_remove_entry                    0x08003281   Thumb Code    24  tn_list.o(.text._tn_list_remove_entry)
    _tn_list_remove_head                     0x08003299   Thumb Code    56  tn_list.o(.text._tn_list_remove_head)
    _tn_list_reset                           0x080032d1   Thumb Code    16  tn_list.o(.text._tn_list_reset)
    _tn_mutex_i_on_task_wait_complete        0x080032e1   Thumb Code    48  tn_mutex.o(.text._tn_mutex_i_on_task_wait_complete)
    _tn_mutex_on_task_wait_complete          0x08003311   Thumb Code    42  tn_mutex.o(.text._tn_mutex_on_task_wait_complete)
    _tn_mutex_unlock_all_by_task             0x0800333d   Thumb Code    64  tn_mutex.o(.text._tn_mutex_unlock_all_by_task)
    _tn_sys_on_context_switch                0x0800337d   Thumb Code   254  tn_sys.o(.text._tn_sys_on_context_switch)
    _tn_sys_state_flags_clear                0x0800347d   Thumb Code    38  tn_sys.o(.text._tn_sys_state_flags_clear)
    _tn_sys_state_flags_set                  0x080034a5   Thumb Code    38  tn_sys.o(.text._tn_sys_state_flags_set)
    _tn_task_activate                        0x080034cd   Thumb Code    64  tn_tasks.o(.text._tn_task_activate)
    _tn_task_clear_dormant                   0x0800350d   Thumb Code    86  tn_tasks.o(.text._tn_task_clear_dormant)
    _tn_task_clear_runnable                  0x08003565   Thumb Code   244  tn_tasks.o(.text._tn_task_clear_runnable)
    _tn_task_clear_waiting                   0x08003659   Thumb Code   158  tn_tasks.o(.text._tn_task_clear_waiting)
    _tn_task_exit_nodelete                   0x080036f9   Thumb Code    10  tn_tasks.o(.text._tn_task_exit_nodelete)
    _tn_task_set_dormant                     0x08003705   Thumb Code    86  tn_tasks.o(.text._tn_task_set_dormant)
    _tn_task_set_runnable                    0x0800375d   Thumb Code   174  tn_tasks.o(.text._tn_task_set_runnable)
    _tn_task_set_waiting                     0x0800380d   Thumb Code   140  tn_tasks.o(.text._tn_task_set_waiting)
    _tn_task_stack_end_get                   0x08003899   Thumb Code    12  tn_tasks.o(.text._tn_task_stack_end_get)
    _tn_timer_cancel                         0x080038a5   Thumb Code    66  tn_timer_static.o(.text._tn_timer_cancel)
    _tn_timer_create                         0x080038e9   Thumb Code    70  tn_timer.o(.text._tn_timer_create)
    _tn_timer_is_active                      0x08003931   Thumb Code    36  tn_timer.o(.text._tn_timer_is_active)
    _tn_timer_set_func                       0x08003955   Thumb Code    50  tn_timer.o(.text._tn_timer_set_func)
    _tn_timer_start                          0x08003989   Thumb Code   172  tn_timer_static.o(.text._tn_timer_start)
    _tn_timers_init                          0x08003a35   Thumb Code    76  tn_timer_static.o(.text._tn_timers_init)
    _tn_timers_tick_proceed                  0x08003a81   Thumb Code   306  tn_timer_static.o(.text._tn_timers_tick_proceed)
    _ttywrch                                 0x08003bb5   Thumb Code    16  retarget_io.o(.text._ttywrch)
    abort_message                            0x08003d73   Thumb Code     4  abort_message.cpp.o(.text.abort_message)
    main                                     0x08003d79   Thumb Code   134  main.o(.text.main)
    stderr_putchar                           0x08003e01   Thumb Code    16  rtt_io.o(.text.stderr_putchar)
    stdout_putchar                           0x08003e11   Thumb Code    16  rtt_io.o(.text.stdout_putchar)
    tn_sys_context_get                       0x08003e21   Thumb Code    56  tn_sys.o(.text.tn_sys_context_get)
    tn_sys_start                             0x08003e59   Thumb Code   252  tn_sys.o(.text.tn_sys_start)
    tn_sys_tslice_set                        0x08003f55   Thumb Code   114  tn_sys.o(.text.tn_sys_tslice_set)
    tn_task_create                           0x08003fc9   Thumb Code   520  tn_tasks.o(.text.tn_task_create)
    tn_task_create_wname                     0x080041d1   Thumb Code    80  tn_tasks.o(.text.tn_task_create_wname)
    tn_task_delete                           0x08004221   Thumb Code   214  tn_tasks.o(.text.tn_task_delete)
    tn_task_exit                             0x080042f9   Thumb Code   136  tn_tasks.o(.text.tn_task_exit)
    tn_task_sleep                            0x08004381   Thumb Code   176  tn_tasks.o(.text.tn_task_sleep)
    tn_tick_int_processing                   0x08004431   Thumb Code   414  tn_sys.o(.text.tn_tick_int_processing)
    ttywrch                                  0x080045d1   Thumb Code    16  rtt_io.o(.text.ttywrch)
    __cxa_guard_acquire                      0x080045e1   Thumb Code    40  cxa_guard.cpp.o(.text.unlikely.__cxa_guard_acquire)
    __cxa_guard_release                      0x08004641   Thumb Code     8  cxa_guard.cpp.o(.text.unlikely.__cxa_guard_release)
    usr_put_char                             0x08004649   Thumb Code    30  rtt_io.o(.text.usr_put_char)
    _btod_d2e                                0x08004667   Thumb Code    62  btod.o(CL$$btod_d2e)
    _d2e_denorm_low                          0x080046a5   Thumb Code    70  btod.o(CL$$btod_d2e_denorm_low)
    _d2e_norm_op1                            0x080046eb   Thumb Code    96  btod.o(CL$$btod_d2e_norm_op1)
    __btod_div_common                        0x0800474d   Thumb Code   696  btod.o(CL$$btod_div_common)
    _e2e                                     0x08004a85   Thumb Code   220  btod.o(CL$$btod_e2e)
    _btod_ediv                               0x08004b61   Thumb Code    42  btod.o(CL$$btod_ediv)
    _btod_emul                               0x08004b8b   Thumb Code    42  btod.o(CL$$btod_emul)
    __btod_mult_common                       0x08004bb5   Thumb Code   580  btod.o(CL$$btod_mult_common)
    __ARM_fpclassify                         0x08004df9   Thumb Code    40  fpclassify.o(i.__ARM_fpclassify)
    _is_digit                                0x08004e21   Thumb Code    14  __printf_wp.o(i._is_digit)
    fputc                                    0x08004e2f   Thumb Code    28  fputc.o(i.fputc)
    _get_lc_numeric                          0x08004e4d   Thumb Code    44  lc_numeric_c.o(locale$$code)
    _get_lc_ctype                            0x08004e79   Thumb Code    44  lc_ctype_c.o(locale$$code)
    _printf_fp_dec                           0x08004ea5   Thumb Code     4  printf1.o(x$fpl$printf1)
    _printf_fp_hex                           0x08004ea9   Thumb Code     4  printf2.o(x$fpl$printf2)
    __I$use$fp                               0x08004eac   Number         0  usenofp.o(x$fpl$usenofp)
    csp::stack_ptr                           0x08004fd0   Data           4  bsp.o(.rodata._ZN3csp9stack_ptrE)
    __stderr_name                            0x08004fd4   Data           8  retarget_io.o(.rodata.__stderr_name)
    __stdin_name                             0x08004fdc   Data           7  retarget_io.o(.rodata.__stdin_name)
    __stdout_name                            0x08004fe3   Data           8  retarget_io.o(.rodata.__stdout_name)
    _tn_scvd_task                            0x08004ff0   Data         160  tn_tasks.o(.rodata._tn_scvd_task)
    Region$$Table$$Base                      0x08005120   Number         0  anon$$obj.o(Region$$Table)
    Region$$Table$$Limit                     0x08005140   Number         0  anon$$obj.o(Region$$Table)
    __ctype                                  0x08005169   Data           0  lc_ctype_c.o(locale$$data)
    SHT$$INIT_ARRAY$$Base                    0x0800526c   Number         0  main.o(.init_array)
    SHT$$INIT_ARRAY$$Limit                   0x08005274   Number         0  init_aeabi.o(.init_array)
    Image$$RW_STACK$$Base                    0x20000000   Number         0  anon$$obj.o ABSOLUTE
    __aeabi_stdin                            0x20000378   Data           4  stdio_streams.o(.data)
    __aeabi_stdout                           0x2000037c   Data           4  stdio_streams.o(.data)
    __aeabi_stderr                           0x20000380   Data           4  stdio_streams.o(.data)
    csp::tick::handle                        0x20000388   Data           4  bsp.o(.data._ZN3csp4tick6handleE)
    __stdin                                  0x20000390   Data          84  stdio_streams.o(.bss)
    __stdout                                 0x200003e4   Data          84  stdio_streams.o(.bss)
    __stderr                                 0x20000438   Data          84  stdio_streams.o(.bss)
    __libspace_start                         0x2000048c   Data          96  libspace.o(.bss)
    _SEGGER_RTT                              0x200004ec   Data          72  segger_rtt.o(.bss._SEGGER_RTT)
    __temporary_stack_top$libspace           0x200004ec   Data           0  libspace.o(.bss)
    csp::stack_size                          0x20000868   Data           4  bsp.o(.bss._ZN3csp10stack_sizeE)
    _tn_curr_run_task                        0x200009bc   Data           4  tn_sys.o(.bss._tn_curr_run_task)
    _tn_int_stack                            0x200009c4   Data           4  tn_sys.o(.bss._tn_int_stack)
    _tn_int_stack_size                       0x200009c8   Data           4  tn_sys.o(.bss._tn_int_stack_size)
    _tn_next_task_to_run                     0x200009cc   Data           4  tn_sys.o(.bss._tn_next_task_to_run)
    _tn_ready_to_run_bmp                     0x200009d0   Data           4  tn_sys.o(.bss._tn_ready_to_run_bmp)
    _tn_sys_state                            0x200009d4   Data           1  tn_sys.o(.bss._tn_sys_state)
    _tn_sys_time_count                       0x200009d8   Data           4  tn_timer_static.o(.bss._tn_sys_time_count)
    _tn_tasks_created_cnt                    0x200009dc   Data           4  tn_sys.o(.bss._tn_tasks_created_cnt)
    _tn_tasks_created_list                   0x200009e0   Data           8  tn_sys.o(.bss._tn_tasks_created_list)
    _tn_tasks_ready_list                     0x200009e8   Data          40  tn_sys.o(.bss._tn_tasks_ready_list)
    _tn_timer_list__gen                      0x20000a10   Data           8  tn_timer_static.o(.bss._tn_timer_list__gen)
    _tn_timer_list__tick                     0x20000a18   Data          64  tn_timer_static.o(.bss._tn_timer_list__tick)



==============================================================================

Memory Map of the image

  Image Entry point : 0x08000199

  Load Region LR_IROM1 (Base: 0x08000000, Size: 0x00005290, Max: 0x00080000, ABSOLUTE)

    Execution Region ER_IROM1 (Exec base: 0x08000000, Load base: 0x08000000, Size: 0x00005274, Max: 0x00080000, ABSOLUTE)

    Exec Addr    Load Addr    Size         Type   Attr      Idx    E Section Name        Object

    0x08000000   0x08000000   0x00000198   Data   RO          970    RESET               startup_stm32f411xe.o
    0x08000198   0x08000198   0x00000008   Code   RO         1007  * !!!main             c_w.l(__main.o)
    0x080001a0   0x080001a0   0x00000034   Code   RO         1566    !!!scatter          c_w.l(__scatter.o)
    0x080001d4   0x080001d4   0x0000001a   Code   RO         1568    !!handler_copy      c_w.l(__scatter_copy.o)
    0x080001ee   0x080001ee   0x00000002   PAD
    0x080001f0   0x080001f0   0x0000001c   Code   RO         1570    !!handler_zi        c_w.l(__scatter_zi.o)
    0x0800020c   0x0800020c   0x00000000   Code   RO         1107    .ARM.Collect$$_printf_percent$$00000000  c_w.l(_printf_percent.o)
    0x0800020c   0x0800020c   0x00000006   Code   RO         1096    .ARM.Collect$$_printf_percent$$00000001  c_w.l(_printf_n.o)
    0x08000212   0x08000212   0x00000006   Code   RO         1098    .ARM.Collect$$_printf_percent$$00000002  c_w.l(_printf_p.o)
    0x08000218   0x08000218   0x00000006   Code   RO         1103    .ARM.Collect$$_printf_percent$$00000003  c_w.l(_printf_f.o)
    0x0800021e   0x0800021e   0x00000006   Code   RO         1104    .ARM.Collect$$_printf_percent$$00000004  c_w.l(_printf_e.o)
    0x08000224   0x08000224   0x00000006   Code   RO         1105    .ARM.Collect$$_printf_percent$$00000005  c_w.l(_printf_g.o)
    0x0800022a   0x0800022a   0x00000006   Code   RO         1106    .ARM.Collect$$_printf_percent$$00000006  c_w.l(_printf_a.o)
    0x08000230   0x08000230   0x0000000a   Code   RO         1111    .ARM.Collect$$_printf_percent$$00000007  c_w.l(_printf_ll.o)
    0x0800023a   0x0800023a   0x00000006   Code   RO         1100    .ARM.Collect$$_printf_percent$$00000008  c_w.l(_printf_i.o)
    0x08000240   0x08000240   0x00000006   Code   RO         1101    .ARM.Collect$$_printf_percent$$00000009  c_w.l(_printf_d.o)
    0x08000246   0x08000246   0x00000006   Code   RO         1102    .ARM.Collect$$_printf_percent$$0000000A  c_w.l(_printf_u.o)
    0x0800024c   0x0800024c   0x00000006   Code   RO         1099    .ARM.Collect$$_printf_percent$$0000000B  c_w.l(_printf_o.o)
    0x08000252   0x08000252   0x00000006   Code   RO         1097    .ARM.Collect$$_printf_percent$$0000000C  c_w.l(_printf_x.o)
    0x08000258   0x08000258   0x00000006   Code   RO         1108    .ARM.Collect$$_printf_percent$$0000000D  c_w.l(_printf_lli.o)
    0x0800025e   0x0800025e   0x00000006   Code   RO         1109    .ARM.Collect$$_printf_percent$$0000000E  c_w.l(_printf_lld.o)
    0x08000264   0x08000264   0x00000006   Code   RO         1110    .ARM.Collect$$_printf_percent$$0000000F  c_w.l(_printf_llu.o)
    0x0800026a   0x0800026a   0x00000006   Code   RO         1115    .ARM.Collect$$_printf_percent$$00000010  c_w.l(_printf_llo.o)
    0x08000270   0x08000270   0x00000006   Code   RO         1116    .ARM.Collect$$_printf_percent$$00000011  c_w.l(_printf_llx.o)
    0x08000276   0x08000276   0x0000000a   Code   RO         1112    .ARM.Collect$$_printf_percent$$00000012  c_w.l(_printf_l.o)
    0x08000280   0x08000280   0x00000006   Code   RO         1094    .ARM.Collect$$_printf_percent$$00000013  c_w.l(_printf_c.o)
    0x08000286   0x08000286   0x00000006   Code   RO         1095    .ARM.Collect$$_printf_percent$$00000014  c_w.l(_printf_s.o)
    0x0800028c   0x0800028c   0x00000006   Code   RO         1113    .ARM.Collect$$_printf_percent$$00000015  c_w.l(_printf_lc.o)
    0x08000292   0x08000292   0x00000006   Code   RO         1114    .ARM.Collect$$_printf_percent$$00000016  c_w.l(_printf_ls.o)
    0x08000298   0x08000298   0x00000004   Code   RO         1287    .ARM.Collect$$_printf_percent$$00000017  c_w.l(_printf_percent_end.o)
    0x0800029c   0x0800029c   0x00000002   Code   RO         1436    .ARM.Collect$$libinit$$00000000  c_w.l(libinit.o)
    0x0800029e   0x0800029e   0x00000000   Code   RO         1130    .ARM.Collect$$libinit$$00000002  c_w.l(libinit2.o)
    0x0800029e   0x0800029e   0x00000000   Code   RO         1132    .ARM.Collect$$libinit$$00000004  c_w.l(libinit2.o)
    0x0800029e   0x0800029e   0x00000000   Code   RO         1134    .ARM.Collect$$libinit$$00000006  c_w.l(libinit2.o)
    0x0800029e   0x0800029e   0x00000008   Code   RO         1135    .ARM.Collect$$libinit$$00000007  c_w.l(libinit2.o)
    0x080002a6   0x080002a6   0x00000000   Code   RO         1137    .ARM.Collect$$libinit$$0000000C  c_w.l(libinit2.o)
    0x080002a6   0x080002a6   0x00000000   Code   RO         1139    .ARM.Collect$$libinit$$0000000E  c_w.l(libinit2.o)
    0x080002a6   0x080002a6   0x00000000   Code   RO         1141    .ARM.Collect$$libinit$$00000010  c_w.l(libinit2.o)
    0x080002a6   0x080002a6   0x00000006   Code   RO         1142    .ARM.Collect$$libinit$$00000011  c_w.l(libinit2.o)
    0x080002ac   0x080002ac   0x00000000   Code   RO         1144    .ARM.Collect$$libinit$$00000013  c_w.l(libinit2.o)
    0x080002ac   0x080002ac   0x0000000c   Code   RO         1145    .ARM.Collect$$libinit$$00000014  c_w.l(libinit2.o)
    0x080002b8   0x080002b8   0x00000000   Code   RO         1146    .ARM.Collect$$libinit$$00000015  c_w.l(libinit2.o)
    0x080002b8   0x080002b8   0x00000000   Code   RO         1148    .ARM.Collect$$libinit$$00000017  c_w.l(libinit2.o)
    0x080002b8   0x080002b8   0x0000000a   Code   RO         1149    .ARM.Collect$$libinit$$00000018  c_w.l(libinit2.o)
    0x080002c2   0x080002c2   0x00000000   Code   RO         1150    .ARM.Collect$$libinit$$00000019  c_w.l(libinit2.o)
    0x080002c2   0x080002c2   0x00000000   Code   RO         1152    .ARM.Collect$$libinit$$0000001B  c_w.l(libinit2.o)
    0x080002c2   0x080002c2   0x00000000   Code   RO         1154    .ARM.Collect$$libinit$$0000001D  c_w.l(libinit2.o)
    0x080002c2   0x080002c2   0x00000000   Code   RO         1156    .ARM.Collect$$libinit$$0000001F  c_w.l(libinit2.o)
    0x080002c2   0x080002c2   0x00000000   Code   RO         1158    .ARM.Collect$$libinit$$00000021  c_w.l(libinit2.o)
    0x080002c2   0x080002c2   0x00000000   Code   RO         1160    .ARM.Collect$$libinit$$00000023  c_w.l(libinit2.o)
    0x080002c2   0x080002c2   0x00000000   Code   RO         1162    .ARM.Collect$$libinit$$00000025  c_w.l(libinit2.o)
    0x080002c2   0x080002c2   0x00000004   Code   RO         1163    .ARM.Collect$$libinit$$00000026  c_w.l(libinit2.o)
    0x080002c6   0x080002c6   0x00000000   Code   RO         1164    .ARM.Collect$$libinit$$00000027  c_w.l(libinit2.o)
    0x080002c6   0x080002c6   0x00000000   Code   RO         1168    .ARM.Collect$$libinit$$0000002E  c_w.l(libinit2.o)
    0x080002c6   0x080002c6   0x00000000   Code   RO         1170    .ARM.Collect$$libinit$$00000030  c_w.l(libinit2.o)
    0x080002c6   0x080002c6   0x00000000   Code   RO         1172    .ARM.Collect$$libinit$$00000032  c_w.l(libinit2.o)
    0x080002c6   0x080002c6   0x00000004   Code   RO         1173    .ARM.Collect$$libinit$$00000033  c_w.l(libinit2.o)
    0x080002ca   0x080002ca   0x00000000   Code   RO         1174    .ARM.Collect$$libinit$$00000034  c_w.l(libinit2.o)
    0x080002ca   0x080002ca   0x00000002   Code   RO         1175    .ARM.Collect$$libinit$$00000035  c_w.l(libinit2.o)
    0x080002cc   0x080002cc   0x00000002   Code   RO         1553    .ARM.Collect$$libshutdown$$00000000  c_w.l(libshutdown.o)
    0x080002ce   0x080002ce   0x00000006   Code   RO         1437    .ARM.Collect$$libshutdown$$00000001  c_w.l(libshutdown2.o)
    0x080002d4   0x080002d4   0x00000000   Code   RO         1438    .ARM.Collect$$libshutdown$$00000002  c_w.l(libshutdown2.o)
    0x080002d4   0x080002d4   0x00000004   Code   RO         1439    .ARM.Collect$$libshutdown$$00000003  c_w.l(libshutdown2.o)
    0x080002d8   0x080002d8   0x00000000   Code   RO         1440    .ARM.Collect$$libshutdown$$00000004  c_w.l(libshutdown2.o)
    0x080002d8   0x080002d8   0x00000000   Code   RO         1443    .ARM.Collect$$libshutdown$$00000007  c_w.l(libshutdown2.o)
    0x080002d8   0x080002d8   0x00000000   Code   RO         1446    .ARM.Collect$$libshutdown$$0000000A  c_w.l(libshutdown2.o)
    0x080002d8   0x080002d8   0x00000000   Code   RO         1448    .ARM.Collect$$libshutdown$$0000000C  c_w.l(libshutdown2.o)
    0x080002d8   0x080002d8   0x00000000   Code   RO         1451    .ARM.Collect$$libshutdown$$0000000F  c_w.l(libshutdown2.o)
    0x080002d8   0x080002d8   0x00000002   Code   RO         1452    .ARM.Collect$$libshutdown$$00000010  c_w.l(libshutdown2.o)
    0x080002da   0x080002da   0x00000000   Code   RO         1023    .ARM.Collect$$rtentry$$00000000  c_w.l(__rtentry.o)
    0x080002da   0x080002da   0x00000000   Code   RO         1193    .ARM.Collect$$rtentry$$00000002  c_w.l(__rtentry2.o)
    0x080002da   0x080002da   0x00000006   Code   RO         1205    .ARM.Collect$$rtentry$$00000004  c_w.l(__rtentry4.o)
    0x080002e0   0x080002e0   0x00000000   Code   RO         1195    .ARM.Collect$$rtentry$$00000009  c_w.l(__rtentry2.o)
    0x080002e0   0x080002e0   0x00000004   Code   RO         1196    .ARM.Collect$$rtentry$$0000000A  c_w.l(__rtentry2.o)
    0x080002e4   0x080002e4   0x00000000   Code   RO         1198    .ARM.Collect$$rtentry$$0000000C  c_w.l(__rtentry2.o)
    0x080002e4   0x080002e4   0x00000008   Code   RO         1199    .ARM.Collect$$rtentry$$0000000D  c_w.l(__rtentry2.o)
    0x080002ec   0x080002ec   0x00000002   Code   RO         1467    .ARM.Collect$$rtexit$$00000000  c_w.l(rtexit.o)
    0x080002ee   0x080002ee   0x00000000   Code   RO         1512    .ARM.Collect$$rtexit$$00000002  c_w.l(rtexit2.o)
    0x080002ee   0x080002ee   0x00000004   Code   RO         1513    .ARM.Collect$$rtexit$$00000003  c_w.l(rtexit2.o)
    0x080002f2   0x080002f2   0x00000006   Code   RO         1514    .ARM.Collect$$rtexit$$00000004  c_w.l(rtexit2.o)
    0x080002f8   0x080002f8   0x000000f0   Code   RO          263    .text               tn_arch_cortex_m.o
    0x080003e8   0x080003e8   0x00000054   Code   RO          971    .text               startup_stm32f411xe.o
    0x0800043c   0x0800043c   0x00000018   Code   RO          993    .text               c_w.l(printf.o)
    0x08000454   0x08000454   0x0000000a   Code   RO          998    .text               c_w.l(cxa_atexit.o)
    0x0800045e   0x0800045e   0x00000002   PAD
    0x08000460   0x08000460   0x0000007c   Code   RO         1003    .text               c_w.l(strcmpv7em.o)
    0x080004dc   0x080004dc   0x00000006   Code   RO         1005    .text               c_w.l(heapauxi.o)
    0x080004e2   0x080004e2   0x00000002   PAD
    0x080004e4   0x080004e4   0x00000024   Code   RO         1012    .text               c_w.l(init_aeabi.o)
    0x08000508   0x08000508   0x0000004e   Code   RO         1030    .text               c_w.l(_printf_pad.o)
    0x08000556   0x08000556   0x00000024   Code   RO         1032    .text               c_w.l(_printf_truncate.o)
    0x0800057a   0x0800057a   0x00000052   Code   RO         1034    .text               c_w.l(_printf_str.o)
    0x080005cc   0x080005cc   0x00000078   Code   RO         1036    .text               c_w.l(_printf_dec.o)
    0x08000644   0x08000644   0x00000028   Code   RO         1038    .text               c_w.l(_printf_charcount.o)
    0x0800066c   0x0800066c   0x00000024   Code   RO         1040    .text               c_w.l(_printf_char_file.o)
    0x08000690   0x08000690   0x000000bc   Code   RO         1042    .text               c_w.l(_printf_wctomb.o)
    0x0800074c   0x0800074c   0x0000007c   Code   RO         1045    .text               c_w.l(_printf_longlong_dec.o)
    0x080007c8   0x080007c8   0x00000070   Code   RO         1051    .text               c_w.l(_printf_oct_int_ll.o)
    0x08000838   0x08000838   0x00000094   Code   RO         1071    .text               c_w.l(_printf_hex_int_ll_ptr.o)
    0x080008cc   0x080008cc   0x00000188   Code   RO         1091    .text               c_w.l(__printf_flags_ss_wp.o)
    0x08000a54   0x08000a54   0x0000002e   Code   RO         1126    .text               c_w.l(aeabi_atexit.o)
    0x08000a82   0x08000a82   0x00000002   PAD
    0x08000a84   0x08000a84   0x00000008   Code   RO         1212    .text               c_w.l(rt_ddtor_pointer_addr_intlibspace.o)
    0x08000a8c   0x08000a8c   0x0000005e   Code   RO         1216    .text               c_w.l(h1_alloc.o)
    0x08000aea   0x08000aea   0x0000008a   Code   RO         1270    .text               c_w.l(lludiv10.o)
    0x08000b74   0x08000b74   0x000000b2   Code   RO         1272    .text               c_w.l(_printf_intcommon.o)
    0x08000c26   0x08000c26   0x0000041c   Code   RO         1274    .text               c_w.l(_printf_fp_dec.o)
    0x08001042   0x08001042   0x00000002   PAD
    0x08001044   0x08001044   0x000002fc   Code   RO         1278    .text               c_w.l(_printf_fp_hex.o)
    0x08001340   0x08001340   0x00000030   Code   RO         1281    .text               c_w.l(_printf_char_common.o)
    0x08001370   0x08001370   0x0000002c   Code   RO         1283    .text               c_w.l(_printf_char.o)
    0x0800139c   0x0800139c   0x0000002c   Code   RO         1285    .text               c_w.l(_printf_wchar.o)
    0x080013c8   0x080013c8   0x00000008   Code   RO         1288    .text               c_w.l(ferror.o)
    0x080013d0   0x080013d0   0x00000138   Code   RO         1294    .text               c_w.l(initio.o)
    0x08001508   0x08001508   0x00000048   Code   RO         1302    .text               c_w.l(_c16rtomb.o)
    0x08001550   0x08001550   0x00000016   Code   RO         1304    .text               c_w.l(abort.o)
    0x08001566   0x08001566   0x00000042   Code   RO         1306    .text               c_w.l(cxa_finalize.o)
    0x080015a8   0x080015a8   0x0000000c   Code   RO         1313    .text               c_w.l(sys_exit.o)
    0x080015b4   0x080015b4   0x00000008   Code   RO         1317    .text               c_w.l(libspace.o)
    0x080015bc   0x080015bc   0x0000004a   Code   RO         1322    .text               c_w.l(sys_stackheap_outer.o)
    0x08001606   0x08001606   0x00000002   PAD
    0x08001608   0x08001608   0x00000010   Code   RO         1324    .text               c_w.l(rt_ctype_table.o)
    0x08001618   0x08001618   0x00000008   Code   RO         1329    .text               c_w.l(rt_heap_descriptor_intlibspace.o)
    0x08001620   0x08001620   0x00000008   Code   RO         1334    .text               c_w.l(rt_locale_intlibspace.o)
    0x08001628   0x08001628   0x00000004   Code   RO         1336    .text               c_w.l(hguard.o)
    0x0800162c   0x0800162c   0x0000008a   Code   RO         1338    .text               c_w.l(init_alloc.o)
    0x080016b6   0x080016b6   0x0000000e   Code   RO         1344    .text               c_w.l(h1_init.o)
    0x080016c4   0x080016c4   0x0000004e   Code   RO         1346    .text               c_w.l(h1_free.o)
    0x08001712   0x08001712   0x00000002   PAD
    0x08001714   0x08001714   0x00000080   Code   RO         1360    .text               c_w.l(_printf_fp_infnan.o)
    0x08001794   0x08001794   0x000000e4   Code   RO         1364    .text               c_w.l(bigflt0.o)
    0x08001878   0x08001878   0x000001e2   Code   RO         1391    .text               c_w.l(flsbuf.o)
    0x08001a5a   0x08001a5a   0x00000046   Code   RO         1393    .text               c_w.l(setvbuf.o)
    0x08001aa0   0x08001aa0   0x000000f0   Code   RO         1396    .text               c_w.l(fopen.o)
    0x08001b90   0x08001b90   0x0000004c   Code   RO         1398    .text               c_w.l(fclose.o)
    0x08001bdc   0x08001bdc   0x00000012   Code   RO         1407    .text               c_w.l(exit.o)
    0x08001bee   0x08001bee   0x0000000e   Code   RO         1409    .text               c_w.l(defsig_abrt_outer.o)
    0x08001bfc   0x08001bfc   0x0000000e   Code   RO         1417    .text               c_w.l(defsig_rtred_outer.o)
    0x08001c0a   0x08001c0a   0x0000004e   Code   RO         1423    .text               c_w.l(rt_memclr_w.o)
    0x08001c58   0x08001c58   0x00000002   Code   RO         1464    .text               c_w.l(use_no_semi.o)
    0x08001c5a   0x08001c5a   0x00000000   Code   RO         1466    .text               c_w.l(indicate_semi.o)
    0x08001c5a   0x08001c5a   0x00000000   Code   RO         1473    .text               c_w.l(maybetermalloc1.o)
    0x08001c5a   0x08001c5a   0x00000034   Code   RO         1475    .text               c_w.l(h1_extend.o)
    0x08001c8e   0x08001c8e   0x00000002   PAD
    0x08001c90   0x08001c90   0x000000f8   Code   RO         1483    .text               c_w.l(fseek.o)
    0x08001d88   0x08001d88   0x00000108   Code   RO         1485    .text               c_w.l(stdio.o)
    0x08001e90   0x08001e90   0x0000000a   Code   RO         1494    .text               c_w.l(defsig_exit.o)
    0x08001e9a   0x08001e9a   0x00000002   PAD
    0x08001e9c   0x08001e9c   0x00000030   Code   RO         1496    .text               c_w.l(defsig_abrt_inner.o)
    0x08001ecc   0x08001ecc   0x00000034   Code   RO         1500    .text               c_w.l(defsig_rtred_inner.o)
    0x08001f00   0x08001f00   0x0000000e   Code   RO         1502    .text               c_w.l(defsig_rtmem_outer.o)
    0x08001f0e   0x08001f0e   0x00000042   Code   RO         1526    .text               c_w.l(ftell.o)
    0x08001f50   0x08001f50   0x00000032   Code   RO         1534    .text               c_w.l(defsig_general.o)
    0x08001f82   0x08001f82   0x00000002   PAD
    0x08001f84   0x08001f84   0x00000050   Code   RO         1536    .text               c_w.l(defsig_rtmem_inner.o)
    0x08001fd4   0x08001fd4   0x00000008   Code   RO         1543    .text               c_w.l(rt_errno_addr_intlibspace.o)
    0x08001fdc   0x08001fdc   0x00000362   Code   RO          822    .text.HAL_GPIO_Init  stm32f4xx_hal_gpio.o
    0x0800233e   0x0800233e   0x00000002   PAD
    0x08002340   0x08002340   0x00000026   Code   RO          830    .text.HAL_GPIO_TogglePin  stm32f4xx_hal_gpio.o
    0x08002366   0x08002366   0x00000002   PAD
    0x08002368   0x08002368   0x00000024   Code   RO          178    .text.INIT          segger_rtt.o
    0x0800238c   0x0800238c   0x000000a8   Code   RO          208    .text.SEGGER_RTT_PutChar  segger_rtt.o
    0x08002434   0x08002434   0x00000010   Code   RO          103    .text.SysTick_Handler  bsp.o
    0x08002444   0x08002444   0x00000002   Code   RO          976    .text.SystemInit    system_stm32f4xx.o
    0x08002446   0x08002446   0x00000002   PAD
    0x08002448   0x08002448   0x000000be   Code   RO          238    .text._DoInit       segger_rtt.o
    0x08002506   0x08002506   0x00000002   PAD
    0x08002508   0x08002508   0x00000008   Code   RO          107    .text._GLOBAL__sub_I_bsp.cpp  bsp.o
    0x08002510   0x08002510   0x0000000c   Code   RO           12    .text._GLOBAL__sub_I_main.cpp  main.o
    0x0800251c   0x0800251c   0x00000052   Code   RO           81    .text._ZL14SysTick_Configj  bsp.o
    0x0800256e   0x0800256e   0x00000002   PAD
    0x08002570   0x08002570   0x00000042   Code   RO          105    .text._ZL18__NVIC_SetPriority9IRQn_Typej  bsp.o
    0x080025b2   0x080025b2   0x00000002   PAD
    0x080025b4   0x080025b4   0x00000002   Code   RO           87    .text._ZL5dummyv    bsp.o
    0x080025b6   0x080025b6   0x00000002   PAD
    0x080025b8   0x080025b8   0x00000018   Code   RO           70    .text._ZN2os11kernel_base10tslice_setENS_8priorityEi  main.o
    0x080025d0   0x080025d0   0x00000008   Code   RO           68    .text._ZN2os11kernel_base4tickEv  main.o
    0x080025d8   0x080025d8   0x00000022   Code   RO           50    .text._ZN2os14member_to_funcI4taskEEPFvPvEMT_FvvE  main.o
    0x080025fa   0x080025fa   0x00000002   PAD
    0x080025fc   0x080025fc   0x00000022   Code   RO           42    .text._ZN2os14member_to_funcI5dtaskEEPFvPvEMT_FvvE  main.o
    0x0800261e   0x0800261e   0x00000002   PAD
    0x08002620   0x08002620   0x00000022   Code   RO           64    .text._ZN2os14member_to_funcI6kernelEEPFvPvEMT_FvvE  main.o
    0x08002642   0x08002642   0x00000002   PAD
    0x08002644   0x08002644   0x0000004a   Code   RO           48    .text._ZN2os4taskI4taskLj168ELNS_8priorityE2EEC2EPKc  main.o
    0x0800268e   0x0800268e   0x00000002   PAD
    0x08002690   0x08002690   0x00000014   Code   RO           54    .text._ZN2os4taskI4taskLj168ELNS_8priorityE2EED2Ev  main.o
    0x080026a4   0x080026a4   0x0000004a   Code   RO           40    .text._ZN2os4taskI5dtaskLj80ELNS_8priorityE3EEC2EPKc  main.o
    0x080026ee   0x080026ee   0x00000002   PAD
    0x080026f0   0x080026f0   0x00000014   Code   RO           46    .text._ZN2os4taskI5dtaskLj80ELNS_8priorityE3EED2Ev  main.o
    0x08002704   0x08002704   0x0000004a   Code   RO           58    .text._ZN2os4taskI6kernelLj80ELNS_8priorityE4EEC2EPKc  main.o
    0x0800274e   0x0800274e   0x00000002   PAD
    0x08002750   0x08002750   0x00000014   Code   RO           74    .text._ZN2os4taskI6kernelLj80ELNS_8priorityE4EED2Ev  main.o
    0x08002764   0x08002764   0x0000003c   Code   RO           56    .text._ZN2os6kernelI6kernelLj80EEC2EPjj  main.o
    0x080027a0   0x080027a0   0x00000014   Code   RO           72    .text._ZN2os6kernelI6kernelLj80EED2Ev  main.o
    0x080027b4   0x080027b4   0x00000012   Code   RO          124    .text._ZN2os9task_base5sleepEj  os.o
    0x080027c6   0x080027c6   0x00000002   PAD
    0x080027c8   0x080027c8   0x00000014   Code   RO          148    .text._ZN2os9task_baseD2Ev  os.o
    0x080027dc   0x080027dc   0x0000001a   Code   RO          101    .text._ZN3bsp3led6toggleEv  bsp.o
    0x080027f6   0x080027f6   0x00000002   PAD
    0x080027f8   0x080027f8   0x00000068   Code   RO           93    .text._ZN3bsp3ledC2Ev  bsp.o
    0x08002860   0x08002860   0x00000004   Code   RO           89    .text._ZN3csp4haltEv  bsp.o
    0x08002864   0x08002864   0x00000056   Code   RO           85    .text._ZN3csp4tick4initEjPFvvE  bsp.o
    0x080028ba   0x080028ba   0x00000002   PAD
    0x080028bc   0x080028bc   0x00000038   Code   RO           79    .text._ZN3csp4tickC2EjPFvvE  bsp.o
    0x080028f4   0x080028f4   0x00000022   Code   RO           52    .text._ZN4task9task_funcEv  main.o
    0x08002916   0x08002916   0x00000002   PAD
    0x08002918   0x08002918   0x00000018   Code   RO           32    .text._ZN4taskCI2N2os4taskIS_Lj168ELNS0_8priorityE2EEEEPKc  main.o
    0x08002930   0x08002930   0x00000014   Code   RO           34    .text._ZN4taskD2Ev  main.o
    0x08002944   0x08002944   0x00000008   Code   RO           44    .text._ZN5dtask9task_funcEv  main.o
    0x0800294c   0x0800294c   0x00000018   Code   RO           28    .text._ZN5dtaskCI2N2os4taskIS_Lj80ELNS0_8priorityE3EEEEPKc  main.o
    0x08002964   0x08002964   0x00000014   Code   RO           30    .text._ZN5dtaskD2Ev  main.o
    0x08002978   0x08002978   0x00000018   Code   RO           60    .text._ZN6kernel7hw_initEv  main.o
    0x08002990   0x08002990   0x0000000c   Code   RO           62    .text._ZN6kernel7sw_initEv  main.o
    0x0800299c   0x0800299c   0x0000000c   Code   RO           66    .text._ZN6kernel9task_funcEv  main.o
    0x080029a8   0x080029a8   0x0000001c   Code   RO           36    .text._ZN6kernelCI2N2os6kernelIS_Lj80EEEEPjj  main.o
    0x080029c4   0x080029c4   0x00000014   Code   RO           38    .text._ZN6kernelD2Ev  main.o
    0x080029d8   0x080029d8   0x0000003c   Code   RO            6    .text.__cxx_global_array_dtor  main.o
    0x08002a14   0x08002a14   0x00000044   Code   RO            4    .text.__cxx_global_var_init  main.o
    0x08002a58   0x08002a58   0x00000020   Code   RO           77    .text.__cxx_global_var_init  bsp.o
    0x08002a78   0x08002a78   0x00000034   Code   RO            8    .text.__cxx_global_var_init.2  main.o
    0x08002aac   0x08002aac   0x00000002   Code   RO          478    .text._build_cfg_check  tn_sys.o
    0x08002aae   0x08002aae   0x00000002   PAD
    0x08002ab0   0x08002ab0   0x0000003c   Code   RO          434    .text._cry_deadlock_inactive  tn_mutex.o
    0x08002aec   0x08002aec   0x0000005a   Code   RO          586    .text._find_next_task_to_run  tn_tasks.o
    0x08002b46   0x08002b46   0x00000002   PAD
    0x08002b48   0x08002b48   0x00000152   Code   RO          418    .text._mutex_do_unlock  tn_mutex.o
    0x08002c9a   0x08002c9a   0x00000002   PAD
    0x08002c9c   0x08002c9c   0x0000003e   Code   RO          590    .text._on_task_wait_complete  tn_tasks.o
    0x08002cda   0x08002cda   0x00000002   PAD
    0x08002cdc   0x08002cdc   0x0000004a   Code   RO          662    .text._sys_close    retarget_io.o
    0x08002d26   0x08002d26   0x00000002   PAD
    0x08002d28   0x08002d28   0x00000048   Code   RO          674    .text._sys_flen     retarget_io.o
    0x08002d70   0x08002d70   0x00000048   Code   RO          670    .text._sys_istty    retarget_io.o
    0x08002db8   0x08002db8   0x00000084   Code   RO          660    .text._sys_open     retarget_io.o
    0x08002e3c   0x08002e3c   0x00000052   Code   RO          672    .text._sys_seek     retarget_io.o
    0x08002e8e   0x08002e8e   0x00000002   PAD
    0x08002e90   0x08002e90   0x00000098   Code   RO          664    .text._sys_write    retarget_io.o
    0x08002f28   0x08002f28   0x00000024   Code   RO          570    .text._task_terminate  tn_tasks.o
    0x08002f4c   0x08002f4c   0x00000068   Code   RO          530    .text._task_wait_timeout  tn_tasks.o
    0x08002fb4   0x08002fb4   0x00000104   Code   RO          268    .text._tn_arch_stack_init  tn_arch_cortex_m_c.o
    0x080030b8   0x080030b8   0x000000a4   Code   RO          596    .text._tn_change_running_task_priority  tn_tasks.o
    0x0800315c   0x0800315c   0x0000002e   Code   RO          582    .text._tn_change_task_priority  tn_tasks.o
    0x0800318a   0x0800318a   0x00000002   PAD
    0x0800318c   0x0800318c   0x0000007a   Code   RO          504    .text._tn_cry_deadlock  tn_sys.o
    0x08003206   0x08003206   0x00000002   PAD
    0x08003208   0x08003208   0x00000024   Code   RO          397    .text._tn_list_add_tail  tn_list.o
    0x0800322c   0x0800322c   0x0000002c   Code   RO          393    .text._tn_list_is_empty  tn_list.o
    0x08003258   0x08003258   0x00000028   Code   RO          389    .text._tn_list_is_initialized  tn_list.o
    0x08003280   0x08003280   0x00000018   Code   RO          403    .text._tn_list_remove_entry  tn_list.o
    0x08003298   0x08003298   0x00000038   Code   RO          399    .text._tn_list_remove_head  tn_list.o
    0x080032d0   0x080032d0   0x00000010   Code   RO          391    .text._tn_list_reset  tn_list.o
    0x080032e0   0x080032e0   0x00000030   Code   RO          428    .text._tn_mutex_i_on_task_wait_complete  tn_mutex.o
    0x08003310   0x08003310   0x0000002a   Code   RO          432    .text._tn_mutex_on_task_wait_complete  tn_mutex.o
    0x0800333a   0x0800333a   0x00000002   PAD
    0x0800333c   0x0800333c   0x00000040   Code   RO          426    .text._tn_mutex_unlock_all_by_task  tn_mutex.o
    0x0800337c   0x0800337c   0x000000fe   Code   RO          506    .text._tn_sys_on_context_switch  tn_sys.o
    0x0800347a   0x0800347a   0x00000002   PAD
    0x0800347c   0x0800347c   0x00000026   Code   RO          502    .text._tn_sys_state_flags_clear  tn_sys.o
    0x080034a2   0x080034a2   0x00000002   PAD
    0x080034a4   0x080034a4   0x00000026   Code   RO          500    .text._tn_sys_state_flags_set  tn_sys.o
    0x080034ca   0x080034ca   0x00000002   PAD
    0x080034cc   0x080034cc   0x00000040   Code   RO          534    .text._tn_task_activate  tn_tasks.o
    0x0800350c   0x0800350c   0x00000056   Code   RO          592    .text._tn_task_clear_dormant  tn_tasks.o
    0x08003562   0x08003562   0x00000002   PAD
    0x08003564   0x08003564   0x000000f4   Code   RO          540    .text._tn_task_clear_runnable  tn_tasks.o
    0x08003658   0x08003658   0x0000009e   Code   RO          574    .text._tn_task_clear_waiting  tn_tasks.o
    0x080036f6   0x080036f6   0x00000002   PAD
    0x080036f8   0x080036f8   0x0000000a   Code   RO          600    .text._tn_task_exit_nodelete  tn_tasks.o
    0x08003702   0x08003702   0x00000002   PAD
    0x08003704   0x08003704   0x00000056   Code   RO          532    .text._tn_task_set_dormant  tn_tasks.o
    0x0800375a   0x0800375a   0x00000002   PAD
    0x0800375c   0x0800375c   0x000000ae   Code   RO          548    .text._tn_task_set_runnable  tn_tasks.o
    0x0800380a   0x0800380a   0x00000002   PAD
    0x0800380c   0x0800380c   0x0000008c   Code   RO          588    .text._tn_task_set_waiting  tn_tasks.o
    0x08003898   0x08003898   0x0000000c   Code   RO          602    .text._tn_task_stack_end_get  tn_tasks.o
    0x080038a4   0x080038a4   0x00000042   Code   RO          644    .text._tn_timer_cancel  tn_timer_static.o
    0x080038e6   0x080038e6   0x00000002   PAD
    0x080038e8   0x080038e8   0x00000046   Code   RO          614    .text._tn_timer_create  tn_timer.o
    0x0800392e   0x0800392e   0x00000002   PAD
    0x08003930   0x08003930   0x00000024   Code   RO          628    .text._tn_timer_is_active  tn_timer.o
    0x08003954   0x08003954   0x00000032   Code   RO          624    .text._tn_timer_set_func  tn_timer.o
    0x08003986   0x08003986   0x00000002   PAD
    0x08003988   0x08003988   0x000000ac   Code   RO          646    .text._tn_timer_start  tn_timer_static.o
    0x08003a34   0x08003a34   0x0000004c   Code   RO          640    .text._tn_timers_init  tn_timer_static.o
    0x08003a80   0x08003a80   0x00000132   Code   RO          642    .text._tn_timers_tick_proceed  tn_timer_static.o
    0x08003bb2   0x08003bb2   0x00000002   PAD
    0x08003bb4   0x08003bb4   0x00000010   Code   RO          668    .text._ttywrch      retarget_io.o
    0x08003bc4   0x08003bc4   0x00000074   Code   RO          442    .text._unlink_deadlock_lists  tn_mutex.o
    0x08003c38   0x08003c38   0x0000006a   Code   RO          430    .text._update_holders_priority_recursive  tn_mutex.o
    0x08003ca2   0x08003ca2   0x00000002   PAD
    0x08003ca4   0x08003ca4   0x000000ce   Code   RO          436    .text._update_task_priority  tn_mutex.o
    0x08003d72   0x08003d72   0x00000004   Code   RO         1189    .text.abort_message  libcppabi_w.l(abort_message.cpp.o)
    0x08003d76   0x08003d76   0x00000002   PAD
    0x08003d78   0x08003d78   0x00000086   Code   RO           10    .text.main          main.o
    0x08003dfe   0x08003dfe   0x00000002   PAD
    0x08003e00   0x08003e00   0x00000010   Code   RO          165    .text.stderr_putchar  rtt_io.o
    0x08003e10   0x08003e10   0x00000010   Code   RO          163    .text.stdout_putchar  rtt_io.o
    0x08003e20   0x08003e20   0x00000038   Code   RO          492    .text.tn_sys_context_get  tn_sys.o
    0x08003e58   0x08003e58   0x000000fc   Code   RO          476    .text.tn_sys_start  tn_sys.o
    0x08003f54   0x08003f54   0x00000072   Code   RO          482    .text.tn_sys_tslice_set  tn_sys.o
    0x08003fc6   0x08003fc6   0x00000002   PAD
    0x08003fc8   0x08003fc8   0x00000208   Code   RO          528    .text.tn_task_create  tn_tasks.o
    0x080041d0   0x080041d0   0x00000050   Code   RO          536    .text.tn_task_create_wname  tn_tasks.o
    0x08004220   0x08004220   0x000000d6   Code   RO          576    .text.tn_task_delete  tn_tasks.o
    0x080042f6   0x080042f6   0x00000002   PAD
    0x080042f8   0x080042f8   0x00000088   Code   RO          568    .text.tn_task_exit  tn_tasks.o
    0x08004380   0x08004380   0x000000b0   Code   RO          550    .text.tn_task_sleep  tn_tasks.o
    0x08004430   0x08004430   0x0000019e   Code   RO          480    .text.tn_tick_int_processing  tn_sys.o
    0x080045ce   0x080045ce   0x00000002   PAD
    0x080045d0   0x080045d0   0x00000010   Code   RO          161    .text.ttywrch       rtt_io.o
    0x080045e0   0x080045e0   0x00000060   Code   RO         1016    .text.unlikely.__cxa_guard_acquire  libcppabi_w.l(cxa_guard.cpp.o)
    0x08004640   0x08004640   0x00000008   Code   RO         1018    .text.unlikely.__cxa_guard_release  libcppabi_w.l(cxa_guard.cpp.o)
    0x08004648   0x08004648   0x0000001e   Code   RO          157    .text.usr_put_char  rtt_io.o
    0x08004666   0x08004666   0x0000003e   Code   RO         1367    CL$$btod_d2e        c_w.l(btod.o)
    0x080046a4   0x080046a4   0x00000046   Code   RO         1369    CL$$btod_d2e_denorm_low  c_w.l(btod.o)
    0x080046ea   0x080046ea   0x00000060   Code   RO         1368    CL$$btod_d2e_norm_op1  c_w.l(btod.o)
    0x0800474a   0x0800474a   0x00000002   PAD
    0x0800474c   0x0800474c   0x00000338   Code   RO         1377    CL$$btod_div_common  c_w.l(btod.o)
    0x08004a84   0x08004a84   0x000000dc   Code   RO         1374    CL$$btod_e2e        c_w.l(btod.o)
    0x08004b60   0x08004b60   0x0000002a   Code   RO         1371    CL$$btod_ediv       c_w.l(btod.o)
    0x08004b8a   0x08004b8a   0x0000002a   Code   RO         1370    CL$$btod_emul       c_w.l(btod.o)
    0x08004bb4   0x08004bb4   0x00000244   Code   RO         1376    CL$$btod_mult_common  c_w.l(btod.o)
    0x08004df8   0x08004df8   0x00000028   Code   RO         1458    i.__ARM_fpclassify  m_ws.l(fpclassify.o)
    0x08004e20   0x08004e20   0x0000000e   Code   RO         1084    i._is_digit         c_w.l(__printf_wp.o)
    0x08004e2e   0x08004e2e   0x0000001c   Code   RO         1291    i.fputc             c_w.l(fputc.o)
    0x08004e4a   0x08004e4a   0x00000002   PAD
    0x08004e4c   0x08004e4c   0x0000002c   Code   RO         1405    locale$$code        c_w.l(lc_numeric_c.o)
    0x08004e78   0x08004e78   0x0000002c   Code   RO         1492    locale$$code        c_w.l(lc_ctype_c.o)
    0x08004ea4   0x08004ea4   0x00000004   Code   RO         1180    x$fpl$printf1       fz_ws.l(printf1.o)
    0x08004ea8   0x08004ea8   0x00000004   Code   RO         1182    x$fpl$printf2       fz_ws.l(printf2.o)
    0x08004eac   0x08004eac   0x00000000   Code   RO         1457    x$fpl$usenofp       fz_ws.l(usenofp.o)
    0x08004eac   0x08004eac   0x00000008   Data   RO         1043    .constdata          c_w.l(_printf_wctomb.o)
    0x08004eb4   0x08004eb4   0x00000028   Data   RO         1072    .constdata          c_w.l(_printf_hex_int_ll_ptr.o)
    0x08004edc   0x08004edc   0x00000011   Data   RO         1092    .constdata          c_w.l(__printf_flags_ss_wp.o)
    0x08004eed   0x08004eed   0x00000026   Data   RO         1279    .constdata          c_w.l(_printf_fp_hex.o)
    0x08004f13   0x08004f13   0x00000001   PAD
    0x08004f14   0x08004f14   0x00000094   Data   RO         1365    .constdata          c_w.l(bigflt0.o)
    0x08004fa8   0x08004fa8   0x00000014   Data   RO          115    .rodata..L__const.led.GPIO_InitStruct  bsp.o
    0x08004fbc   0x08004fbc   0x00000011   Data   RO          253    .rodata._DoInit._aInitStr  segger_rtt.o
    0x08004fcd   0x08004fcd   0x00000003   PAD
    0x08004fd0   0x08004fd0   0x00000004   Data   RO          110    .rodata._ZN3csp9stack_ptrE  bsp.o
    0x08004fd4   0x08004fd4   0x00000008   Data   RO          678    .rodata.__stderr_name  retarget_io.o
    0x08004fdc   0x08004fdc   0x00000007   Data   RO          676    .rodata.__stdin_name  retarget_io.o
    0x08004fe3   0x08004fe3   0x00000008   Data   RO          677    .rodata.__stdout_name  retarget_io.o
    0x08004feb   0x08004feb   0x00000005   PAD
    0x08004ff0   0x08004ff0   0x000000a0   Data   RO          604    .rodata._tn_scvd_task  tn_tasks.o
    0x08005090   0x08005090   0x0000006e   Data   RO           15    .rodata.str1.1      main.o
    0x080050fe   0x080050fe   0x00000009   Data   RO          254    .rodata.str1.1      segger_rtt.o
    0x08005107   0x08005107   0x00000017   Data   RO          679    .rodata.str1.1      retarget_io.o
    0x0800511e   0x0800511e   0x00000002   PAD
    0x08005120   0x08005120   0x00000020   Data   RO         1565    Region$$Table       anon$$obj.o
    0x08005140   0x08005140   0x0000001c   Data   RO         1404    locale$$data        c_w.l(lc_numeric_c.o)
    0x0800515c   0x0800515c   0x00000110   Data   RO         1491    locale$$data        c_w.l(lc_ctype_c.o)
    0x0800526c   0x0800526c   0x00000004   Data   RO           19    .init_array         main.o
    0x08005270   0x0800526c   0x00000004   Data   RO          116    .init_array         bsp.o
    0x08005274   0x0800526c   0x00000000   Data   RO         1010    .init_array         c_w.l(init_aeabi.o)


    Execution Region RW_BEGIN (Exec base: 0x20000000, Load base: 0x08005274, Size: 0x00000000, Max: 0x00000000, ABSOLUTE)

    Exec Addr    Load Addr    Size         Type   Attr      Idx    E Section Name        Object

    0x20000000        -       0x00000000   Zero   RW            1    RW_BEGIN.bss        anon$$obj.o


    Execution Region RW_STACK (Exec base: 0x20000000, Load base: 0x08005274, Size: 0x00000178, Max: 0xffffffff, ABSOLUTE, UNINIT)

    Exec Addr    Load Addr    Size         Type   Attr      Idx    E Section Name        Object

    0x20000000        -       0x00000178   Zero   RW          968    STACK               startup_stm32f411xe.o


    Execution Region RW_HEAP (Exec base: 0x20000178, Load base: 0x08005274, Size: 0x00000200, Max: 0xffffffff, ABSOLUTE, UNINIT)

    Exec Addr    Load Addr    Size         Type   Attr      Idx    E Section Name        Object

    0x20000178        -       0x00000200   Zero   RW          969    HEAP                startup_stm32f411xe.o


    Execution Region RW_IRAM1 (Exec base: 0x20000378, Load base: 0x08005278, Size: 0x000006ec, Max: 0xffffffff, ABSOLUTE)

    Exec Addr    Load Addr    Size         Type   Attr      Idx    E Section Name        Object

    0x20000378   0x08005278   0x00000004   Data   RW         1120    .data               c_w.l(stdio_streams.o)
    0x2000037c   0x0800527c   0x00000004   Data   RW         1121    .data               c_w.l(stdio_streams.o)
    0x20000380   0x08005280   0x00000004   Data   RW         1122    .data               c_w.l(stdio_streams.o)
    0x20000384   0x08005284   0x00000004   Data   RW          109    .data._ZGRN3csp9stack_ptrE_  bsp.o
    0x20000388   0x08005288   0x00000004   Data   RW          112    .data._ZN3csp4tick6handleE  bsp.o
    0x2000038c   0x0800528c   0x00000004   PAD
    0x20000390        -       0x00000054   Zero   RW         1117    .bss                c_w.l(stdio_streams.o)
    0x200003e4        -       0x00000054   Zero   RW         1118    .bss                c_w.l(stdio_streams.o)
    0x20000438        -       0x00000054   Zero   RW         1119    .bss                c_w.l(stdio_streams.o)
    0x2000048c        -       0x00000060   Zero   RW         1318    .bss                c_w.l(libspace.o)
    0x200004ec        -       0x00000048   Zero   RW          250    .bss._SEGGER_RTT    segger_rtt.o
    0x20000534        -       0x00000004   Zero   RW           18    .bss._ZGVZ4mainE4krnl  main.o
    0x20000538        -       0x00000004   Zero   RW          114    .bss._ZGVZN3csp4tick4initEjPFvvEE8instance  bsp.o
    0x2000053c   0x0800528c   0x00000004   PAD
    0x20000540        -       0x00000148   Zero   RW           16    .bss._ZL8task_obj   main.o
    0x20000688        -       0x000001e0   Zero   RW           14    .bss._ZL9dtask_obj  main.o
    0x20000868        -       0x00000004   Zero   RW          111    .bss._ZN3csp10stack_sizeE  bsp.o
    0x2000086c   0x0800528c   0x00000004   PAD
    0x20000870        -       0x000000f0   Zero   RW           17    .bss._ZZ4mainE4krnl  main.o
    0x20000960        -       0x00000001   Zero   RW          113    .bss._ZZN3csp4tick4initEjPFvvEE8instance  bsp.o
    0x20000961        -       0x00000010   Zero   RW          256    .bss._acDownBuffer  segger_rtt.o
    0x20000971        -       0x00000040   Zero   RW          255    .bss._acUpBuffer    segger_rtt.o
    0x200009b1   0x0800528c   0x00000003   PAD
    0x200009b4        -       0x00000004   Zero   RW          516    .bss._tn_cb_deadlock  tn_sys.o
    0x200009b8        -       0x00000004   Zero   RW          517    .bss._tn_cb_stack_overflow  tn_sys.o
    0x200009bc        -       0x00000004   Zero   RW          515    .bss._tn_curr_run_task  tn_sys.o
    0x200009c0        -       0x00000004   Zero   RW          518    .bss._tn_deadlocks_cnt  tn_sys.o
    0x200009c4        -       0x00000004   Zero   RW          508    .bss._tn_int_stack  tn_sys.o
    0x200009c8        -       0x00000004   Zero   RW          509    .bss._tn_int_stack_size  tn_sys.o
    0x200009cc        -       0x00000004   Zero   RW          514    .bss._tn_next_task_to_run  tn_sys.o
    0x200009d0        -       0x00000004   Zero   RW          520    .bss._tn_ready_to_run_bmp  tn_sys.o
    0x200009d4        -       0x00000001   Zero   RW          513    .bss._tn_sys_state  tn_sys.o
    0x200009d5   0x0800528c   0x00000003   PAD
    0x200009d8        -       0x00000004   Zero   RW          650    .bss._tn_sys_time_count  tn_timer_static.o
    0x200009dc        -       0x00000004   Zero   RW          519    .bss._tn_tasks_created_cnt  tn_sys.o
    0x200009e0        -       0x00000008   Zero   RW          512    .bss._tn_tasks_created_list  tn_sys.o
    0x200009e8        -       0x00000028   Zero   RW          510    .bss._tn_tasks_ready_list  tn_sys.o
    0x20000a10        -       0x00000008   Zero   RW          651    .bss._tn_timer_list__gen  tn_timer_static.o
    0x20000a18        -       0x00000040   Zero   RW          652    .bss._tn_timer_list__tick  tn_timer_static.o
    0x20000a58        -       0x0000000a   Zero   RW          511    .bss._tn_tslice_ticks  tn_sys.o


    Execution Region RW_END (Exec base: 0x20020000, Load base: 0x08005290, Size: 0x00000000, Max: 0x00000000, ABSOLUTE)

    Exec Addr    Load Addr    Size         Type   Attr      Idx    E Section Name        Object

    0x20020000        -       0x00000000   Zero   RW            2    RW_END.bss          anon$$obj.o


==============================================================================

Image component sizes


      Code (inc. data)   RO Data    RW Data    ZI Data      Debug   Object Name

       482          0         28          8          9       8546   bsp.o
      1048          0        114          0       1052      17657   main.o
        38          0          0          0          0       7456   os.o
       600          0         46          0          0       2589   retarget_io.o
        78          0          0          0          0       8395   rtt_io.o
       394          0         26          0        152      13072   segger_rtt.o
        84         30        408          0        888        804   startup_stm32f411xe.o
       904          0          0          0          0       5264   stm32f4xx_hal_gpio.o
         2          0          0          0          0       2123   system_stm32f4xx.o
       240         20          0          0          0        428   tn_arch_cortex_m.o
       260          0          0          0          0        921   tn_arch_cortex_m_c.o
       216          0          0          0          0       1925   tn_list.o
       980          0          0          0          0      11328   tn_mutex.o
      1290          0          0          0         95       8609   tn_sys.o
      2602          0        160          0          0      19219   tn_tasks.o
       156          0          0          0          0       4728   tn_timer.o
       620          0          0          0         76       3345   tn_timer_static.o

    ----------------------------------------------------------------------
     10080         50        824          8       2292     116409   Object Totals
         0          0         32          0          0          0   (incl. Generated)
        86          0         10          0         20          0   (incl. Padding)

    ----------------------------------------------------------------------

      Code (inc. data)   RO Data    RW Data    ZI Data      Debug   Library Member Name

         8          0          0          0          0         68   __main.o
       392          4         17          0          0         92   __printf_flags_ss_wp.o
        14          0          0          0          0         68   __printf_wp.o
         0          0          0          0          0          0   __rtentry.o
        12          0          0          0          0          0   __rtentry2.o
         6          0          0          0          0          0   __rtentry4.o
        52          8          0          0          0          0   __scatter.o
        26          0          0          0          0          0   __scatter_copy.o
        28          0          0          0          0          0   __scatter_zi.o
        72          0          0          0          0         96   _c16rtomb.o
         6          0          0          0          0          0   _printf_a.o
         6          0          0          0          0          0   _printf_c.o
        44          0          0          0          0        108   _printf_char.o
        48          6          0          0          0         96   _printf_char_common.o
        36          4          0          0          0         80   _printf_char_file.o
        40          0          0          0          0         68   _printf_charcount.o
         6          0          0          0          0          0   _printf_d.o
       120         16          0          0          0         92   _printf_dec.o
         6          0          0          0          0          0   _printf_e.o
         6          0          0          0          0          0   _printf_f.o
      1052          0          0          0          0        148   _printf_fp_dec.o
       764          8         38          0          0        100   _printf_fp_hex.o
       128         16          0          0          0         84   _printf_fp_infnan.o
         6          0          0          0          0          0   _printf_g.o
       148          4         40          0          0        160   _printf_hex_int_ll_ptr.o
         6          0          0          0          0          0   _printf_i.o
       178          0          0          0          0         88   _printf_intcommon.o
        10          0          0          0          0          0   _printf_l.o
         6          0          0          0          0          0   _printf_lc.o
        10          0          0          0          0          0   _printf_ll.o
         6          0          0          0          0          0   _printf_lld.o
         6          0          0          0          0          0   _printf_lli.o
         6          0          0          0          0          0   _printf_llo.o
         6          0          0          0          0          0   _printf_llu.o
         6          0          0          0          0          0   _printf_llx.o
       124         16          0          0          0         92   _printf_longlong_dec.o
         6          0          0          0          0          0   _printf_ls.o
         6          0          0          0          0          0   _printf_n.o
         6          0          0          0          0          0   _printf_o.o
       112          8          0          0          0        124   _printf_oct_int_ll.o
         6          0          0          0          0          0   _printf_p.o
        78          0          0          0          0        108   _printf_pad.o
         0          0          0          0          0          0   _printf_percent.o
         4          0          0          0          0          0   _printf_percent_end.o
         6          0          0          0          0          0   _printf_s.o
        82          0          0          0          0         80   _printf_str.o
        36          0          0          0          0         84   _printf_truncate.o
         6          0          0          0          0          0   _printf_u.o
        44          0          0          0          0        108   _printf_wchar.o
       188          6          8          0          0         92   _printf_wctomb.o
         6          0          0          0          0          0   _printf_x.o
        22          0          0          0          0         80   abort.o
        46          0          0          0          0         84   aeabi_atexit.o
       228          4        148          0          0         96   bigflt0.o
      1936        128          0          0          0        668   btod.o
        10          0          0          0          0         68   cxa_atexit.o
        66          0          0          0          0         84   cxa_finalize.o
        48         34          0          0          0         76   defsig_abrt_inner.o
        14          0          0          0          0         80   defsig_abrt_outer.o
        10          0          0          0          0         68   defsig_exit.o
        50          0          0          0          0         88   defsig_general.o
        80         58          0          0          0         76   defsig_rtmem_inner.o
        14          0          0          0          0         80   defsig_rtmem_outer.o
        52         38          0          0          0         76   defsig_rtred_inner.o
        14          0          0          0          0         80   defsig_rtred_outer.o
        18          0          0          0          0         80   exit.o
        76          0          0          0          0         88   fclose.o
         8          0          0          0          0         68   ferror.o
       482          0          0          0          0         92   flsbuf.o
       240          6          0          0          0        128   fopen.o
        28          0          0          0          0         68   fputc.o
       248          6          0          0          0         84   fseek.o
        66          0          0          0          0         76   ftell.o
        94          0          0          0          0         80   h1_alloc.o
        52          0          0          0          0         68   h1_extend.o
        78          0          0          0          0         80   h1_free.o
        14          0          0          0          0         84   h1_init.o
         6          0          0          0          0        152   heapauxi.o
         4          0          0          0          0        136   hguard.o
         0          0          0          0          0          0   indicate_semi.o
        36          8          0          0          0         80   init_aeabi.o
       138          0          0          0          0        168   init_alloc.o
       312         46          0          0          0        112   initio.o
        44         10        272          0          0         76   lc_ctype_c.o
        44         10         28          0          0         76   lc_numeric_c.o
         2          0          0          0          0          0   libinit.o
        46          0          0          0          0          0   libinit2.o
         2          0          0          0          0          0   libshutdown.o
        12          0          0          0          0          0   libshutdown2.o
         8          4          0          0         96         68   libspace.o
       138          0          0          0          0         80   lludiv10.o
         0          0          0          0          0          0   maybetermalloc1.o
        24          4          0          0          0         84   printf.o
        16          4          0          0          0         76   rt_ctype_table.o
         8          4          0          0          0         68   rt_ddtor_pointer_addr_intlibspace.o
         8          4          0          0          0         68   rt_errno_addr_intlibspace.o
         8          4          0          0          0         68   rt_heap_descriptor_intlibspace.o
         8          4          0          0          0         68   rt_locale_intlibspace.o
        78          0          0          0          0         80   rt_memclr_w.o
         2          0          0          0          0          0   rtexit.o
        10          0          0          0          0          0   rtexit2.o
        70          0          0          0          0         80   setvbuf.o
       264          6          0          0          0        160   stdio.o
         0          0          0         12        252          0   stdio_streams.o
       124          0          0          0          0         88   strcmpv7em.o
        12          4          0          0          0         68   sys_exit.o
        74          0          0          0          0         80   sys_stackheap_outer.o
         2          0          0          0          0         68   use_no_semi.o
         4          0          0          0          0         68   printf1.o
         4          0          0          0          0         68   printf2.o
         0          0          0          0          0          0   usenofp.o
         4          0          0          0          0         36   abort_message.cpp.o
       104         56          0          0          0         76   cxa_guard.cpp.o
        40          0          0          0          0         68   fpclassify.o

    ----------------------------------------------------------------------
      9652        538        552         12        348       7056   Library Totals
        26          0          1          0          0          0   (incl. Padding)

    ----------------------------------------------------------------------

      Code (inc. data)   RO Data    RW Data    ZI Data      Debug   Library Name

      9470        482        551         12        348       6740   c_w.l
         8          0          0          0          0        136   fz_ws.l
       108         56          0          0          0        112   libcppabi_w.l
        40          0          0          0          0         68   m_ws.l

    ----------------------------------------------------------------------
      9652        538        552         12        348       7056   Library Totals

    ----------------------------------------------------------------------

==============================================================================


      Code (inc. data)   RO Data    RW Data    ZI Data      Debug   

     19732        588       1376         20       2640     119241   Grand Totals
     19732        588       1376         20       2640     119241   ELF Image Totals
     19732        588       1376         20          0          0   ROM Totals

==============================================================================

    Total RO  Size (Code + RO Data)                21108 (  20.61kB)
    Total RW  Size (RW Data + ZI Data)              2660 (   2.60kB)
    Total ROM Size (Code + RO Data + RW Data)      21128 (  20.63kB)

==============================================================================

