Component: Arm Compiler for Embedded 6.19 Tool: armlink [5e73cb00]

==============================================================================

Section Cross References

    main.o(.text._ZN4idle9task_funcEv) refers to bsp.o(.text._ZN3csp4haltEv) for csp::halt()
    main.o(.ARM.exidx.text._ZN4idle9task_funcEv) refers to main.o(.text._ZN4idle9task_funcEv) for [Anonymous Symbol]
    main.o(.text._ZN4task9task_funcEv) refers to bsp.o(.text._ZN3bsp3ledC2Ev) for bsp::led::led()
    main.o(.text._ZN4task9task_funcEv) refers to bsp.o(.text._ZN3bsp3led6toggleEv) for bsp::led::toggle()
    main.o(.text._ZN4task9task_funcEv) refers to os.o(.text._ZN2os9task_base5sleepEj) for os::task_base::sleep(unsigned int)
    main.o(.ARM.exidx.text._ZN4task9task_funcEv) refers to main.o(.text._ZN4task9task_funcEv) for [Anonymous Symbol]
    main.o(.text.main) refers to main.o(.rodata.str1.1) for .L.str
    main.o(.text.main) refers to printf.o(.text) for printf
    main.o(.text.main) refers to main.o(.bss._ZGVZ4mainE8task_obj) for guard variable for main::task_obj
    main.o(.text.main) refers to cxa_guard.cpp.o(.text.unlikely.__cxa_guard_acquire) for __cxa_guard_acquire
    main.o(.text.main) refers to main.o(.bss._ZZ4mainE8task_obj) for main::task_obj
    main.o(.text.main) refers to main.o(.text._ZN4taskCI2N2os4taskILj192ELNS0_8priorityE2EEEEPKc) for task::task__sub_object(char const*)
    main.o(.text.main) refers to cxa_guard.cpp.o(.text.unlikely.__cxa_guard_release) for __cxa_guard_release
    main.o(.text.main) refers to main.o(.bss._ZGVZ4mainE8idle_obj) for guard variable for main::idle_obj
    main.o(.text.main) refers to main.o(.bss._ZZ4mainE8idle_obj) for main::idle_obj
    main.o(.text.main) refers to main.o(.text._ZN4idleCI2N2os4taskILj104ELNS0_8priorityE4EEEEPKc) for idle::idle__sub_object(char const*)
    main.o(.text.main) refers to main.o(.bss._ZGVZ4mainE4krnl) for guard variable for main::krnl
    main.o(.text.main) refers to bsp.o(.rodata._ZN3csp9stack_ptrE) for csp::stack_ptr
    main.o(.text.main) refers to bsp.o(.bss._ZN3csp10stack_sizeE) for csp::stack_size
    main.o(.text.main) refers to main.o(.bss._ZZ4mainE4krnl) for main::krnl
    main.o(.text.main) refers to main.o(.text._ZN6kernelCI2N2os6kernelIS_EEEPjj) for kernel::kernel__sub_object(unsigned int*, unsigned int)
    main.o(.ARM.exidx.text.main) refers to main.o(.text.main) for [Anonymous Symbol]
    main.o(.rodata._ZTV4idle) refers to main.o(.text._ZN4idle9task_funcEv) for idle::task_func()
    main.o(.rodata._ZTV4task) refers to main.o(.text._ZN4task9task_funcEv) for task::task_func()
    bsp.o(.text.__cxx_global_var_init) refers to bsp.o(.bss._ZN3csp10stack_sizeE) for csp::stack_size
    bsp.o(.ARM.exidx.text.__cxx_global_var_init) refers to bsp.o(.text.__cxx_global_var_init) for [Anonymous Symbol]
    bsp.o(.text._ZN3csp4tickC2EjPFvvE) refers to bsp.o(.bss._ZN3csp4tick6handleE) for csp::tick::handle
    bsp.o(.text._ZN3csp4tickC2EjPFvvE) refers to bsp.o(.text._ZL14SysTick_Configj) for SysTick_Config(unsigned int)
    bsp.o(.ARM.exidx.text._ZN3csp4tickC2EjPFvvE) refers to bsp.o(.text._ZN3csp4tickC2EjPFvvE) for [Anonymous Symbol]
    bsp.o(.text._ZL14SysTick_Configj) refers to bsp.o(.text._ZL18__NVIC_SetPriority9IRQn_Typej) for __NVIC_SetPriority(IRQn_Type, unsigned int)
    bsp.o(.ARM.exidx.text._ZL14SysTick_Configj) refers to bsp.o(.text._ZL14SysTick_Configj) for [Anonymous Symbol]
    bsp.o(.ARM.exidx.text._ZN3csp4tickC2Ev) refers to bsp.o(.text._ZN3csp4tickC2Ev) for [Anonymous Symbol]
    bsp.o(.text._ZN3csp4tick4initEjPFvvE) refers to bsp.o(.bss._ZGVZN3csp4tick4initEjPFvvEE8instance) for guard variable for csp::tick::init(unsigned int, void (*)())::instance
    bsp.o(.text._ZN3csp4tick4initEjPFvvE) refers to cxa_guard.cpp.o(.text.unlikely.__cxa_guard_acquire) for __cxa_guard_acquire
    bsp.o(.text._ZN3csp4tick4initEjPFvvE) refers to bsp.o(.bss._ZZN3csp4tick4initEjPFvvEE8instance) for csp::tick::init(unsigned int, void (*)())::instance
    bsp.o(.text._ZN3csp4tick4initEjPFvvE) refers to bsp.o(.text._ZN3csp4tickC2EjPFvvE) for csp::tick::tick(unsigned int, void (*)())
    bsp.o(.text._ZN3csp4tick4initEjPFvvE) refers to cxa_guard.cpp.o(.text.unlikely.__cxa_guard_release) for __cxa_guard_release
    bsp.o(.ARM.exidx.text._ZN3csp4tick4initEjPFvvE) refers to bsp.o(.text._ZN3csp4tick4initEjPFvvE) for [Anonymous Symbol]
    bsp.o(.ARM.exidx.text._ZN3csp4haltEv) refers to bsp.o(.text._ZN3csp4haltEv) for [Anonymous Symbol]
    bsp.o(.ARM.exidx.text._ZN3csp16interrupt_globalEb) refers to bsp.o(.text._ZN3csp16interrupt_globalEb) for [Anonymous Symbol]
    bsp.o(.text._ZN3bsp3ledC2Ev) refers to bsp.o(.rodata..L__const.led.GPIO_InitStruct) for .L__const.led.GPIO_InitStruct
    bsp.o(.text._ZN3bsp3ledC2Ev) refers to stm32f4xx_hal_gpio.o(.text.HAL_GPIO_Init) for HAL_GPIO_Init
    bsp.o(.ARM.exidx.text._ZN3bsp3ledC2Ev) refers to bsp.o(.text._ZN3bsp3ledC2Ev) for [Anonymous Symbol]
[...]
    _printf_u                                0x08000247   Thumb Code     0  _printf_u.o(.ARM.Collect$$_printf_percent$$0000000A)
    _printf_o                                0x0800024d   Thumb Code     0  _printf_o.o(.ARM.Collect$$_printf_percent$$0000000B)
    _printf_x                                0x08000253   Thumb Code     0  _printf_x.o(.ARM.Collect$$_printf_percent$$0000000C)
    _printf_lli                              0x08000259   Thumb Code     0  _printf_lli.o(.ARM.Collect$$_printf_percent$$0000000D)
    _printf_lld                              0x0800025f   Thumb Code     0  _printf_lld.o(.ARM.Collect$$_printf_percent$$0000000E)
    _printf_llu                              0x08000265   Thumb Code     0  _printf_llu.o(.ARM.Collect$$_printf_percent$$0000000F)
    _printf_llo                              0x0800026b   Thumb Code     0  _printf_llo.o(.ARM.Collect$$_printf_percent$$00000010)
    _printf_llx                              0x08000271   Thumb Code     0  _printf_llx.o(.ARM.Collect$$_printf_percent$$00000011)
    _printf_l                                0x08000277   Thumb Code     0  _printf_l.o(.ARM.Collect$$_printf_percent$$00000012)
    _printf_c                                0x08000281   Thumb Code     0  _printf_c.o(.ARM.Collect$$_printf_percent$$00000013)
    _printf_s                                0x08000287   Thumb Code     0  _printf_s.o(.ARM.Collect$$_printf_percent$$00000014)
    _printf_lc                               0x0800028d   Thumb Code     0  _printf_lc.o(.ARM.Collect$$_printf_percent$$00000015)
    _printf_ls                               0x08000293   Thumb Code     0  _printf_ls.o(.ARM.Collect$$_printf_percent$$00000016)
    _printf_percent_end                      0x08000299   Thumb Code     0  _printf_percent_end.o(.ARM.Collect$$_printf_percent$$00000017)
    __rt_lib_init                            0x0800029d   Thumb Code     0  libinit.o(.ARM.Collect$$libinit$$00000000)
    __rt_lib_init_fp_1                       0x0800029f   Thumb Code     0  libinit2.o(.ARM.Collect$$libinit$$00000002)
    __rt_lib_init_heap_2                     0x0800029f   Thumb Code     0  libinit2.o(.ARM.Collect$$libinit$$00000007)
    __rt_lib_init_preinit_1                  0x0800029f   Thumb Code     0  libinit2.o(.ARM.Collect$$libinit$$00000006)
    __rt_lib_init_relocate_pie_1             0x0800029f   Thumb Code     0  libinit2.o(.ARM.Collect$$libinit$$00000004)
    __rt_lib_init_heap_1                     0x080002a7   Thumb Code     0  libinit2.o(.ARM.Collect$$libinit$$0000000C)
    __rt_lib_init_lc_common                  0x080002a7   Thumb Code     0  libinit2.o(.ARM.Collect$$libinit$$00000011)
    __rt_lib_init_rand_1                     0x080002a7   Thumb Code     0  libinit2.o(.ARM.Collect$$libinit$$00000010)
    __rt_lib_init_user_alloc_1               0x080002a7   Thumb Code     0  libinit2.o(.ARM.Collect$$libinit$$0000000E)
    __rt_lib_init_lc_collate_1               0x080002ad   Thumb Code     0  libinit2.o(.ARM.Collect$$libinit$$00000013)
    __rt_lib_init_lc_ctype_2                 0x080002ad   Thumb Code     0  libinit2.o(.ARM.Collect$$libinit$$00000014)
    __rt_lib_init_lc_ctype_1                 0x080002b9   Thumb Code     0  libinit2.o(.ARM.Collect$$libinit$$00000015)
    __rt_lib_init_lc_monetary_1              0x080002b9   Thumb Code     0  libinit2.o(.ARM.Collect$$libinit$$00000017)
    __rt_lib_init_lc_numeric_2               0x080002b9   Thumb Code     0  libinit2.o(.ARM.Collect$$libinit$$00000018)
    __rt_lib_init_atexit_1                   0x080002c3   Thumb Code     0  libinit2.o(.ARM.Collect$$libinit$$0000001D)
    __rt_lib_init_clock_1                    0x080002c3   Thumb Code     0  libinit2.o(.ARM.Collect$$libinit$$00000023)
    __rt_lib_init_fp_trap_1                  0x080002c3   Thumb Code     0  libinit2.o(.ARM.Collect$$libinit$$00000021)
    __rt_lib_init_getenv_1                   0x080002c3   Thumb Code     0  libinit2.o(.ARM.Collect$$libinit$$00000025)
    __rt_lib_init_lc_numeric_1               0x080002c3   Thumb Code     0  libinit2.o(.ARM.Collect$$libinit$$00000019)
    __rt_lib_init_lc_time_1                  0x080002c3   Thumb Code     0  libinit2.o(.ARM.Collect$$libinit$$0000001B)
    __rt_lib_init_signal_1                   0x080002c3   Thumb Code     0  libinit2.o(.ARM.Collect$$libinit$$0000001F)
    __rt_lib_init_stdio_2                    0x080002c3   Thumb Code     0  libinit2.o(.ARM.Collect$$libinit$$00000026)
    __rt_lib_init_alloca_1                   0x080002c7   Thumb Code     0  libinit2.o(.ARM.Collect$$libinit$$00000030)
    __rt_lib_init_argv_1                     0x080002c7   Thumb Code     0  libinit2.o(.ARM.Collect$$libinit$$0000002E)
    __rt_lib_init_cpp_2                      0x080002c7   Thumb Code     0  libinit2.o(.ARM.Collect$$libinit$$00000033)
    __rt_lib_init_exceptions_1               0x080002c7   Thumb Code     0  libinit2.o(.ARM.Collect$$libinit$$00000032)
    __rt_lib_init_stdio_1                    0x080002c7   Thumb Code     0  libinit2.o(.ARM.Collect$$libinit$$00000027)
    __rt_lib_init_cpp_1                      0x080002cb   Thumb Code     0  libinit2.o(.ARM.Collect$$libinit$$00000034)
    __rt_lib_init_return                     0x080002cb   Thumb Code     0  libinit2.o(.ARM.Collect$$libinit$$00000035)
    __rt_lib_shutdown                        0x080002cd   Thumb Code     0  libshutdown.o(.ARM.Collect$$libshutdown$$00000000)
    __rt_lib_shutdown_cpp_1                  0x080002cf   Thumb Code     0  libshutdown2.o(.ARM.Collect$$libshutdown$$00000002)
    __rt_lib_shutdown_stdio_2                0x080002cf   Thumb Code     0  libshutdown2.o(.ARM.Collect$$libshutdown$$00000003)
    __rt_lib_shutdown_fp_trap_1              0x080002d3   Thumb Code     0  libshutdown2.o(.ARM.Collect$$libshutdown$$00000007)
    __rt_lib_shutdown_heap_1                 0x080002d3   Thumb Code     0  libshutdown2.o(.ARM.Collect$$libshutdown$$0000000F)
    __rt_lib_shutdown_return                 0x080002d3   Thumb Code     0  libshutdown2.o(.ARM.Collect$$libshutdown$$00000010)
    __rt_lib_shutdown_signal_1               0x080002d3   Thumb Code     0  libshutdown2.o(.ARM.Collect$$libshutdown$$0000000A)
    __rt_lib_shutdown_stdio_1                0x080002d3   Thumb Code     0  libshutdown2.o(.ARM.Collect$$libshutdown$$00000004)
    __rt_lib_shutdown_user_alloc_1           0x080002d3   Thumb Code     0  libshutdown2.o(.ARM.Collect$$libshutdown$$0000000C)
    __rt_entry                               0x080002d5   Thumb Code     0  __rtentry.o(.ARM.Collect$$rtentry$$00000000)
    __rt_entry_presh_1                       0x080002d5   Thumb Code     0  __rtentry2.o(.ARM.Collect$$rtentry$$00000002)
    __rt_entry_sh                            0x080002d5   Thumb Code     0  __rtentry4.o(.ARM.Collect$$rtentry$$00000004)
    __rt_entry_li                            0x080002db   Thumb Code     0  __rtentry2.o(.ARM.Collect$$rtentry$$0000000A)
    __rt_entry_postsh_1                      0x080002db   Thumb Code     0  __rtentry2.o(.ARM.Collect$$rtentry$$00000009)
    __rt_entry_main                          0x080002df   Thumb Code     0  __rtentry2.o(.ARM.Collect$$rtentry$$0000000D)
    __rt_entry_postli_1                      0x080002df   Thumb Code     0  __rtentry2.o(.ARM.Collect$$rtentry$$0000000C)
    __rt_exit                                0x080002e7   Thumb Code     0  rtexit.o(.ARM.Collect$$rtexit$$00000000)
    __rt_exit_ls                             0x080002e9   Thumb Code     0  rtexit2.o(.ARM.Collect$$rtexit$$00000003)
    __rt_exit_prels_1                        0x080002e9   Thumb Code     0  rtexit2.o(.ARM.Collect$$rtexit$$00000002)
    __rt_exit_exit                           0x080002ed   Thumb Code     0  rtexit2.o(.ARM.Collect$$rtexit$$00000004)
    ffs_asm                                  0x080002f9   Thumb Code     0  tn_arch_cortex_m.o(.text)
    PendSV_Handler                           0x08000309   Thumb Code     0  tn_arch_cortex_m.o(.text)
    _tn_arch_sys_start                       0x08000333   Thumb Code     0  tn_arch_cortex_m.o(.text)
    _tn_arch_context_switch_now_nosave       0x0800036d   Thumb Code     0  tn_arch_cortex_m.o(.text)
    SVC_Handler                              0x08000371   Thumb Code     0  tn_arch_cortex_m.o(.text)
    tn_arch_int_dis                          0x08000385   Thumb Code     0  tn_arch_cortex_m.o(.text)
    tn_arch_int_en                           0x08000389   Thumb Code     0  tn_arch_cortex_m.o(.text)
    tn_arch_sr_save_int_dis                  0x0800038d   Thumb Code     0  tn_arch_cortex_m.o(.text)
    tn_arch_sr_restore                       0x08000395   Thumb Code     0  tn_arch_cortex_m.o(.text)
    _tn_arch_is_int_disabled                 0x0800039b   Thumb Code     0  tn_arch_cortex_m.o(.text)
    _tn_arch_inside_isr                      0x080003a1   Thumb Code     0  tn_arch_cortex_m.o(.text)
    _tn_arch_context_switch_pend             0x080003b1   Thumb Code     0  tn_arch_cortex_m.o(.text)
    tn_arch_sched_dis_save                   0x080003bb   Thumb Code     0  tn_arch_cortex_m.o(.text)
    tn_arch_sched_restore                    0x080003cd   Thumb Code     0  tn_arch_cortex_m.o(.text)
    Reset_Handler                            0x080003e9   Thumb Code     8  startup_stm32f411xe.o(.text)
    NMI_Handler                              0x080003f1   Thumb Code     2  startup_stm32f411xe.o(.text)
    HardFault_Handler                        0x080003f3   Thumb Code     2  startup_stm32f411xe.o(.text)
    MemManage_Handler                        0x080003f5   Thumb Code     2  startup_stm32f411xe.o(.text)
    BusFault_Handler                         0x080003f7   Thumb Code     2  startup_stm32f411xe.o(.text)
    UsageFault_Handler                       0x080003f9   Thumb Code     2  startup_stm32f411xe.o(.text)
    DebugMon_Handler                         0x080003fd   Thumb Code     2  startup_stm32f411xe.o(.text)
    ADC_IRQHandler                           0x08000403   Thumb Code     0  startup_stm32f411xe.o(.text)
    DMA1_Stream0_IRQHandler                  0x08000403   Thumb Code     0  startup_stm32f411xe.o(.text)
    DMA1_Stream1_IRQHandler                  0x08000403   Thumb Code     0  startup_stm32f411xe.o(.text)
    DMA1_Stream2_IRQHandler                  0x08000403   Thumb Code     0  startup_stm32f411xe.o(.text)
    DMA1_Stream3_IRQHandler                  0x08000403   Thumb Code     0  startup_stm32f411xe.o(.text)
    DMA1_Stream4_IRQHandler                  0x08000403   Thumb Code     0  startup_stm32f411xe.o(.text)
    DMA1_Stream5_IRQHandler                  0x08000403   Thumb Code     0  startup_stm32f411xe.o(.text)
    DMA1_Stream6_IRQHandler                  0x08000403   Thumb Code     0  startup_stm32f411xe.o(.text)
    DMA1_Stream7_IRQHandler                  0x08000403   Thumb Code     0  startup_stm32f411xe.o(.text)
    DMA2_Stream0_IRQHandler                  0x08000403   Thumb Code     0  startup_stm32f411xe.o(.text)
    DMA2_Stream1_IRQHandler                  0x08000403   Thumb Code     0  startup_stm32f411xe.o(.text)
    DMA2_Stream2_IRQHandler                  0x08000403   Thumb Code     0  startup_stm32f411xe.o(.text)
    DMA2_Stream3_IRQHandler                  0x08000403   Thumb Code     0  startup_stm32f411xe.o(.text)
    DMA2_Stream4_IRQHandler                  0x08000403   Thumb Code     0  startup_stm32f411xe.o(.text)
    DMA2_Stream5_IRQHandler                  0x08000403   Thumb Code     0  startup_stm32f411xe.o(.text)
    DMA2_Stream6_IRQHandler                  0x08000403   Thumb Code     0  startup_stm32f411xe.o(.text)
    DMA2_Stream7_IRQHandler                  0x08000403   Thumb Code     0  startup_stm32f411xe.o(.text)
    EXTI0_IRQHandler                         0x08000403   Thumb Code     0  startup_stm32f411xe.o(.text)
    EXTI15_10_IRQHandler                     0x08000403   Thumb Code     0  startup_stm32f411xe.o(.text)
    EXTI1_IRQHandler                         0x08000403   Thumb Code     0  startup_stm32f411xe.o(.text)
    EXTI2_IRQHandler                         0x08000403   Thumb Code     0  startup_stm32f411xe.o(.text)
    EXTI3_IRQHandler                         0x08000403   Thumb Code     0  startup_stm32f411xe.o(.text)
    EXTI4_IRQHandler                         0x08000403   Thumb Code     0  startup_stm32f411xe.o(.text)
    EXTI9_5_IRQHandler                       0x08000403   Thumb Code     0  startup_stm32f411xe.o(.text)
    FLASH_IRQHandler                         0x08000403   Thumb Code     0  startup_stm32f411xe.o(.text)
    FPU_IRQHandler                           0x08000403   Thumb Code     0  startup_stm32f411xe.o(.text)
    I2C1_ER_IRQHandler                       0x08000403   Thumb Code     0  startup_stm32f411xe.o(.text)
    I2C1_EV_IRQHandler                       0x08000403   Thumb Code     0  startup_stm32f411xe.o(.text)
    I2C2_ER_IRQHandler                       0x08000403   Thumb Code     0  startup_stm32f411xe.o(.text)
    I2C2_EV_IRQHandler                       0x08000403   Thumb Code     0  startup_stm32f411xe.o(.text)
    I2C3_ER_IRQHandler                       0x08000403   Thumb Code     0  startup_stm32f411xe.o(.text)
    I2C3_EV_IRQHandler                       0x08000403   Thumb Code     0  startup_stm32f411xe.o(.text)
    OTG_FS_IRQHandler                        0x08000403   Thumb Code     0  startup_stm32f411xe.o(.text)
    OTG_FS_WKUP_IRQHandler                   0x08000403   Thumb Code     0  startup_stm32f411xe.o(.text)
    PVD_IRQHandler                           0x08000403   Thumb Code     0  startup_stm32f411xe.o(.text)
    RCC_IRQHandler                           0x08000403   Thumb Code     0  startup_stm32f411xe.o(.text)
    RTC_Alarm_IRQHandler                     0x08000403   Thumb Code     0  startup_stm32f411xe.o(.text)
    RTC_WKUP_IRQHandler                      0x08000403   Thumb Code     0  startup_stm32f411xe.o(.text)
    SDIO_IRQHandler                          0x08000403   Thumb Code     0  startup_stm32f411xe.o(.text)
    SPI1_IRQHandler                          0x08000403   Thumb Code     0  startup_stm32f411xe.o(.text)
    SPI2_IRQHandler                          0x08000403   Thumb Code     0  startup_stm32f411xe.o(.text)
    SPI3_IRQHandler                          0x08000403   Thumb Code     0  startup_stm32f411xe.o(.text)
    SPI4_IRQHandler                          0x08000403   Thumb Code     0  startup_stm32f411xe.o(.text)
    SPI5_IRQHandler                          0x08000403   Thumb Code     0  startup_stm32f411xe.o(.text)
    TAMP_STAMP_IRQHandler                    0x08000403   Thumb Code     0  startup_stm32f411xe.o(.text)
    TIM1_BRK_TIM9_IRQHandler                 0x08000403   Thumb Code     0  startup_stm32f411xe.o(.text)
    TIM1_CC_IRQHandler                       0x08000403   Thumb Code     0  startup_stm32f411xe.o(.text)
    TIM1_TRG_COM_TIM11_IRQHandler            0x08000403   Thumb Code     0  startup_stm32f411xe.o(.text)
    TIM1_UP_TIM10_IRQHandler                 0x08000403   Thumb Code     0  startup_stm32f411xe.o(.text)
    TIM2_IRQHandler                          0x08000403   Thumb Code     0  startup_stm32f411xe.o(.text)
    TIM3_IRQHandler                          0x08000403   Thumb Code     0  startup_stm32f411xe.o(.text)
    TIM4_IRQHandler                          0x08000403   Thumb Code     0  startup_stm32f411xe.o(.text)
    TIM5_IRQHandler                          0x08000403   Thumb Code     0  startup_stm32f411xe.o(.text)
    USART1_IRQHandler                        0x08000403   Thumb Code     0  startup_stm32f411xe.o(.text)
    USART2_IRQHandler                        0x08000403   Thumb Code     0  startup_stm32f411xe.o(.text)
    USART6_IRQHandler                        0x08000403   Thumb Code     0  startup_stm32f411xe.o(.text)
    WWDG_IRQHandler                          0x08000403   Thumb Code     0  startup_stm32f411xe.o(.text)
    __user_initial_stackheap                 0x08000405   Thumb Code     0  startup_stm32f411xe.o(.text)
    printf                                   0x0800043d   Thumb Code    20  printf.o(.text)
    strcmp                                   0x08000459   Thumb Code   124  strcmpv7em.o(.text)
    __use_two_region_memory                  0x080004d5   Thumb Code     2  heapauxi.o(.text)
    __rt_heap_escrow                         0x080004d7   Thumb Code     2  heapauxi.o(.text)
    __rt_heap_expand                         0x080004d9   Thumb Code     2  heapauxi.o(.text)
    __cpp_initialize__aeabi_                 0x080004dd   Thumb Code    28  init_aeabi.o(.text)
    _printf_pre_padding                      0x08000501   Thumb Code    44  _printf_pad.o(.text)
    _printf_post_padding                     0x0800052d   Thumb Code    34  _printf_pad.o(.text)
    _printf_truncate_signed                  0x0800054f   Thumb Code    18  _printf_truncate.o(.text)
    _printf_truncate_unsigned                0x08000561   Thumb Code    18  _printf_truncate.o(.text)
    _printf_str                              0x08000573   Thumb Code    82  _printf_str.o(.text)
    _printf_int_dec                          0x080005c5   Thumb Code   104  _printf_dec.o(.text)
    _printf_charcount                        0x0800063d   Thumb Code    40  _printf_charcount.o(.text)
    _printf_char_file                        0x08000665   Thumb Code    32  _printf_char_file.o(.text)
    _printf_wctomb                           0x08000689   Thumb Code   182  _printf_wctomb.o(.text)
    _printf_longlong_dec                     0x08000745   Thumb Code   108  _printf_longlong_dec.o(.text)
    _printf_longlong_oct                     0x080007c1   Thumb Code    68  _printf_oct_int_ll.o(.text)
    _printf_int_oct                          0x08000805   Thumb Code    24  _printf_oct_int_ll.o(.text)
    _printf_ll_oct                           0x0800081d   Thumb Code    12  _printf_oct_int_ll.o(.text)
    _printf_longlong_hex                     0x08000831   Thumb Code    86  _printf_hex_int_ll_ptr.o(.text)
    _printf_int_hex                          0x08000887   Thumb Code    28  _printf_hex_int_ll_ptr.o(.text)
    _printf_ll_hex                           0x080008a3   Thumb Code    12  _printf_hex_int_ll_ptr.o(.text)
    _printf_hex_ptr                          0x080008af   Thumb Code    18  _printf_hex_int_ll_ptr.o(.text)
    __printf                                 0x080008c5   Thumb Code   388  __printf_flags_ss_wp.o(.text)
    _ll_udiv10                               0x08000a4d   Thumb Code   138  lludiv10.o(.text)
    _printf_int_common                       0x08000ad7   Thumb Code   178  _printf_intcommon.o(.text)
    _printf_fp_dec_real                      0x08000d39   Thumb Code   620  _printf_fp_dec.o(.text)
    _printf_fp_hex_real                      0x08000fa5   Thumb Code   756  _printf_fp_hex.o(.text)
    _printf_char_common                      0x080012ab   Thumb Code    32  _printf_char_common.o(.text)
    _printf_cs_common                        0x080012d1   Thumb Code    20  _printf_char.o(.text)
    _printf_char                             0x080012e5   Thumb Code    16  _printf_char.o(.text)
    _printf_string                           0x080012f5   Thumb Code     8  _printf_char.o(.text)
    _printf_lcs_common                       0x080012fd   Thumb Code    20  _printf_wchar.o(.text)
    _printf_wchar                            0x08001311   Thumb Code    16  _printf_wchar.o(.text)
    _printf_wstring                          0x08001321   Thumb Code     8  _printf_wchar.o(.text)
    ferror                                   0x08001329   Thumb Code     8  ferror.o(.text)
    _initio                                  0x08001331   Thumb Code   210  initio.o(.text)
    _terminateio                             0x08001403   Thumb Code    56  initio.o(.text)
    _c16rtomb                                0x08001469   Thumb Code    72  _c16rtomb.o(.text)
    _wcrtomb                                 0x08001469   Thumb Code     0  _c16rtomb.o(.text)
    abort                                    0x080014b1   Thumb Code    22  abort.o(.text)
    _sys_exit                                0x080014c9   Thumb Code     8  sys_exit.o(.text)
    __user_setup_stackheap                   0x080014d5   Thumb Code    74  sys_stackheap_outer.o(.text)
    __rt_ctype_table                         0x08001521   Thumb Code    16  rt_ctype_table.o(.text)
    __rt_locale                              0x08001531   Thumb Code     8  rt_locale_intlibspace.o(.text)
    free                                     0x08001539   Thumb Code    78  h1_free.o(.text)
    _printf_fp_infnan                        0x08001589   Thumb Code   112  _printf_fp_infnan.o(.text)
    _btod_etento                             0x08001609   Thumb Code   224  bigflt0.o(.text)
    __flsbuf                                 0x080016ed   Thumb Code   482  flsbuf.o(.text)
    __flsbuf_byte                            0x080016ed   Thumb Code     0  flsbuf.o(.text)
    __flsbuf_wide                            0x080016ed   Thumb Code     0  flsbuf.o(.text)
    setvbuf                                  0x080018cf   Thumb Code    70  setvbuf.o(.text)
    freopen                                  0x08001915   Thumb Code   160  fopen.o(.text)
    fopen                                    0x080019b5   Thumb Code    74  fopen.o(.text)
    _fclose_internal                         0x08001a05   Thumb Code    76  fclose.o(.text)
    fclose                                   0x08001a05   Thumb Code     0  fclose.o(.text)
    exit                                     0x08001a51   Thumb Code    18  exit.o(.text)
    __rt_SIGABRT                             0x08001a63   Thumb Code    14  defsig_abrt_outer.o(.text)
    __rt_SIGRTRED                            0x08001a71   Thumb Code    14  defsig_rtred_outer.o(.text)
    __aeabi_memclr4                          0x08001a7f   Thumb Code     0  rt_memclr_w.o(.text)
    __aeabi_memclr8                          0x08001a7f   Thumb Code     0  rt_memclr_w.o(.text)
    __rt_memclr_w                            0x08001a7f   Thumb Code     0  rt_memclr_w.o(.text)
    _memset_w                                0x08001a83   Thumb Code    74  rt_memclr_w.o(.text)
    __user_libspace                          0x08001acd   Thumb Code     8  libspace.o(.text)
    __user_perproc_libspace                  0x08001acd   Thumb Code     0  libspace.o(.text)
    __user_perthread_libspace                0x08001acd   Thumb Code     0  libspace.o(.text)
    __I$use$semihosting                      0x08001ad5   Thumb Code     0  use_no_semi.o(.text)
    __use_no_semihosting_swi                 0x08001ad5   Thumb Code     2  use_no_semi.o(.text)
    __semihosting_library_function           0x08001ad7   Thumb Code     0  indicate_semi.o(.text)
    __rt_heap_descriptor                     0x08001ad9   Thumb Code     8  rt_heap_descriptor_intlibspace.o(.text)
    __use_no_heap                            0x08001ae1   Thumb Code     2  hguard.o(.text)
    __heap$guard                             0x08001ae3   Thumb Code     2  hguard.o(.text)
    _terminate_user_alloc                    0x08001ae5   Thumb Code     2  init_alloc.o(.text)
    _init_user_alloc                         0x08001ae7   Thumb Code     2  init_alloc.o(.text)
    __Heap_Full                              0x08001ae9   Thumb Code    34  init_alloc.o(.text)
    __Heap_Broken                            0x08001b0b   Thumb Code     6  init_alloc.o(.text)
    _init_alloc                              0x08001b11   Thumb Code    94  init_alloc.o(.text)
    malloc                                   0x08001b6f   Thumb Code    94  h1_alloc.o(.text)
    _fseek                                   0x08001bcd   Thumb Code   242  fseek.o(.text)
    fseek                                    0x08001bcd   Thumb Code     0  fseek.o(.text)
    _seterr                                  0x08001cc5   Thumb Code    20  stdio.o(.text)
    _writebuf                                0x08001cd9   Thumb Code   108  stdio.o(.text)
    _fflush                                  0x08001d45   Thumb Code    70  stdio.o(.text)
    _deferredlazyseek                        0x08001d8b   Thumb Code    60  stdio.o(.text)
    __sig_exit                               0x08001dcd   Thumb Code    10  defsig_exit.o(.text)
    __rt_SIGABRT_inner                       0x08001dd9   Thumb Code    14  defsig_abrt_inner.o(.text)
    __rt_SIGRTRED_inner                      0x08001e09   Thumb Code    14  defsig_rtred_inner.o(.text)
    __rt_SIGRTMEM                            0x08001e3d   Thumb Code    14  defsig_rtmem_outer.o(.text)
    __Heap_Initialize                        0x08001e4b   Thumb Code    10  h1_init.o(.text)
    _maybe_terminate_alloc                   0x08001e4b   Thumb Code     0  maybetermalloc1.o(.text)
    __Heap_DescSize                          0x08001e55   Thumb Code     4  h1_init.o(.text)
    __Heap_ProvideMemory                     0x08001e59   Thumb Code    52  h1_extend.o(.text)
    _ftell_internal                          0x08001e8d   Thumb Code    66  ftell.o(.text)
    ftell                                    0x08001e8d   Thumb Code     0  ftell.o(.text)
    __default_signal_display                 0x08001ecf   Thumb Code    50  defsig_general.o(.text)
    __rt_SIGRTMEM_inner                      0x08001f01   Thumb Code    22  defsig_rtmem_inner.o(.text)
    __aeabi_errno_addr                       0x08001f51   Thumb Code     8  rt_errno_addr_intlibspace.o(.text)
    __errno$intlibspace                      0x08001f51   Thumb Code     0  rt_errno_addr_intlibspace.o(.text)
    __rt_errno_addr$intlibspace              0x08001f51   Thumb Code     0  rt_errno_addr_intlibspace.o(.text)
    HAL_GPIO_Init                            0x08001f59   Thumb Code   866  stm32f4xx_hal_gpio.o(.text.HAL_GPIO_Init)
    HAL_GPIO_TogglePin                       0x080022bd   Thumb Code    38  stm32f4xx_hal_gpio.o(.text.HAL_GPIO_TogglePin)
    SEGGER_RTT_PutChar                       0x08002309   Thumb Code   168  segger_rtt.o(.text.SEGGER_RTT_PutChar)
    SysTick_Handler                          0x080023b1   Thumb Code    32  bsp.o(.text.SysTick_Handler)
    SystemInit                               0x080023d1   Thumb Code     2  system_stm32f4xx.o(.text.SystemInit)
    os::task<104u, (os::priority)4>::task__sub_object(char const*) 0x08002535   Thumb Code    74  main.o(.text._ZN2os4taskILj104ELNS_8priorityE4EEC2EPKc)
    os::task<192u, (os::priority)2>::task__sub_object(char const*) 0x08002581   Thumb Code    74  main.o(.text._ZN2os4taskILj192ELNS_8priorityE2EEC2EPKc)
    os::kernel<kernel>::tick()               0x080025cd   Thumb Code     8  main.o(.text._ZN2os6kernelI6kernelE4tickEv)
    os::kernel<kernel>::kernel__sub_object(unsigned int*, unsigned int) 0x080025d5   Thumb Code    46  main.o(.text._ZN2os6kernelI6kernelEC2EPjj)
    os::task_base::task_force(void*)         0x08002605   Thumb Code    18  os.o(.text._ZN2os9task_base10task_forceEPv)
    os::task_base::sleep(unsigned int)       0x08002619   Thumb Code    18  os.o(.text._ZN2os9task_base5sleepEj)
    os::task_base::task_base__sub_object()   0x0800262d   Thumb Code    22  main.o(.text._ZN2os9task_baseC2Ev)
    bsp::led::toggle()                       0x08002645   Thumb Code    26  bsp.o(.text._ZN3bsp3led6toggleEv)
    bsp::led::led()                          0x08002661   Thumb Code   104  bsp.o(.text._ZN3bsp3ledC2Ev)
    bsp::led::led__sub_object()              0x08002661   Thumb Code   104  bsp.o(.text._ZN3bsp3ledC2Ev)
    csp::halt()                              0x080026c9   Thumb Code     4  bsp.o(.text._ZN3csp4haltEv)
    csp::tick::init(unsigned int, void (*)()) 0x080026cd   Thumb Code    86  bsp.o(.text._ZN3csp4tick4initEjPFvvE)
    csp::tick::tick(unsigned int, void (*)()) 0x08002725   Thumb Code    56  bsp.o(.text._ZN3csp4tickC2EjPFvvE)
    csp::tick::tick__sub_object(unsigned int, void (*)()) 0x08002725   Thumb Code    56  bsp.o(.text._ZN3csp4tickC2EjPFvvE)
    idle::task_func()                        0x0800275d   Thumb Code    14  main.o(.text._ZN4idle9task_funcEv)
    idle::idle__sub_object(char const*)      0x0800276d   Thumb Code    36  main.o(.text._ZN4idleCI2N2os4taskILj104ELNS0_8priorityE4EEEEPKc)
    task::task_func()                        0x08002791   Thumb Code    36  main.o(.text._ZN4task9task_funcEv)
    task::task__sub_object(char const*)      0x080027b5   Thumb Code    36  main.o(.text._ZN4taskCI2N2os4taskILj192ELNS0_8priorityE2EEEEPKc)
    kernel::hw_init()                        0x080027d9   Thumb Code    18  main.o(.text._ZN6kernel7hw_initEv)
    kernel::sw_init()                        0x080027ed   Thumb Code     2  main.o(.text._ZN6kernel7sw_initEv)
    kernel::kernel__sub_object(unsigned int*, unsigned int) 0x080027f1   Thumb Code    28  main.o(.text._ZN6kernelCI2N2os6kernelIS_EEEPjj)
    __cxa_pure_virtual                       0x0800280d   Thumb Code     8  cxa_virtual.cpp.o(.text.__cxa_pure_virtual)
    _sys_close                               0x08002a85   Thumb Code    74  retarget_io.o(.text._sys_close)
    _sys_flen                                0x08002ad1   Thumb Code    72  retarget_io.o(.text._sys_flen)
    _sys_istty                               0x08002b19   Thumb Code    72  retarget_io.o(.text._sys_istty)
    _sys_open                                0x08002b61   Thumb Code   132  retarget_io.o(.text._sys_open)
    _sys_seek                                0x08002be5   Thumb Code    82  retarget_io.o(.text._sys_seek)
    _sys_write                               0x08002c39   Thumb Code   152  retarget_io.o(.text._sys_write)
    _tn_arch_stack_init                      0x08002d5d   Thumb Code   260  tn_arch_cortex_m_c.o(.text._tn_arch_stack_init)
    _tn_change_running_task_priority         0x08002e61   Thumb Code   164  tn_tasks.o(.text._tn_change_running_task_priority)
    _tn_change_task_priority                 0x08002f05   Thumb Code    46  tn_tasks.o(.text._tn_change_task_priority)
    _tn_cry_deadlock                         0x08002f35   Thumb Code   122  tn_sys.o(.text._tn_cry_deadlock)
    _tn_list_add_tail                        0x08002fb1   Thumb Code    36  tn_list.o(.text._tn_list_add_tail)
    _tn_list_is_empty                        0x08002fd5   Thumb Code    44  tn_list.o(.text._tn_list_is_empty)
    _tn_list_is_initialized                  0x08003001   Thumb Code    40  tn_list.o(.text._tn_list_is_initialized)
    _tn_list_remove_entry                    0x08003029   Thumb Code    24  tn_list.o(.text._tn_list_remove_entry)
    _tn_list_remove_head                     0x08003041   Thumb Code    56  tn_list.o(.text._tn_list_remove_head)
    _tn_list_reset                           0x08003079   Thumb Code    16  tn_list.o(.text._tn_list_reset)
    _tn_mutex_i_on_task_wait_complete        0x08003089   Thumb Code    48  tn_mutex.o(.text._tn_mutex_i_on_task_wait_complete)
    _tn_mutex_on_task_wait_complete          0x080030b9   Thumb Code    42  tn_mutex.o(.text._tn_mutex_on_task_wait_complete)
    _tn_mutex_unlock_all_by_task             0x080030e5   Thumb Code    64  tn_mutex.o(.text._tn_mutex_unlock_all_by_task)
    _tn_sys_on_context_switch                0x08003125   Thumb Code   254  tn_sys.o(.text._tn_sys_on_context_switch)
    _tn_sys_state_flags_clear                0x08003225   Thumb Code    38  tn_sys.o(.text._tn_sys_state_flags_clear)
    _tn_sys_state_flags_set                  0x0800324d   Thumb Code    38  tn_sys.o(.text._tn_sys_state_flags_set)
    _tn_task_activate                        0x08003275   Thumb Code    64  tn_tasks.o(.text._tn_task_activate)
    _tn_task_clear_dormant                   0x080032b5   Thumb Code    86  tn_tasks.o(.text._tn_task_clear_dormant)
    _tn_task_clear_runnable                  0x0800330d   Thumb Code   244  tn_tasks.o(.text._tn_task_clear_runnable)
    _tn_task_clear_waiting                   0x08003401   Thumb Code   158  tn_tasks.o(.text._tn_task_clear_waiting)
    _tn_task_exit_nodelete                   0x080034a1   Thumb Code    10  tn_tasks.o(.text._tn_task_exit_nodelete)
    _tn_task_set_dormant                     0x080034ad   Thumb Code    86  tn_tasks.o(.text._tn_task_set_dormant)
    _tn_task_set_runnable                    0x08003505   Thumb Code   174  tn_tasks.o(.text._tn_task_set_runnable)
    _tn_task_set_waiting                     0x080035b5   Thumb Code   140  tn_tasks.o(.text._tn_task_set_waiting)
    _tn_task_stack_end_get                   0x08003641   Thumb Code    12  tn_tasks.o(.text._tn_task_stack_end_get)
    _tn_timer_cancel                         0x0800364d   Thumb Code    66  tn_timer_static.o(.text._tn_timer_cancel)
    _tn_timer_create                         0x08003691   Thumb Code    70  tn_timer.o(.text._tn_timer_create)
    _tn_timer_is_active                      0x080036d9   Thumb Code    36  tn_timer.o(.text._tn_timer_is_active)
    _tn_timer_set_func                       0x080036fd   Thumb Code    50  tn_timer.o(.text._tn_timer_set_func)
    _tn_timer_start                          0x08003731   Thumb Code   172  tn_timer_static.o(.text._tn_timer_start)
    _tn_timers_init                          0x080037dd   Thumb Code    76  tn_timer_static.o(.text._tn_timers_init)
    _tn_timers_tick_proceed                  0x08003829   Thumb Code   306  tn_timer_static.o(.text._tn_timers_tick_proceed)
    _ttywrch                                 0x0800395d   Thumb Code    16  retarget_io.o(.text._ttywrch)
    abort_message                            0x08003b1b   Thumb Code     4  abort_message.cpp.o(.text.abort_message)
    main                                     0x08003b21   Thumb Code   250  main.o(.text.main)
    stderr_putchar                           0x08003c1d   Thumb Code    16  rtt_io.o(.text.stderr_putchar)
    stdout_putchar                           0x08003c2d   Thumb Code    16  rtt_io.o(.text.stdout_putchar)
    tn_sys_context_get                       0x08003c3d   Thumb Code    56  tn_sys.o(.text.tn_sys_context_get)
    tn_sys_start                             0x08003c75   Thumb Code   252  tn_sys.o(.text.tn_sys_start)
    tn_task_create                           0x08003d71   Thumb Code   520  tn_tasks.o(.text.tn_task_create)
    tn_task_create_wname                     0x08003f79   Thumb Code    80  tn_tasks.o(.text.tn_task_create_wname)
    tn_task_exit                             0x08003fc9   Thumb Code   136  tn_tasks.o(.text.tn_task_exit)
    tn_task_sleep                            0x08004051   Thumb Code   176  tn_tasks.o(.text.tn_task_sleep)
    tn_tick_int_processing                   0x08004101   Thumb Code   414  tn_sys.o(.text.tn_tick_int_processing)
    ttywrch                                  0x080042a1   Thumb Code    16  rtt_io.o(.text.ttywrch)
    __cxa_guard_acquire                      0x080042b1   Thumb Code    40  cxa_guard.cpp.o(.text.unlikely.__cxa_guard_acquire)
    __cxa_guard_release                      0x08004311   Thumb Code     8  cxa_guard.cpp.o(.text.unlikely.__cxa_guard_release)
    usr_put_char                             0x08004319   Thumb Code    30  rtt_io.o(.text.usr_put_char)
    _btod_d2e                                0x08004337   Thumb Code    62  btod.o(CL$$btod_d2e)
    _d2e_denorm_low                          0x08004375   Thumb Code    70  btod.o(CL$$btod_d2e_denorm_low)
    _d2e_norm_op1                            0x080043bb   Thumb Code    96  btod.o(CL$$btod_d2e_norm_op1)
    __btod_div_common                        0x0800441d   Thumb Code   696  btod.o(CL$$btod_div_common)
    _e2e                                     0x08004755   Thumb Code   220  btod.o(CL$$btod_e2e)
    _btod_ediv                               0x08004831   Thumb Code    42  btod.o(CL$$btod_ediv)
    _btod_emul                               0x0800485b   Thumb Code    42  btod.o(CL$$btod_emul)
    __btod_mult_common                       0x08004885   Thumb Code   580  btod.o(CL$$btod_mult_common)
    __ARM_fpclassify                         0x08004ac9   Thumb Code    40  fpclassify.o(i.__ARM_fpclassify)
    _is_digit                                0x08004af1   Thumb Code    14  __printf_wp.o(i._is_digit)
    fputc                                    0x08004aff   Thumb Code    28  fputc.o(i.fputc)
    _get_lc_numeric                          0x08004b1d   Thumb Code    44  lc_numeric_c.o(locale$$code)
    _get_lc_ctype                            0x08004b49   Thumb Code    44  lc_ctype_c.o(locale$$code)
    _printf_fp_dec                           0x08004b75   Thumb Code     4  printf1.o(x$fpl$printf1)
    _printf_fp_hex                           0x08004b79   Thumb Code     4  printf2.o(x$fpl$printf2)
    __I$use$fp                               0x08004b7c   Number         0  usenofp.o(x$fpl$usenofp)
    csp::stack_ptr                           0x08004ca0   Data           4  bsp.o(.rodata._ZN3csp9stack_ptrE)
    vtable for idle                          0x08004ca4   Data          12  main.o(.rodata._ZTV4idle)
    vtable for task                          0x08004cb0   Data          12  main.o(.rodata._ZTV4task)
    vtable for os::task<104u, (os::priority)4> 0x08004cbc   Data          12  main.o(.rodata._ZTVN2os4taskILj104ELNS_8priorityE4EEE)
    vtable for os::task<192u, (os::priority)2> 0x08004cc8   Data          12  main.o(.rodata._ZTVN2os4taskILj192ELNS_8priorityE2EEE)
    vtable for os::task_base                 0x08004cd4   Data          12  main.o(.rodata._ZTVN2os9task_baseE)
    __stderr_name                            0x08004ce0   Data           8  retarget_io.o(.rodata.__stderr_name)
    __stdin_name                             0x08004ce8   Data           7  retarget_io.o(.rodata.__stdin_name)
    __stdout_name                            0x08004cef   Data           8  retarget_io.o(.rodata.__stdout_name)
    _tn_scvd_task                            0x08004cf8   Data         160  tn_tasks.o(.rodata._tn_scvd_task)
    Region$$Table$$Base                      0x08004e14   Number         0  anon$$obj.o(Region$$Table)
    Region$$Table$$Limit                     0x08004e34   Number         0  anon$$obj.o(Region$$Table)
    __ctype                                  0x08004e5d   Data           0  lc_ctype_c.o(locale$$data)
    SHT$$INIT_ARRAY$$Base                    0x08004f60   Number         0  bsp.o(.init_array)
    SHT$$INIT_ARRAY$$Limit                   0x08004f64   Number         0  init_aeabi.o(.init_array)
    Image$$RW_STACK$$Base                    0x20000000   Number         0  anon$$obj.o ABSOLUTE
    __aeabi_stdin                            0x20000400   Data           4  stdio_streams.o(.data)
    __aeabi_stdout                           0x20000404   Data           4  stdio_streams.o(.data)
    __aeabi_stderr                           0x20000408   Data           4  stdio_streams.o(.data)
    __stdin                                  0x20000410   Data          84  stdio_streams.o(.bss)
    __stdout                                 0x20000464   Data          84  stdio_streams.o(.bss)
    __stderr                                 0x200004b8   Data          84  stdio_streams.o(.bss)
    __libspace_start                         0x2000050c   Data          96  libspace.o(.bss)
    _SEGGER_RTT                              0x2000056c   Data          72  segger_rtt.o(.bss._SEGGER_RTT)
    __temporary_stack_top$libspace           0x2000056c   Data           0  libspace.o(.bss)
    csp::stack_size                          0x200005c4   Data           4  bsp.o(.bss._ZN3csp10stack_sizeE)
    csp::tick::handle                        0x200005c8   Data           4  bsp.o(.bss._ZN3csp4tick6handleE)
    _tn_curr_run_task                        0x200008a4   Data           4  tn_sys.o(.bss._tn_curr_run_task)
    _tn_int_stack                            0x200008ac   Data           4  tn_sys.o(.bss._tn_int_stack)
    _tn_int_stack_size                       0x200008b0   Data           4  tn_sys.o(.bss._tn_int_stack_size)
    _tn_next_task_to_run                     0x200008b4   Data           4  tn_sys.o(.bss._tn_next_task_to_run)
    _tn_ready_to_run_bmp                     0x200008b8   Data           4  tn_sys.o(.bss._tn_ready_to_run_bmp)
    _tn_sys_state                            0x200008bc   Data           1  tn_sys.o(.bss._tn_sys_state)
    _tn_sys_time_count                       0x200008c0   Data           4  tn_timer_static.o(.bss._tn_sys_time_count)
    _tn_tasks_created_cnt                    0x200008c4   Data           4  tn_sys.o(.bss._tn_tasks_created_cnt)
    _tn_tasks_created_list                   0x200008c8   Data           8  tn_sys.o(.bss._tn_tasks_created_list)
    _tn_tasks_ready_list                     0x200008d0   Data          40  tn_sys.o(.bss._tn_tasks_ready_list)
    _tn_timer_list__gen                      0x200008f8   Data           8  tn_timer_static.o(.bss._tn_timer_list__gen)
    _tn_timer_list__tick                     0x20000900   Data          64  tn_timer_static.o(.bss._tn_timer_list__tick)



==============================================================================

Memory Map of the image

  Image Entry point : 0x08000199

  Load Region LR_IROM1 (Base: 0x08000000, Size: 0x00004f78, Max: 0x00080000, ABSOLUTE)

    Execution Region ER_IROM1 (Exec base: 0x08000000, Load base: 0x08000000, Size: 0x00004f64, Max: 0x00080000, ABSOLUTE)

    Exec Addr    Load Addr    Size         Type   Attr      Idx    E Section Name        Object

    0x08000000   0x08000000   0x00000198   Data   RO          944    RESET               startup_stm32f411xe.o
    0x08000198   0x08000198   0x00000008   Code   RO          975  * !!!main             c_w.l(__main.o)
    0x080001a0   0x080001a0   0x00000034   Code   RO         1526    !!!scatter          c_w.l(__scatter.o)
    0x080001d4   0x080001d4   0x0000001a   Code   RO         1528    !!handler_copy      c_w.l(__scatter_copy.o)
    0x080001ee   0x080001ee   0x00000002   PAD
    0x080001f0   0x080001f0   0x0000001c   Code   RO         1530    !!handler_zi        c_w.l(__scatter_zi.o)
    0x0800020c   0x0800020c   0x00000000   Code   RO         1081    .ARM.Collect$$_printf_percent$$00000000  c_w.l(_printf_percent.o)
    0x0800020c   0x0800020c   0x00000006   Code   RO         1070    .ARM.Collect$$_printf_percent$$00000001  c_w.l(_printf_n.o)
    0x08000212   0x08000212   0x00000006   Code   RO         1072    .ARM.Collect$$_printf_percent$$00000002  c_w.l(_printf_p.o)
    0x08000218   0x08000218   0x00000006   Code   RO         1077    .ARM.Collect$$_printf_percent$$00000003  c_w.l(_printf_f.o)
    0x0800021e   0x0800021e   0x00000006   Code   RO         1078    .ARM.Collect$$_printf_percent$$00000004  c_w.l(_printf_e.o)
    0x08000224   0x08000224   0x00000006   Code   RO         1079    .ARM.Collect$$_printf_percent$$00000005  c_w.l(_printf_g.o)
    0x0800022a   0x0800022a   0x00000006   Code   RO         1080    .ARM.Collect$$_printf_percent$$00000006  c_w.l(_printf_a.o)
    0x08000230   0x08000230   0x0000000a   Code   RO         1085    .ARM.Collect$$_printf_percent$$00000007  c_w.l(_printf_ll.o)
    0x0800023a   0x0800023a   0x00000006   Code   RO         1074    .ARM.Collect$$_printf_percent$$00000008  c_w.l(_printf_i.o)
    0x08000240   0x08000240   0x00000006   Code   RO         1075    .ARM.Collect$$_printf_percent$$00000009  c_w.l(_printf_d.o)
    0x08000246   0x08000246   0x00000006   Code   RO         1076    .ARM.Collect$$_printf_percent$$0000000A  c_w.l(_printf_u.o)
    0x0800024c   0x0800024c   0x00000006   Code   RO         1073    .ARM.Collect$$_printf_percent$$0000000B  c_w.l(_printf_o.o)
    0x08000252   0x08000252   0x00000006   Code   RO         1071    .ARM.Collect$$_printf_percent$$0000000C  c_w.l(_printf_x.o)
    0x08000258   0x08000258   0x00000006   Code   RO         1082    .ARM.Collect$$_printf_percent$$0000000D  c_w.l(_printf_lli.o)
    0x0800025e   0x0800025e   0x00000006   Code   RO         1083    .ARM.Collect$$_printf_percent$$0000000E  c_w.l(_printf_lld.o)
    0x08000264   0x08000264   0x00000006   Code   RO         1084    .ARM.Collect$$_printf_percent$$0000000F  c_w.l(_printf_llu.o)
    0x0800026a   0x0800026a   0x00000006   Code   RO         1089    .ARM.Collect$$_printf_percent$$00000010  c_w.l(_printf_llo.o)
    0x08000270   0x08000270   0x00000006   Code   RO         1090    .ARM.Collect$$_printf_percent$$00000011  c_w.l(_printf_llx.o)
    0x08000276   0x08000276   0x0000000a   Code   RO         1086    .ARM.Collect$$_printf_percent$$00000012  c_w.l(_printf_l.o)
    0x08000280   0x08000280   0x00000006   Code   RO         1068    .ARM.Collect$$_printf_percent$$00000013  c_w.l(_printf_c.o)
    0x08000286   0x08000286   0x00000006   Code   RO         1069    .ARM.Collect$$_printf_percent$$00000014  c_w.l(_printf_s.o)
    0x0800028c   0x0800028c   0x00000006   Code   RO         1087    .ARM.Collect$$_printf_percent$$00000015  c_w.l(_printf_lc.o)
    0x08000292   0x08000292   0x00000006   Code   RO         1088    .ARM.Collect$$_printf_percent$$00000016  c_w.l(_printf_ls.o)
    0x08000298   0x08000298   0x00000004   Code   RO         1194    .ARM.Collect$$_printf_percent$$00000017  c_w.l(_printf_percent_end.o)
    0x0800029c   0x0800029c   0x00000002   Code   RO         1360    .ARM.Collect$$libinit$$00000000  c_w.l(libinit.o)
    0x0800029e   0x0800029e   0x00000000   Code   RO         1098    .ARM.Collect$$libinit$$00000002  c_w.l(libinit2.o)
    0x0800029e   0x0800029e   0x00000000   Code   RO         1100    .ARM.Collect$$libinit$$00000004  c_w.l(libinit2.o)
    0x0800029e   0x0800029e   0x00000000   Code   RO         1102    .ARM.Collect$$libinit$$00000006  c_w.l(libinit2.o)
    0x0800029e   0x0800029e   0x00000008   Code   RO         1103    .ARM.Collect$$libinit$$00000007  c_w.l(libinit2.o)
    0x080002a6   0x080002a6   0x00000000   Code   RO         1105    .ARM.Collect$$libinit$$0000000C  c_w.l(libinit2.o)
    0x080002a6   0x080002a6   0x00000000   Code   RO         1107    .ARM.Collect$$libinit$$0000000E  c_w.l(libinit2.o)
    0x080002a6   0x080002a6   0x00000000   Code   RO         1109    .ARM.Collect$$libinit$$00000010  c_w.l(libinit2.o)
    0x080002a6   0x080002a6   0x00000006   Code   RO         1110    .ARM.Collect$$libinit$$00000011  c_w.l(libinit2.o)
    0x080002ac   0x080002ac   0x00000000   Code   RO         1112    .ARM.Collect$$libinit$$00000013  c_w.l(libinit2.o)
    0x080002ac   0x080002ac   0x0000000c   Code   RO         1113    .ARM.Collect$$libinit$$00000014  c_w.l(libinit2.o)
    0x080002b8   0x080002b8   0x00000000   Code   RO         1114    .ARM.Collect$$libinit$$00000015  c_w.l(libinit2.o)
    0x080002b8   0x080002b8   0x00000000   Code   RO         1116    .ARM.Collect$$libinit$$00000017  c_w.l(libinit2.o)
    0x080002b8   0x080002b8   0x0000000a   Code   RO         1117    .ARM.Collect$$libinit$$00000018  c_w.l(libinit2.o)
    0x080002c2   0x080002c2   0x00000000   Code   RO         1118    .ARM.Collect$$libinit$$00000019  c_w.l(libinit2.o)
    0x080002c2   0x080002c2   0x00000000   Code   RO         1120    .ARM.Collect$$libinit$$0000001B  c_w.l(libinit2.o)
    0x080002c2   0x080002c2   0x00000000   Code   RO         1122    .ARM.Collect$$libinit$$0000001D  c_w.l(libinit2.o)
    0x080002c2   0x080002c2   0x00000000   Code   RO         1124    .ARM.Collect$$libinit$$0000001F  c_w.l(libinit2.o)
    0x080002c2   0x080002c2   0x00000000   Code   RO         1126    .ARM.Collect$$libinit$$00000021  c_w.l(libinit2.o)
    0x080002c2   0x080002c2   0x00000000   Code   RO         1128    .ARM.Collect$$libinit$$00000023  c_w.l(libinit2.o)
    0x080002c2   0x080002c2   0x00000000   Code   RO         1130    .ARM.Collect$$libinit$$00000025  c_w.l(libinit2.o)
    0x080002c2   0x080002c2   0x00000004   Code   RO         1131    .ARM.Collect$$libinit$$00000026  c_w.l(libinit2.o)
    0x080002c6   0x080002c6   0x00000000   Code   RO         1132    .ARM.Collect$$libinit$$00000027  c_w.l(libinit2.o)
    0x080002c6   0x080002c6   0x00000000   Code   RO         1136    .ARM.Collect$$libinit$$0000002E  c_w.l(libinit2.o)
    0x080002c6   0x080002c6   0x00000000   Code   RO         1138    .ARM.Collect$$libinit$$00000030  c_w.l(libinit2.o)
    0x080002c6   0x080002c6   0x00000000   Code   RO         1140    .ARM.Collect$$libinit$$00000032  c_w.l(libinit2.o)
    0x080002c6   0x080002c6   0x00000004   Code   RO         1141    .ARM.Collect$$libinit$$00000033  c_w.l(libinit2.o)
    0x080002ca   0x080002ca   0x00000000   Code   RO         1142    .ARM.Collect$$libinit$$00000034  c_w.l(libinit2.o)
    0x080002ca   0x080002ca   0x00000002   Code   RO         1143    .ARM.Collect$$libinit$$00000035  c_w.l(libinit2.o)
    0x080002cc   0x080002cc   0x00000002   Code   RO         1509    .ARM.Collect$$libshutdown$$00000000  c_w.l(libshutdown.o)
    0x080002ce   0x080002ce   0x00000000   Code   RO         1362    .ARM.Collect$$libshutdown$$00000002  c_w.l(libshutdown2.o)
    0x080002ce   0x080002ce   0x00000004   Code   RO         1363    .ARM.Collect$$libshutdown$$00000003  c_w.l(libshutdown2.o)
    0x080002d2   0x080002d2   0x00000000   Code   RO         1364    .ARM.Collect$$libshutdown$$00000004  c_w.l(libshutdown2.o)
    0x080002d2   0x080002d2   0x00000000   Code   RO         1367    .ARM.Collect$$libshutdown$$00000007  c_w.l(libshutdown2.o)
    0x080002d2   0x080002d2   0x00000000   Code   RO         1370    .ARM.Collect$$libshutdown$$0000000A  c_w.l(libshutdown2.o)
    0x080002d2   0x080002d2   0x00000000   Code   RO         1372    .ARM.Collect$$libshutdown$$0000000C  c_w.l(libshutdown2.o)
    0x080002d2   0x080002d2   0x00000000   Code   RO         1375    .ARM.Collect$$libshutdown$$0000000F  c_w.l(libshutdown2.o)
    0x080002d2   0x080002d2   0x00000002   Code   RO         1376    .ARM.Collect$$libshutdown$$00000010  c_w.l(libshutdown2.o)
    0x080002d4   0x080002d4   0x00000000   Code   RO          997    .ARM.Collect$$rtentry$$00000000  c_w.l(__rtentry.o)
    0x080002d4   0x080002d4   0x00000000   Code   RO         1161    .ARM.Collect$$rtentry$$00000002  c_w.l(__rtentry2.o)
    0x080002d4   0x080002d4   0x00000006   Code   RO         1173    .ARM.Collect$$rtentry$$00000004  c_w.l(__rtentry4.o)
    0x080002da   0x080002da   0x00000000   Code   RO         1163    .ARM.Collect$$rtentry$$00000009  c_w.l(__rtentry2.o)
    0x080002da   0x080002da   0x00000004   Code   RO         1164    .ARM.Collect$$rtentry$$0000000A  c_w.l(__rtentry2.o)
    0x080002de   0x080002de   0x00000000   Code   RO         1166    .ARM.Collect$$rtentry$$0000000C  c_w.l(__rtentry2.o)
    0x080002de   0x080002de   0x00000008   Code   RO         1167    .ARM.Collect$$rtentry$$0000000D  c_w.l(__rtentry2.o)
    0x080002e6   0x080002e6   0x00000002   Code   RO         1394    .ARM.Collect$$rtexit$$00000000  c_w.l(rtexit.o)
    0x080002e8   0x080002e8   0x00000000   Code   RO         1457    .ARM.Collect$$rtexit$$00000002  c_w.l(rtexit2.o)
    0x080002e8   0x080002e8   0x00000004   Code   RO         1458    .ARM.Collect$$rtexit$$00000003  c_w.l(rtexit2.o)
    0x080002ec   0x080002ec   0x00000006   Code   RO         1459    .ARM.Collect$$rtexit$$00000004  c_w.l(rtexit2.o)
    0x080002f2   0x080002f2   0x00000006   PAD
    0x080002f8   0x080002f8   0x000000f0   Code   RO          237    .text               tn_arch_cortex_m.o
    0x080003e8   0x080003e8   0x00000054   Code   RO          945    .text               startup_stm32f411xe.o
    0x0800043c   0x0800043c   0x00000018   Code   RO          967    .text               c_w.l(printf.o)
    0x08000454   0x08000454   0x00000004   PAD
    0x08000458   0x08000458   0x0000007c   Code   RO          971    .text               c_w.l(strcmpv7em.o)
    0x080004d4   0x080004d4   0x00000006   Code   RO          973    .text               c_w.l(heapauxi.o)
    0x080004da   0x080004da   0x00000002   PAD
    0x080004dc   0x080004dc   0x00000024   Code   RO          980    .text               c_w.l(init_aeabi.o)
    0x08000500   0x08000500   0x0000004e   Code   RO         1004    .text               c_w.l(_printf_pad.o)
    0x0800054e   0x0800054e   0x00000024   Code   RO         1006    .text               c_w.l(_printf_truncate.o)
    0x08000572   0x08000572   0x00000052   Code   RO         1008    .text               c_w.l(_printf_str.o)
    0x080005c4   0x080005c4   0x00000078   Code   RO         1010    .text               c_w.l(_printf_dec.o)
    0x0800063c   0x0800063c   0x00000028   Code   RO         1012    .text               c_w.l(_printf_charcount.o)
    0x08000664   0x08000664   0x00000024   Code   RO         1014    .text               c_w.l(_printf_char_file.o)
    0x08000688   0x08000688   0x000000bc   Code   RO         1016    .text               c_w.l(_printf_wctomb.o)
    0x08000744   0x08000744   0x0000007c   Code   RO         1019    .text               c_w.l(_printf_longlong_dec.o)
    0x080007c0   0x080007c0   0x00000070   Code   RO         1025    .text               c_w.l(_printf_oct_int_ll.o)
    0x08000830   0x08000830   0x00000094   Code   RO         1045    .text               c_w.l(_printf_hex_int_ll_ptr.o)
    0x080008c4   0x080008c4   0x00000188   Code   RO         1065    .text               c_w.l(__printf_flags_ss_wp.o)
    0x08000a4c   0x08000a4c   0x0000008a   Code   RO         1177    .text               c_w.l(lludiv10.o)
    0x08000ad6   0x08000ad6   0x000000b2   Code   RO         1179    .text               c_w.l(_printf_intcommon.o)
    0x08000b88   0x08000b88   0x0000041c   Code   RO         1181    .text               c_w.l(_printf_fp_dec.o)
    0x08000fa4   0x08000fa4   0x000002fc   Code   RO         1185    .text               c_w.l(_printf_fp_hex.o)
    0x080012a0   0x080012a0   0x00000030   Code   RO         1188    .text               c_w.l(_printf_char_common.o)
    0x080012d0   0x080012d0   0x0000002c   Code   RO         1190    .text               c_w.l(_printf_char.o)
    0x080012fc   0x080012fc   0x0000002c   Code   RO         1192    .text               c_w.l(_printf_wchar.o)
    0x08001328   0x08001328   0x00000008   Code   RO         1195    .text               c_w.l(ferror.o)
    0x08001330   0x08001330   0x00000138   Code   RO         1201    .text               c_w.l(initio.o)
    0x08001468   0x08001468   0x00000048   Code   RO         1209    .text               c_w.l(_c16rtomb.o)
    0x080014b0   0x080014b0   0x00000016   Code   RO         1211    .text               c_w.l(abort.o)
    0x080014c6   0x080014c6   0x00000002   PAD
    0x080014c8   0x080014c8   0x0000000c   Code   RO         1217    .text               c_w.l(sys_exit.o)
    0x080014d4   0x080014d4   0x0000004a   Code   RO         1223    .text               c_w.l(sys_stackheap_outer.o)
    0x0800151e   0x0800151e   0x00000002   PAD
    0x08001520   0x08001520   0x00000010   Code   RO         1225    .text               c_w.l(rt_ctype_table.o)
    0x08001530   0x08001530   0x00000008   Code   RO         1230    .text               c_w.l(rt_locale_intlibspace.o)
    0x08001538   0x08001538   0x0000004e   Code   RO         1234    .text               c_w.l(h1_free.o)
    0x08001586   0x08001586   0x00000002   PAD
    0x08001588   0x08001588   0x00000080   Code   RO         1288    .text               c_w.l(_printf_fp_infnan.o)
    0x08001608   0x08001608   0x000000e4   Code   RO         1292    .text               c_w.l(bigflt0.o)
    0x080016ec   0x080016ec   0x000001e2   Code   RO         1319    .text               c_w.l(flsbuf.o)
    0x080018ce   0x080018ce   0x00000046   Code   RO         1321    .text               c_w.l(setvbuf.o)
    0x08001914   0x08001914   0x000000f0   Code   RO         1324    .text               c_w.l(fopen.o)
    0x08001a04   0x08001a04   0x0000004c   Code   RO         1326    .text               c_w.l(fclose.o)
    0x08001a50   0x08001a50   0x00000012   Code   RO         1335    .text               c_w.l(exit.o)
    0x08001a62   0x08001a62   0x0000000e   Code   RO         1337    .text               c_w.l(defsig_abrt_outer.o)
    0x08001a70   0x08001a70   0x0000000e   Code   RO         1345    .text               c_w.l(defsig_rtred_outer.o)
    0x08001a7e   0x08001a7e   0x0000004e   Code   RO         1349    .text               c_w.l(rt_memclr_w.o)
    0x08001acc   0x08001acc   0x00000008   Code   RO         1388    .text               c_w.l(libspace.o)
    0x08001ad4   0x08001ad4   0x00000002   Code   RO         1391    .text               c_w.l(use_no_semi.o)
    0x08001ad6   0x08001ad6   0x00000000   Code   RO         1393    .text               c_w.l(indicate_semi.o)
    0x08001ad6   0x08001ad6   0x00000002   PAD
    0x08001ad8   0x08001ad8   0x00000008   Code   RO         1401    .text               c_w.l(rt_heap_descriptor_intlibspace.o)
    0x08001ae0   0x08001ae0   0x00000004   Code   RO         1403    .text               c_w.l(hguard.o)
    0x08001ae4   0x08001ae4   0x0000008a   Code   RO         1407    .text               c_w.l(init_alloc.o)
    0x08001b6e   0x08001b6e   0x0000005e   Code   RO         1413    .text               c_w.l(h1_alloc.o)
    0x08001bcc   0x08001bcc   0x000000f8   Code   RO         1429    .text               c_w.l(fseek.o)
    0x08001cc4   0x08001cc4   0x00000108   Code   RO         1431    .text               c_w.l(stdio.o)
    0x08001dcc   0x08001dcc   0x0000000a   Code   RO         1440    .text               c_w.l(defsig_exit.o)
    0x08001dd6   0x08001dd6   0x00000002   PAD
    0x08001dd8   0x08001dd8   0x00000030   Code   RO         1442    .text               c_w.l(defsig_abrt_inner.o)
    0x08001e08   0x08001e08   0x00000034   Code   RO         1446    .text               c_w.l(defsig_rtred_inner.o)
    0x08001e3c   0x08001e3c   0x0000000e   Code   RO         1448    .text               c_w.l(defsig_rtmem_outer.o)
    0x08001e4a   0x08001e4a   0x00000000   Code   RO         1463    .text               c_w.l(maybetermalloc1.o)
    0x08001e4a   0x08001e4a   0x0000000e   Code   RO         1465    .text               c_w.l(h1_init.o)
    0x08001e58   0x08001e58   0x00000034   Code   RO         1467    .text               c_w.l(h1_extend.o)
    0x08001e8c   0x08001e8c   0x00000042   Code   RO         1479    .text               c_w.l(ftell.o)
    0x08001ece   0x08001ece   0x00000032   Code   RO         1487    .text               c_w.l(defsig_general.o)
    0x08001f00   0x08001f00   0x00000050   Code   RO         1489    .text               c_w.l(defsig_rtmem_inner.o)
    0x08001f50   0x08001f50   0x00000008   Code   RO         1501    .text               c_w.l(rt_errno_addr_intlibspace.o)
    0x08001f58   0x08001f58   0x00000362   Code   RO          796    .text.HAL_GPIO_Init  stm32f4xx_hal_gpio.o
    0x080022ba   0x080022ba   0x00000002   PAD
    0x080022bc   0x080022bc   0x00000026   Code   RO          804    .text.HAL_GPIO_TogglePin  stm32f4xx_hal_gpio.o
    0x080022e2   0x080022e2   0x00000002   PAD
    0x080022e4   0x080022e4   0x00000024   Code   RO          152    .text.INIT          segger_rtt.o
    0x08002308   0x08002308   0x000000a8   Code   RO          182    .text.SEGGER_RTT_PutChar  segger_rtt.o
    0x080023b0   0x080023b0   0x00000020   Code   RO           75    .text.SysTick_Handler  bsp.o
    0x080023d0   0x080023d0   0x00000002   Code   RO          950    .text.SystemInit    system_stm32f4xx.o
    0x080023d2   0x080023d2   0x00000002   PAD
    0x080023d4   0x080023d4   0x000000be   Code   RO          212    .text._DoInit       segger_rtt.o
    0x08002492   0x08002492   0x00000002   PAD
    0x08002494   0x08002494   0x00000008   Code   RO           79    .text._GLOBAL__sub_I_bsp.cpp  bsp.o
    0x0800249c   0x0800249c   0x00000052   Code   RO           55    .text._ZL14SysTick_Configj  bsp.o
    0x080024ee   0x080024ee   0x00000002   PAD
    0x080024f0   0x080024f0   0x00000042   Code   RO           77    .text._ZL18__NVIC_SetPriority9IRQn_Typej  bsp.o
    0x08002532   0x08002532   0x00000002   PAD
    0x08002534   0x08002534   0x0000004a   Code   RO           37    .text._ZN2os4taskILj104ELNS_8priorityE4EEC2EPKc  main.o
    0x0800257e   0x0800257e   0x00000002   PAD
    0x08002580   0x08002580   0x0000004a   Code   RO           33    .text._ZN2os4taskILj192ELNS_8priorityE2EEC2EPKc  main.o
    0x080025ca   0x080025ca   0x00000002   PAD
    0x080025cc   0x080025cc   0x00000008   Code   RO           45    .text._ZN2os6kernelI6kernelE4tickEv  main.o
    0x080025d4   0x080025d4   0x0000002e   Code   RO           39    .text._ZN2os6kernelI6kernelEC2EPjj  main.o
    0x08002602   0x08002602   0x00000002   PAD
    0x08002604   0x08002604   0x00000012   Code   RO          102    .text._ZN2os9task_base10task_forceEPv  os.o
    0x08002616   0x08002616   0x00000002   PAD
    0x08002618   0x08002618   0x00000012   Code   RO           96    .text._ZN2os9task_base5sleepEj  os.o
    0x0800262a   0x0800262a   0x00000002   PAD
    0x0800262c   0x0800262c   0x00000016   Code   RO           35    .text._ZN2os9task_baseC2Ev  main.o
    0x08002642   0x08002642   0x00000002   PAD
    0x08002644   0x08002644   0x0000001a   Code   RO           73    .text._ZN3bsp3led6toggleEv  bsp.o
    0x0800265e   0x0800265e   0x00000002   PAD
    0x08002660   0x08002660   0x00000068   Code   RO           65    .text._ZN3bsp3ledC2Ev  bsp.o
    0x080026c8   0x080026c8   0x00000004   Code   RO           61    .text._ZN3csp4haltEv  bsp.o
    0x080026cc   0x080026cc   0x00000056   Code   RO           59    .text._ZN3csp4tick4initEjPFvvE  bsp.o
    0x08002722   0x08002722   0x00000002   PAD
    0x08002724   0x08002724   0x00000038   Code   RO           53    .text._ZN3csp4tickC2EjPFvvE  bsp.o
    0x0800275c   0x0800275c   0x0000000e   Code   RO            4    .text._ZN4idle9task_funcEv  main.o
    0x0800276a   0x0800276a   0x00000002   PAD
    0x0800276c   0x0800276c   0x00000024   Code   RO           29    .text._ZN4idleCI2N2os4taskILj104ELNS0_8priorityE4EEEEPKc  main.o
    0x08002790   0x08002790   0x00000024   Code   RO            6    .text._ZN4task9task_funcEv  main.o
    0x080027b4   0x080027b4   0x00000024   Code   RO           27    .text._ZN4taskCI2N2os4taskILj192ELNS0_8priorityE2EEEEPKc  main.o
    0x080027d8   0x080027d8   0x00000012   Code   RO           41    .text._ZN6kernel7hw_initEv  main.o
    0x080027ea   0x080027ea   0x00000002   PAD
    0x080027ec   0x080027ec   0x00000002   Code   RO           43    .text._ZN6kernel7sw_initEv  main.o
    0x080027ee   0x080027ee   0x00000002   PAD
    0x080027f0   0x080027f0   0x0000001c   Code   RO           31    .text._ZN6kernelCI2N2os6kernelIS_EEEPjj  main.o
    0x0800280c   0x0800280c   0x00000028   Code   RO          992    .text.__cxa_pure_virtual  libcppabi_w.l(cxa_virtual.cpp.o)
    0x08002834   0x08002834   0x00000020   Code   RO           51    .text.__cxx_global_var_init  bsp.o
    0x08002854   0x08002854   0x00000002   Code   RO          452    .text._build_cfg_check  tn_sys.o
    0x08002856   0x08002856   0x00000002   PAD
    0x08002858   0x08002858   0x0000003c   Code   RO          408    .text._cry_deadlock_inactive  tn_mutex.o
    0x08002894   0x08002894   0x0000005a   Code   RO          560    .text._find_next_task_to_run  tn_tasks.o
    0x080028ee   0x080028ee   0x00000002   PAD
    0x080028f0   0x080028f0   0x00000152   Code   RO          392    .text._mutex_do_unlock  tn_mutex.o
    0x08002a42   0x08002a42   0x00000002   PAD
    0x08002a44   0x08002a44   0x0000003e   Code   RO          564    .text._on_task_wait_complete  tn_tasks.o
    0x08002a82   0x08002a82   0x00000002   PAD
    0x08002a84   0x08002a84   0x0000004a   Code   RO          636    .text._sys_close    retarget_io.o
    0x08002ace   0x08002ace   0x00000002   PAD
    0x08002ad0   0x08002ad0   0x00000048   Code   RO          648    .text._sys_flen     retarget_io.o
    0x08002b18   0x08002b18   0x00000048   Code   RO          644    .text._sys_istty    retarget_io.o
    0x08002b60   0x08002b60   0x00000084   Code   RO          634    .text._sys_open     retarget_io.o
    0x08002be4   0x08002be4   0x00000052   Code   RO          646    .text._sys_seek     retarget_io.o
    0x08002c36   0x08002c36   0x00000002   PAD
    0x08002c38   0x08002c38   0x00000098   Code   RO          638    .text._sys_write    retarget_io.o
    0x08002cd0   0x08002cd0   0x00000024   Code   RO          544    .text._task_terminate  tn_tasks.o
    0x08002cf4   0x08002cf4   0x00000068   Code   RO          504    .text._task_wait_timeout  tn_tasks.o
    0x08002d5c   0x08002d5c   0x00000104   Code   RO          242    .text._tn_arch_stack_init  tn_arch_cortex_m_c.o
    0x08002e60   0x08002e60   0x000000a4   Code   RO          570    .text._tn_change_running_task_priority  tn_tasks.o
    0x08002f04   0x08002f04   0x0000002e   Code   RO          556    .text._tn_change_task_priority  tn_tasks.o
    0x08002f32   0x08002f32   0x00000002   PAD
    0x08002f34   0x08002f34   0x0000007a   Code   RO          478    .text._tn_cry_deadlock  tn_sys.o
    0x08002fae   0x08002fae   0x00000002   PAD
    0x08002fb0   0x08002fb0   0x00000024   Code   RO          371    .text._tn_list_add_tail  tn_list.o
    0x08002fd4   0x08002fd4   0x0000002c   Code   RO          367    .text._tn_list_is_empty  tn_list.o
    0x08003000   0x08003000   0x00000028   Code   RO          363    .text._tn_list_is_initialized  tn_list.o
    0x08003028   0x08003028   0x00000018   Code   RO          377    .text._tn_list_remove_entry  tn_list.o
    0x08003040   0x08003040   0x00000038   Code   RO          373    .text._tn_list_remove_head  tn_list.o
    0x08003078   0x08003078   0x00000010   Code   RO          365    .text._tn_list_reset  tn_list.o
    0x08003088   0x08003088   0x00000030   Code   RO          402    .text._tn_mutex_i_on_task_wait_complete  tn_mutex.o
    0x080030b8   0x080030b8   0x0000002a   Code   RO          406    .text._tn_mutex_on_task_wait_complete  tn_mutex.o
    0x080030e2   0x080030e2   0x00000002   PAD
    0x080030e4   0x080030e4   0x00000040   Code   RO          400    .text._tn_mutex_unlock_all_by_task  tn_mutex.o
    0x08003124   0x08003124   0x000000fe   Code   RO          480    .text._tn_sys_on_context_switch  tn_sys.o
    0x08003222   0x08003222   0x00000002   PAD
    0x08003224   0x08003224   0x00000026   Code   RO          476    .text._tn_sys_state_flags_clear  tn_sys.o
    0x0800324a   0x0800324a   0x00000002   PAD
    0x0800324c   0x0800324c   0x00000026   Code   RO          474    .text._tn_sys_state_flags_set  tn_sys.o
    0x08003272   0x08003272   0x00000002   PAD
    0x08003274   0x08003274   0x00000040   Code   RO          508    .text._tn_task_activate  tn_tasks.o
    0x080032b4   0x080032b4   0x00000056   Code   RO          566    .text._tn_task_clear_dormant  tn_tasks.o
    0x0800330a   0x0800330a   0x00000002   PAD
    0x0800330c   0x0800330c   0x000000f4   Code   RO          514    .text._tn_task_clear_runnable  tn_tasks.o
    0x08003400   0x08003400   0x0000009e   Code   RO          548    .text._tn_task_clear_waiting  tn_tasks.o
    0x0800349e   0x0800349e   0x00000002   PAD
    0x080034a0   0x080034a0   0x0000000a   Code   RO          574    .text._tn_task_exit_nodelete  tn_tasks.o
    0x080034aa   0x080034aa   0x00000002   PAD
    0x080034ac   0x080034ac   0x00000056   Code   RO          506    .text._tn_task_set_dormant  tn_tasks.o
    0x08003502   0x08003502   0x00000002   PAD
    0x08003504   0x08003504   0x000000ae   Code   RO          522    .text._tn_task_set_runnable  tn_tasks.o
    0x080035b2   0x080035b2   0x00000002   PAD
    0x080035b4   0x080035b4   0x0000008c   Code   RO          562    .text._tn_task_set_waiting  tn_tasks.o
    0x08003640   0x08003640   0x0000000c   Code   RO          576    .text._tn_task_stack_end_get  tn_tasks.o
    0x0800364c   0x0800364c   0x00000042   Code   RO          618    .text._tn_timer_cancel  tn_timer_static.o
    0x0800368e   0x0800368e   0x00000002   PAD
    0x08003690   0x08003690   0x00000046   Code   RO          588    .text._tn_timer_create  tn_timer.o
    0x080036d6   0x080036d6   0x00000002   PAD
    0x080036d8   0x080036d8   0x00000024   Code   RO          602    .text._tn_timer_is_active  tn_timer.o
    0x080036fc   0x080036fc   0x00000032   Code   RO          598    .text._tn_timer_set_func  tn_timer.o
    0x0800372e   0x0800372e   0x00000002   PAD
    0x08003730   0x08003730   0x000000ac   Code   RO          620    .text._tn_timer_start  tn_timer_static.o
    0x080037dc   0x080037dc   0x0000004c   Code   RO          614    .text._tn_timers_init  tn_timer_static.o
    0x08003828   0x08003828   0x00000132   Code   RO          616    .text._tn_timers_tick_proceed  tn_timer_static.o
    0x0800395a   0x0800395a   0x00000002   PAD
    0x0800395c   0x0800395c   0x00000010   Code   RO          642    .text._ttywrch      retarget_io.o
    0x0800396c   0x0800396c   0x00000074   Code   RO          416    .text._unlink_deadlock_lists  tn_mutex.o
    0x080039e0   0x080039e0   0x0000006a   Code   RO          404    .text._update_holders_priority_recursive  tn_mutex.o
    0x08003a4a   0x08003a4a   0x00000002   PAD
    0x08003a4c   0x08003a4c   0x000000ce   Code   RO          410    .text._update_task_priority  tn_mutex.o
    0x08003b1a   0x08003b1a   0x00000004   Code   RO         1157    .text.abort_message  libcppabi_w.l(abort_message.cpp.o)
    0x08003b1e   0x08003b1e   0x00000002   PAD
    0x08003b20   0x08003b20   0x000000fa   Code   RO            8    .text.main          main.o
    0x08003c1a   0x08003c1a   0x00000002   PAD
    0x08003c1c   0x08003c1c   0x00000010   Code   RO          139    .text.stderr_putchar  rtt_io.o
    0x08003c2c   0x08003c2c   0x00000010   Code   RO          137    .text.stdout_putchar  rtt_io.o
    0x08003c3c   0x08003c3c   0x00000038   Code   RO          466    .text.tn_sys_context_get  tn_sys.o
    0x08003c74   0x08003c74   0x000000fc   Code   RO          450    .text.tn_sys_start  tn_sys.o
    0x08003d70   0x08003d70   0x00000208   Code   RO          502    .text.tn_task_create  tn_tasks.o
    0x08003f78   0x08003f78   0x00000050   Code   RO          510    .text.tn_task_create_wname  tn_tasks.o
    0x08003fc8   0x08003fc8   0x00000088   Code   RO          542    .text.tn_task_exit  tn_tasks.o
    0x08004050   0x08004050   0x000000b0   Code   RO          524    .text.tn_task_sleep  tn_tasks.o
    0x08004100   0x08004100   0x0000019e   Code   RO          454    .text.tn_tick_int_processing  tn_sys.o
    0x0800429e   0x0800429e   0x00000002   PAD
    0x080042a0   0x080042a0   0x00000010   Code   RO          135    .text.ttywrch       rtt_io.o
    0x080042b0   0x080042b0   0x00000060   Code   RO          984    .text.unlikely.__cxa_guard_acquire  libcppabi_w.l(cxa_guard.cpp.o)
    0x08004310   0x08004310   0x00000008   Code   RO          986    .text.unlikely.__cxa_guard_release  libcppabi_w.l(cxa_guard.cpp.o)
    0x08004318   0x08004318   0x0000001e   Code   RO          131    .text.usr_put_char  rtt_io.o
    0x08004336   0x08004336   0x0000003e   Code   RO         1295    CL$$btod_d2e        c_w.l(btod.o)
    0x08004374   0x08004374   0x00000046   Code   RO         1297    CL$$btod_d2e_denorm_low  c_w.l(btod.o)
    0x080043ba   0x080043ba   0x00000060   Code   RO         1296    CL$$btod_d2e_norm_op1  c_w.l(btod.o)
    0x0800441a   0x0800441a   0x00000002   PAD
    0x0800441c   0x0800441c   0x00000338   Code   RO         1305    CL$$btod_div_common  c_w.l(btod.o)
    0x08004754   0x08004754   0x000000dc   Code   RO         1302    CL$$btod_e2e        c_w.l(btod.o)
    0x08004830   0x08004830   0x0000002a   Code   RO         1299    CL$$btod_ediv       c_w.l(btod.o)
    0x0800485a   0x0800485a   0x0000002a   Code   RO         1298    CL$$btod_emul       c_w.l(btod.o)
    0x08004884   0x08004884   0x00000244   Code   RO         1304    CL$$btod_mult_common  c_w.l(btod.o)
    0x08004ac8   0x08004ac8   0x00000028   Code   RO         1382    i.__ARM_fpclassify  m_ws.l(fpclassify.o)
    0x08004af0   0x08004af0   0x0000000e   Code   RO         1058    i._is_digit         c_w.l(__printf_wp.o)
    0x08004afe   0x08004afe   0x0000001c   Code   RO         1198    i.fputc             c_w.l(fputc.o)
    0x08004b1a   0x08004b1a   0x00000002   PAD
    0x08004b1c   0x08004b1c   0x0000002c   Code   RO         1333    locale$$code        c_w.l(lc_numeric_c.o)
    0x08004b48   0x08004b48   0x0000002c   Code   RO         1438    locale$$code        c_w.l(lc_ctype_c.o)
    0x08004b74   0x08004b74   0x00000004   Code   RO         1148    x$fpl$printf1       fz_ws.l(printf1.o)
    0x08004b78   0x08004b78   0x00000004   Code   RO         1150    x$fpl$printf2       fz_ws.l(printf2.o)
    0x08004b7c   0x08004b7c   0x00000000   Code   RO         1381    x$fpl$usenofp       fz_ws.l(usenofp.o)
    0x08004b7c   0x08004b7c   0x00000008   Data   RO         1017    .constdata          c_w.l(_printf_wctomb.o)
    0x08004b84   0x08004b84   0x00000028   Data   RO         1046    .constdata          c_w.l(_printf_hex_int_ll_ptr.o)
    0x08004bac   0x08004bac   0x00000011   Data   RO         1066    .constdata          c_w.l(__printf_flags_ss_wp.o)
    0x08004bbd   0x08004bbd   0x00000026   Data   RO         1186    .constdata          c_w.l(_printf_fp_hex.o)
    0x08004be3   0x08004be3   0x00000001   PAD
    0x08004be4   0x08004be4   0x00000094   Data   RO         1293    .constdata          c_w.l(bigflt0.o)
    0x08004c78   0x08004c78   0x00000014   Data   RO           87    .rodata..L__const.led.GPIO_InitStruct  bsp.o
    0x08004c8c   0x08004c8c   0x00000011   Data   RO          227    .rodata._DoInit._aInitStr  segger_rtt.o
    0x08004c9d   0x08004c9d   0x00000003   PAD
    0x08004ca0   0x08004ca0   0x00000004   Data   RO           82    .rodata._ZN3csp9stack_ptrE  bsp.o
    0x08004ca4   0x08004ca4   0x0000000c   Data   RO           17    .rodata._ZTV4idle   main.o
    0x08004cb0   0x08004cb0   0x0000000c   Data   RO           18    .rodata._ZTV4task   main.o
    0x08004cbc   0x08004cbc   0x0000000c   Data   RO           49    .rodata._ZTVN2os4taskILj104ELNS_8priorityE4EEE  main.o
    0x08004cc8   0x08004cc8   0x0000000c   Data   RO           47    .rodata._ZTVN2os4taskILj192ELNS_8priorityE2EEE  main.o
    0x08004cd4   0x08004cd4   0x0000000c   Data   RO           48    .rodata._ZTVN2os9task_baseE  main.o
    0x08004ce0   0x08004ce0   0x00000008   Data   RO          652    .rodata.__stderr_name  retarget_io.o
    0x08004ce8   0x08004ce8   0x00000007   Data   RO          650    .rodata.__stdin_name  retarget_io.o
    0x08004cef   0x08004cef   0x00000008   Data   RO          651    .rodata.__stdout_name  retarget_io.o
    0x08004cf7   0x08004cf7   0x00000001   PAD
    0x08004cf8   0x08004cf8   0x000000a0   Data   RO          578    .rodata._tn_scvd_task  tn_tasks.o
    0x08004d98   0x08004d98   0x0000005b   Data   RO           10    .rodata.str1.1      main.o
    0x08004df3   0x08004df3   0x00000009   Data   RO          228    .rodata.str1.1      segger_rtt.o
    0x08004dfc   0x08004dfc   0x00000017   Data   RO          653    .rodata.str1.1      retarget_io.o
    0x08004e13   0x08004e13   0x00000001   PAD
    0x08004e14   0x08004e14   0x00000020   Data   RO         1525    Region$$Table       anon$$obj.o
    0x08004e34   0x08004e34   0x0000001c   Data   RO         1332    locale$$data        c_w.l(lc_numeric_c.o)
    0x08004e50   0x08004e50   0x00000110   Data   RO         1437    locale$$data        c_w.l(lc_ctype_c.o)
    0x08004f60   0x08004f60   0x00000004   Data   RO           88    .init_array         bsp.o
    0x08004f64   0x08004f60   0x00000000   Data   RO          978    .init_array         c_w.l(init_aeabi.o)


    Execution Region RW_BEGIN (Exec base: 0x20000000, Load base: 0x08004f64, Size: 0x00000000, Max: 0x00000000, ABSOLUTE)

    Exec Addr    Load Addr    Size         Type   Attr      Idx    E Section Name        Object

    0x20000000        -       0x00000000   Zero   RW            1    RW_BEGIN.bss        anon$$obj.o


    Execution Region RW_STACK (Exec base: 0x20000000, Load base: 0x08004f64, Size: 0x00000200, Max: 0xffffffff, ABSOLUTE, UNINIT)

    Exec Addr    Load Addr    Size         Type   Attr      Idx    E Section Name        Object

    0x20000000        -       0x00000200   Zero   RW          942    STACK               startup_stm32f411xe.o


    Execution Region RW_HEAP (Exec base: 0x20000200, Load base: 0x08004f64, Size: 0x00000200, Max: 0xffffffff, ABSOLUTE, UNINIT)

    Exec Addr    Load Addr    Size         Type   Attr      Idx    E Section Name        Object

    0x20000200        -       0x00000200   Zero   RW          943    HEAP                startup_stm32f411xe.o


    Execution Region RW_IRAM1 (Exec base: 0x20000400, Load base: 0x08004f68, Size: 0x0000054c, Max: 0xffffffff, ABSOLUTE)

    Exec Addr    Load Addr    Size         Type   Attr      Idx    E Section Name        Object

    0x20000400   0x08004f68   0x00000004   Data   RW         1094    .data               c_w.l(stdio_streams.o)
    0x20000404   0x08004f6c   0x00000004   Data   RW         1095    .data               c_w.l(stdio_streams.o)
    0x20000408   0x08004f70   0x00000004   Data   RW         1096    .data               c_w.l(stdio_streams.o)
    0x2000040c   0x08004f74   0x00000004   Data   RW           81    .data._ZGRN3csp9stack_ptrE_  bsp.o
    0x20000410        -       0x00000054   Zero   RW         1091    .bss                c_w.l(stdio_streams.o)
    0x20000464        -       0x00000054   Zero   RW         1092    .bss                c_w.l(stdio_streams.o)
    0x200004b8        -       0x00000054   Zero   RW         1093    .bss                c_w.l(stdio_streams.o)
    0x2000050c        -       0x00000060   Zero   RW         1389    .bss                c_w.l(libspace.o)
    0x2000056c        -       0x00000048   Zero   RW          224    .bss._SEGGER_RTT    segger_rtt.o
    0x200005b4        -       0x00000004   Zero   RW           16    .bss._ZGVZ4mainE4krnl  main.o
    0x200005b8        -       0x00000004   Zero   RW           14    .bss._ZGVZ4mainE8idle_obj  main.o
    0x200005bc        -       0x00000004   Zero   RW           12    .bss._ZGVZ4mainE8task_obj  main.o
    0x200005c0        -       0x00000004   Zero   RW           86    .bss._ZGVZN3csp4tick4initEjPFvvEE8instance  bsp.o
    0x200005c4        -       0x00000004   Zero   RW           83    .bss._ZN3csp10stack_sizeE  bsp.o
    0x200005c8        -       0x00000004   Zero   RW           84    .bss._ZN3csp4tick6handleE  bsp.o
    0x200005cc        -       0x00000001   Zero   RW           15    .bss._ZZ4mainE4krnl  main.o
    0x200005cd   0x08004f78   0x00000003   PAD
    0x200005d0        -       0x00000110   Zero   RW           13    .bss._ZZ4mainE8idle_obj  main.o
    0x200006e0        -       0x00000168   Zero   RW           11    .bss._ZZ4mainE8task_obj  main.o
    0x20000848        -       0x00000001   Zero   RW           85    .bss._ZZN3csp4tick4initEjPFvvEE8instance  bsp.o
    0x20000849        -       0x00000010   Zero   RW          230    .bss._acDownBuffer  segger_rtt.o
    0x20000859        -       0x00000040   Zero   RW          229    .bss._acUpBuffer    segger_rtt.o
    0x20000899   0x08004f78   0x00000003   PAD
    0x2000089c        -       0x00000004   Zero   RW          490    .bss._tn_cb_deadlock  tn_sys.o
    0x200008a0        -       0x00000004   Zero   RW          491    .bss._tn_cb_stack_overflow  tn_sys.o
    0x200008a4        -       0x00000004   Zero   RW          489    .bss._tn_curr_run_task  tn_sys.o
    0x200008a8        -       0x00000004   Zero   RW          492    .bss._tn_deadlocks_cnt  tn_sys.o
    0x200008ac        -       0x00000004   Zero   RW          482    .bss._tn_int_stack  tn_sys.o
    0x200008b0        -       0x00000004   Zero   RW          483    .bss._tn_int_stack_size  tn_sys.o
    0x200008b4        -       0x00000004   Zero   RW          488    .bss._tn_next_task_to_run  tn_sys.o
    0x200008b8        -       0x00000004   Zero   RW          494    .bss._tn_ready_to_run_bmp  tn_sys.o
    0x200008bc        -       0x00000001   Zero   RW          487    .bss._tn_sys_state  tn_sys.o
    0x200008bd   0x08004f78   0x00000003   PAD
    0x200008c0        -       0x00000004   Zero   RW          624    .bss._tn_sys_time_count  tn_timer_static.o
    0x200008c4        -       0x00000004   Zero   RW          493    .bss._tn_tasks_created_cnt  tn_sys.o
    0x200008c8        -       0x00000008   Zero   RW          486    .bss._tn_tasks_created_list  tn_sys.o
    0x200008d0        -       0x00000028   Zero   RW          484    .bss._tn_tasks_ready_list  tn_sys.o
    0x200008f8        -       0x00000008   Zero   RW          625    .bss._tn_timer_list__gen  tn_timer_static.o
    0x20000900        -       0x00000040   Zero   RW          626    .bss._tn_timer_list__tick  tn_timer_static.o
    0x20000940        -       0x0000000a   Zero   RW          485    .bss._tn_tslice_ticks  tn_sys.o


    Execution Region RW_END (Exec base: 0x20020000, Load base: 0x08004f78, Size: 0x00000000, Max: 0x00000000, ABSOLUTE)

    Exec Addr    Load Addr    Size         Type   Attr      Idx    E Section Name        Object

    0x20020000        -       0x00000000   Zero   RW            2    RW_END.bss          anon$$obj.o


==============================================================================

Image component sizes


      Code (inc. data)   RO Data    RW Data    ZI Data      Debug   Object Name

       496          0         28          4         13       8452   bsp.o
       644          0        151          0        645      14911   main.o
        36          0          0          0          0       4976   os.o
       600          0         46          0          0       2589   retarget_io.o
        78          0          0          0          0       8395   rtt_io.o
       394          0         26          0        152      13072   segger_rtt.o
        84         30        408          0       1024        804   startup_stm32f411xe.o
       904          0          0          0          0       5264   stm32f4xx_hal_gpio.o
         2          0          0          0          0       2123   system_stm32f4xx.o
       240         20          0          0          0        428   tn_arch_cortex_m.o
       260          0          0          0          0        921   tn_arch_cortex_m_c.o
       216          0          0          0          0       1925   tn_list.o
       980          0          0          0          0      11328   tn_mutex.o
      1176          0          0          0         95       8713   tn_sys.o
      2388          0        160          0          0      19219   tn_tasks.o
       156          0          0          0          0       4728   tn_timer.o
       620          0          0          0         76       3345   tn_timer_static.o

    ----------------------------------------------------------------------
      9356         50        856          4       2016     111193   Object Totals
         0          0         32          0          0          0   (incl. Generated)
        82          0          5          0         11          0   (incl. Padding)

    ----------------------------------------------------------------------

      Code (inc. data)   RO Data    RW Data    ZI Data      Debug   Library Member Name

         8          0          0          0          0         68   __main.o
       392          4         17          0          0         92   __printf_flags_ss_wp.o
        14          0          0          0          0         68   __printf_wp.o
         0          0          0          0          0          0   __rtentry.o
        12          0          0          0          0          0   __rtentry2.o
         6          0          0          0          0          0   __rtentry4.o
        52          8          0          0          0          0   __scatter.o
        26          0          0          0          0          0   __scatter_copy.o
        28          0          0          0          0          0   __scatter_zi.o
        72          0          0          0          0         96   _c16rtomb.o
         6          0          0          0          0          0   _printf_a.o
         6          0          0          0          0          0   _printf_c.o
        44          0          0          0          0        108   _printf_char.o
        48          6          0          0          0         96   _printf_char_common.o
        36          4          0          0          0         80   _printf_char_file.o
        40          0          0          0          0         68   _printf_charcount.o
         6          0          0          0          0          0   _printf_d.o
       120         16          0          0          0         92   _printf_dec.o
         6          0          0          0          0          0   _printf_e.o
         6          0          0          0          0          0   _printf_f.o
      1052          0          0          0          0        148   _printf_fp_dec.o
       764          8         38          0          0        100   _printf_fp_hex.o
       128         16          0          0          0         84   _printf_fp_infnan.o
         6          0          0          0          0          0   _printf_g.o
       148          4         40          0          0        160   _printf_hex_int_ll_ptr.o
         6          0          0          0          0          0   _printf_i.o
       178          0          0          0          0         88   _printf_intcommon.o
        10          0          0          0          0          0   _printf_l.o
         6          0          0          0          0          0   _printf_lc.o
        10          0          0          0          0          0   _printf_ll.o
         6          0          0          0          0          0   _printf_lld.o
         6          0          0          0          0          0   _printf_lli.o
         6          0          0          0          0          0   _printf_llo.o
         6          0          0          0          0          0   _printf_llu.o
         6          0          0          0          0          0   _printf_llx.o
       124         16          0          0          0         92   _printf_longlong_dec.o
         6          0          0          0          0          0   _printf_ls.o
         6          0          0          0          0          0   _printf_n.o
         6          0          0          0          0          0   _printf_o.o
       112          8          0          0          0        124   _printf_oct_int_ll.o
         6          0          0          0          0          0   _printf_p.o
        78          0          0          0          0        108   _printf_pad.o
         0          0          0          0          0          0   _printf_percent.o
         4          0          0          0          0          0   _printf_percent_end.o
         6          0          0          0          0          0   _printf_s.o
        82          0          0          0          0         80   _printf_str.o
        36          0          0          0          0         84   _printf_truncate.o
         6          0          0          0          0          0   _printf_u.o
        44          0          0          0          0        108   _printf_wchar.o
       188          6          8          0          0         92   _printf_wctomb.o
         6          0          0          0          0          0   _printf_x.o
        22          0          0          0          0         80   abort.o
       228          4        148          0          0         96   bigflt0.o
      1936        128          0          0          0        668   btod.o
        48         34          0          0          0         76   defsig_abrt_inner.o
        14          0          0          0          0         80   defsig_abrt_outer.o
        10          0          0          0          0         68   defsig_exit.o
        50          0          0          0          0         88   defsig_general.o
        80         58          0          0          0         76   defsig_rtmem_inner.o
        14          0          0          0          0         80   defsig_rtmem_outer.o
        52         38          0          0          0         76   defsig_rtred_inner.o
        14          0          0          0          0         80   defsig_rtred_outer.o
        18          0          0          0          0         80   exit.o
        76          0          0          0          0         88   fclose.o
         8          0          0          0          0         68   ferror.o
       482          0          0          0          0         92   flsbuf.o
       240          6          0          0          0        128   fopen.o
        28          0          0          0          0         68   fputc.o
       248          6          0          0          0         84   fseek.o
        66          0          0          0          0         76   ftell.o
        94          0          0          0          0         80   h1_alloc.o
        52          0          0          0          0         68   h1_extend.o
        78          0          0          0          0         80   h1_free.o
        14          0          0          0          0         84   h1_init.o
         6          0          0          0          0        152   heapauxi.o
         4          0          0          0          0        136   hguard.o
         0          0          0          0          0          0   indicate_semi.o
        36          8          0          0          0         80   init_aeabi.o
       138          0          0          0          0        168   init_alloc.o
       312         46          0          0          0        112   initio.o
        44         10        272          0          0         76   lc_ctype_c.o
        44         10         28          0          0         76   lc_numeric_c.o
         2          0          0          0          0          0   libinit.o
        46          0          0          0          0          0   libinit2.o
         2          0          0          0          0          0   libshutdown.o
         6          0          0          0          0          0   libshutdown2.o
         8          4          0          0         96         68   libspace.o
       138          0          0          0          0         80   lludiv10.o
         0          0          0          0          0          0   maybetermalloc1.o
        24          4          0          0          0         84   printf.o
        16          4          0          0          0         76   rt_ctype_table.o
         8          4          0          0          0         68   rt_errno_addr_intlibspace.o
         8          4          0          0          0         68   rt_heap_descriptor_intlibspace.o
         8          4          0          0          0         68   rt_locale_intlibspace.o
        78          0          0          0          0         80   rt_memclr_w.o
         2          0          0          0          0          0   rtexit.o
        10          0          0          0          0          0   rtexit2.o
        70          0          0          0          0         80   setvbuf.o
       264          6          0          0          0        160   stdio.o
         0          0          0         12        252          0   stdio_streams.o
       124          0          0          0          0         88   strcmpv7em.o
        12          4          0          0          0         68   sys_exit.o
        74          0          0          0          0         80   sys_stackheap_outer.o
         2          0          0          0          0         68   use_no_semi.o
         4          0          0          0          0         68   printf1.o
         4          0          0          0          0         68   printf2.o
         0          0          0          0          0          0   usenofp.o
         4          0          0          0          0         36   abort_message.cpp.o
       104         56          0          0          0         76   cxa_guard.cpp.o
        40         32          0          0          0         52   cxa_virtual.cpp.o
        40          0          0          0          0         68   fpclassify.o

    ----------------------------------------------------------------------
      9560        570        552         12        348       6804   Library Totals
        30          4          1          0          0          0   (incl. Padding)

    ----------------------------------------------------------------------

      Code (inc. data)   RO Data    RW Data    ZI Data      Debug   Library Name

      9334        478        551         12        348       6436   c_w.l
         8          0          0          0          0        136   fz_ws.l
       148         88          0          0          0        164   libcppabi_w.l
        40          0          0          0          0         68   m_ws.l

    ----------------------------------------------------------------------
      9560        570        552         12        348       6804   Library Totals

    ----------------------------------------------------------------------

==============================================================================


      Code (inc. data)   RO Data    RW Data    ZI Data      Debug   

     18916        620       1408         16       2364     113961   Grand Totals
     18916        620       1408         16       2364     113961   ELF Image Totals
     18916        620       1408         16          0          0   ROM Totals

==============================================================================

    Total RO  Size (Code + RO Data)                20324 (  19.85kB)
    Total RW  Size (RW Data + ZI Data)              2380 (   2.32kB)
    Total ROM Size (Code + RO Data + RW Data)      20340 (  19.86kB)

==============================================================================

